<?xml version="1.0" encoding="ISO-8859-1" ?>
<link_info>
   <banner>TI ARM Linker Unix v18.1.3.LTS</banner>
   <copyright>Copyright (c) 1996-2017 Texas Instruments Incorporated</copyright>
   <link_time>0x5c4e2fa5</link_time>
   <link_errors>0x0</link_errors>
   <output_file>Tiwiimo.out</output_file>
   <entry_point>
      <name>_c_int00_noargs</name>
      <address>0x3309</address>
   </entry_point>
   <input_file_list>
      <input_file id="fl-1">
         <path>./</path>
         <kind>object</kind>
         <file>startup_ccs.obj</file>
         <name>startup_ccs.obj</name>
      </input_file>
      <input_file id="fl-2">
         <path>./</path>
         <kind>object</kind>
         <file>usb_dev_mouse.obj</file>
         <name>usb_dev_mouse.obj</name>
      </input_file>
      <input_file id="fl-3">
         <path>./</path>
         <kind>object</kind>
         <file>usb_mouse_structs.obj</file>
         <name>usb_mouse_structs.obj</name>
      </input_file>
      <input_file id="fl-4">
         <path>./drivers/</path>
         <kind>object</kind>
         <file>buttons.obj</file>
         <name>buttons.obj</name>
      </input_file>
      <input_file id="fl-5">
         <path>./drivers/</path>
         <kind>object</kind>
         <file>pinout.obj</file>
         <name>pinout.obj</name>
      </input_file>
      <input_file id="fl-6">
         <path>./utils/</path>
         <kind>object</kind>
         <file>uartstdio.obj</file>
         <name>uartstdio.obj</name>
      </input_file>
      <input_file id="fl-c">
         <kind>object</kind>
         <file>&lt;internal&gt;</file>
         <name>&lt;internal&gt;</name>
      </input_file>
      <input_file id="fl-c2">
         <path>/home/richard/ti/ccsv8/tools/compiler/ti-cgt-arm_18.1.3.LTS/lib/</path>
         <kind>archive</kind>
         <file>rtsv7M4_T_le_v4SPD16_eabi.lib</file>
         <name>u_divt2.asm.obj</name>
      </input_file>
      <input_file id="fl-c3">
         <path>/home/richard/ti/ccsv8/tools/compiler/ti-cgt-arm_18.1.3.LTS/lib/</path>
         <kind>archive</kind>
         <file>rtsv7M4_T_le_v4SPD16_eabi.lib</file>
         <name>copy_zero_init.c.obj</name>
      </input_file>
      <input_file id="fl-c4">
         <path>/home/richard/ti/ccsv8/tools/compiler/ti-cgt-arm_18.1.3.LTS/lib/</path>
         <kind>archive</kind>
         <file>rtsv7M4_T_le_v4SPD16_eabi.lib</file>
         <name>copy_decompress_none.c.obj</name>
      </input_file>
      <input_file id="fl-c5">
         <path>/home/richard/ti/ccsv8/tools/compiler/ti-cgt-arm_18.1.3.LTS/lib/</path>
         <kind>archive</kind>
         <file>rtsv7M4_T_le_v4SPD16_eabi.lib</file>
         <name>copy_decompress_lzss.c.obj</name>
      </input_file>
      <input_file id="fl-c6">
         <path>/home/richard/ti/ccsv8/tools/compiler/ti-cgt-arm_18.1.3.LTS/lib/</path>
         <kind>archive</kind>
         <file>rtsv7M4_T_le_v4SPD16_eabi.lib</file>
         <name>boot_cortex_m.c.obj</name>
      </input_file>
      <input_file id="fl-c7">
         <path>/home/richard/ti/ccsv8/tools/compiler/ti-cgt-arm_18.1.3.LTS/lib/</path>
         <kind>archive</kind>
         <file>rtsv7M4_T_le_v4SPD16_eabi.lib</file>
         <name>div0.asm.obj</name>
      </input_file>
      <input_file id="fl-c8">
         <path>/home/richard/ti/ccsv8/tools/compiler/ti-cgt-arm_18.1.3.LTS/lib/</path>
         <kind>archive</kind>
         <file>rtsv7M4_T_le_v4SPD16_eabi.lib</file>
         <name>memset_t2.asm.obj</name>
      </input_file>
      <input_file id="fl-c9">
         <path>/home/richard/ti/ccsv8/tools/compiler/ti-cgt-arm_18.1.3.LTS/lib/</path>
         <kind>archive</kind>
         <file>rtsv7M4_T_le_v4SPD16_eabi.lib</file>
         <name>memcpy_t2.asm.obj</name>
      </input_file>
      <input_file id="fl-ca">
         <path>/home/richard/ti/ccsv8/tools/compiler/ti-cgt-arm_18.1.3.LTS/lib/</path>
         <kind>archive</kind>
         <file>rtsv7M4_T_le_v4SPD16_eabi.lib</file>
         <name>autoinit.c.obj</name>
      </input_file>
      <input_file id="fl-cb">
         <path>/home/richard/ti/ccsv8/tools/compiler/ti-cgt-arm_18.1.3.LTS/lib/</path>
         <kind>archive</kind>
         <file>rtsv7M4_T_le_v4SPD16_eabi.lib</file>
         <name>pre_init.c.obj</name>
      </input_file>
      <input_file id="fl-cc">
         <path>/home/richard/ti/ccsv8/tools/compiler/ti-cgt-arm_18.1.3.LTS/lib/</path>
         <kind>archive</kind>
         <file>rtsv7M4_T_le_v4SPD16_eabi.lib</file>
         <name>cpy_tbl.c.obj</name>
      </input_file>
      <input_file id="fl-cd">
         <path>/home/richard/ti/ccsv8/tools/compiler/ti-cgt-arm_18.1.3.LTS/lib/</path>
         <kind>archive</kind>
         <file>rtsv7M4_T_le_v4SPD16_eabi.lib</file>
         <name>exit.c.obj</name>
      </input_file>
      <input_file id="fl-ce">
         <path>/home/richard/ti/ccsv8/tools/compiler/ti-cgt-arm_18.1.3.LTS/lib/</path>
         <kind>archive</kind>
         <file>rtsv7M4_T_le_v4SPD16_eabi.lib</file>
         <name>_lock.c.obj</name>
      </input_file>
      <input_file id="fl-cf">
         <path>/home/richard/ti/ccsv8/tools/compiler/ti-cgt-arm_18.1.3.LTS/lib/</path>
         <kind>archive</kind>
         <file>rtsv7M4_T_le_v4SPD16_eabi.lib</file>
         <name>args_main.c.obj</name>
      </input_file>
      <input_file id="fl-d0">
         <path>/home/richard/ti/tivaware_c_series_2_1_4_178/driverlib/ccs/Debug/</path>
         <kind>archive</kind>
         <file>driverlib.lib</file>
         <name>gpio.obj</name>
      </input_file>
      <input_file id="fl-d1">
         <path>/home/richard/ti/tivaware_c_series_2_1_4_178/driverlib/ccs/Debug/</path>
         <kind>archive</kind>
         <file>driverlib.lib</file>
         <name>interrupt.obj</name>
      </input_file>
      <input_file id="fl-d2">
         <path>/home/richard/ti/tivaware_c_series_2_1_4_178/driverlib/ccs/Debug/</path>
         <kind>archive</kind>
         <file>driverlib.lib</file>
         <name>sysctl.obj</name>
      </input_file>
      <input_file id="fl-d3">
         <path>/home/richard/ti/tivaware_c_series_2_1_4_178/driverlib/ccs/Debug/</path>
         <kind>archive</kind>
         <file>driverlib.lib</file>
         <name>cpu.obj</name>
      </input_file>
      <input_file id="fl-d4">
         <path>/home/richard/ti/tivaware_c_series_2_1_4_178/usblib/ccs/Debug/</path>
         <kind>archive</kind>
         <file>usblib.lib</file>
         <name>usbmode.obj</name>
      </input_file>
      <input_file id="fl-d5">
         <path>/home/richard/ti/tivaware_c_series_2_1_4_178/usblib/ccs/Debug/</path>
         <kind>archive</kind>
         <file>usblib.lib</file>
         <name>usbtick.obj</name>
      </input_file>
      <input_file id="fl-d6">
         <path>/home/richard/ti/tivaware_c_series_2_1_4_178/usblib/ccs/Debug/</path>
         <kind>archive</kind>
         <file>usblib.lib</file>
         <name>usbhostenum.obj</name>
      </input_file>
      <input_file id="fl-d7">
         <path>/home/richard/ti/tivaware_c_series_2_1_4_178/usblib/ccs/Debug/</path>
         <kind>archive</kind>
         <file>usblib.lib</file>
         <name>usbdenum.obj</name>
      </input_file>
      <input_file id="fl-d8">
         <path>/home/richard/ti/tivaware_c_series_2_1_4_178/usblib/ccs/Debug/</path>
         <kind>archive</kind>
         <file>usblib.lib</file>
         <name>usbdhandler.obj</name>
      </input_file>
      <input_file id="fl-d9">
         <path>/home/richard/ti/tivaware_c_series_2_1_4_178/usblib/ccs/Debug/</path>
         <kind>archive</kind>
         <file>usblib.lib</file>
         <name>usbdhidmouse.obj</name>
      </input_file>
      <input_file id="fl-da">
         <path>/home/richard/ti/tivaware_c_series_2_1_4_178/usblib/ccs/Debug/</path>
         <kind>archive</kind>
         <file>usblib.lib</file>
         <name>usbdesc.obj</name>
      </input_file>
      <input_file id="fl-db">
         <path>/home/richard/ti/tivaware_c_series_2_1_4_178/usblib/ccs/Debug/</path>
         <kind>archive</kind>
         <file>usblib.lib</file>
         <name>usbdma.obj</name>
      </input_file>
      <input_file id="fl-dc">
         <path>/home/richard/ti/tivaware_c_series_2_1_4_178/usblib/ccs/Debug/</path>
         <kind>archive</kind>
         <file>usblib.lib</file>
         <name>usbulpi.obj</name>
      </input_file>
      <input_file id="fl-dd">
         <path>/home/richard/ti/tivaware_c_series_2_1_4_178/usblib/ccs/Debug/</path>
         <kind>archive</kind>
         <file>usblib.lib</file>
         <name>usbhhub.obj</name>
      </input_file>
      <input_file id="fl-de">
         <path>/home/richard/ti/tivaware_c_series_2_1_4_178/usblib/ccs/Debug/</path>
         <kind>archive</kind>
         <file>usblib.lib</file>
         <name>usbdcdesc.obj</name>
      </input_file>
      <input_file id="fl-df">
         <path>/home/richard/ti/tivaware_c_series_2_1_4_178/usblib/ccs/Debug/</path>
         <kind>archive</kind>
         <file>usblib.lib</file>
         <name>usbdconfig.obj</name>
      </input_file>
      <input_file id="fl-e0">
         <path>/home/richard/ti/tivaware_c_series_2_1_4_178/usblib/ccs/Debug/</path>
         <kind>archive</kind>
         <file>usblib.lib</file>
         <name>usbdhid.obj</name>
      </input_file>
      <input_file id="fl-e1">
         <path>/home/richard/ti/tivaware_c_series_2_1_4_178/driverlib/ccs/Debug/</path>
         <kind>archive</kind>
         <file>driverlib.lib</file>
         <name>udma.obj</name>
      </input_file>
      <input_file id="fl-e2">
         <path>/home/richard/ti/tivaware_c_series_2_1_4_178/driverlib/ccs/Debug/</path>
         <kind>archive</kind>
         <file>driverlib.lib</file>
         <name>usb.obj</name>
      </input_file>
   </input_file_list>
   <object_component_list>
      <object_component id="oc-f">
         <name>.intvecs</name>
         <load_address>0x0</load_address>
         <run_address>0x0</run_address>
         <size>0x200</size>
         <input_file_ref idref="fl-1"/>
      </object_component>
      <object_component id="oc-fc">
         <name>.text:main</name>
         <load_address>0x200</load_address>
         <run_address>0x200</run_address>
         <size>0x21c</size>
         <input_file_ref idref="fl-2"/>
      </object_component>
      <object_component id="oc-1a2">
         <name>.text:PinoutSet</name>
         <load_address>0x41c</load_address>
         <run_address>0x41c</run_address>
         <size>0x218</size>
         <input_file_ref idref="fl-5"/>
      </object_component>
      <object_component id="oc-19c">
         <name>.text:SysCtlClockFreqSet</name>
         <load_address>0x634</load_address>
         <run_address>0x634</run_address>
         <size>0x200</size>
         <input_file_ref idref="fl-d2"/>
      </object_component>
      <object_component id="oc-2e1">
         <name>.text:UARTvprintf</name>
         <load_address>0x834</load_address>
         <run_address>0x834</run_address>
         <size>0x1ea</size>
         <input_file_ref idref="fl-6"/>
      </object_component>
      <object_component id="oc-30">
         <name>.text:FaultISR</name>
         <load_address>0xa1e</load_address>
         <run_address>0xa1e</run_address>
         <size>0x2</size>
         <input_file_ref idref="fl-1"/>
      </object_component>
      <object_component id="oc-42">
         <name>.text:UARTStdioIntHandler</name>
         <load_address>0xa20</load_address>
         <run_address>0xa20</run_address>
         <size>0x160</size>
         <input_file_ref idref="fl-6"/>
      </object_component>
      <object_component id="oc-4e6">
         <name>.text:USBLibDMAInit</name>
         <load_address>0xb80</load_address>
         <run_address>0xb80</run_address>
         <size>0x160</size>
         <input_file_ref idref="fl-db"/>
      </object_component>
      <object_component id="oc-3a6">
         <name>.text:USBDCDInit</name>
         <load_address>0xce0</load_address>
         <run_address>0xce0</run_address>
         <size>0x150</size>
         <input_file_ref idref="fl-d7"/>
      </object_component>
      <object_component id="oc-26a">
         <name>.text:USBDEP0StateTxConfig</name>
         <load_address>0xe30</load_address>
         <run_address>0xe30</run_address>
         <size>0x150</size>
         <input_file_ref idref="fl-d7"/>
      </object_component>
      <object_component id="oc-c8">
         <name>.text:USBDeviceIntHandlerInternal</name>
         <load_address>0xf80</load_address>
         <run_address>0xf80</run_address>
         <size>0x150</size>
         <input_file_ref idref="fl-d7"/>
      </object_component>
      <object_component id="oc-540">
         <name>.text:USBDeviceConfig</name>
         <load_address>0x10d0</load_address>
         <run_address>0x10d0</run_address>
         <size>0x148</size>
         <input_file_ref idref="fl-df"/>
      </object_component>
      <object_component id="oc-2a1">
         <name>.text:GPIOPadConfigSet</name>
         <load_address>0x1218</load_address>
         <run_address>0x1218</run_address>
         <size>0x132</size>
         <input_file_ref idref="fl-d0"/>
      </object_component>
      <object_component id="oc-56f">
         <name>.text:HandleRequest</name>
         <load_address>0x134a</load_address>
         <run_address>0x134a</run_address>
         <size>0x114</size>
         <input_file_ref idref="fl-e0"/>
      </object_component>
      <object_component id="oc-65a">
         <name>.text:iDMAUSBTransfer</name>
         <load_address>0x145e</load_address>
         <run_address>0x145e</run_address>
         <size>0xf4</size>
         <input_file_ref idref="fl-db"/>
      </object_component>
      <object_component id="oc-36">
         <name>.text:IntDefaultHandler</name>
         <load_address>0x1552</load_address>
         <run_address>0x1552</run_address>
         <size>0x2</size>
         <input_file_ref idref="fl-1"/>
      </object_component>
      <object_component id="oc-431">
         <name>.text:USBDGetDescriptor</name>
         <load_address>0x1554</load_address>
         <run_address>0x1554</run_address>
         <size>0xe4</size>
         <input_file_ref idref="fl-d7"/>
      </object_component>
      <object_component id="oc-390">
         <name>.text:USBDHIDCompositeInit</name>
         <load_address>0x1638</load_address>
         <run_address>0x1638</run_address>
         <size>0xe0</size>
         <input_file_ref idref="fl-e0"/>
      </object_component>
      <object_component id="oc-173">
         <name>.text:USBDeviceEnumHandler</name>
         <load_address>0x1718</load_address>
         <run_address>0x1718</run_address>
         <size>0xd8</size>
         <input_file_ref idref="fl-d7"/>
      </object_component>
      <object_component id="oc-5e8">
         <name>.text:uDMAUSBChannelAllocate</name>
         <load_address>0x17f0</load_address>
         <run_address>0x17f0</run_address>
         <size>0xc4</size>
         <input_file_ref idref="fl-db"/>
      </object_component>
      <object_component id="oc-62a">
         <name>.text:uDMAUSBTransfer</name>
         <load_address>0x18b4</load_address>
         <run_address>0x18b4</run_address>
         <size>0xbc</size>
         <input_file_ref idref="fl-db"/>
      </object_component>
      <object_component id="oc-1ae">
         <name>.text:UARTStdioConfig</name>
         <load_address>0x1970</load_address>
         <run_address>0x1970</run_address>
         <size>0xb0</size>
         <input_file_ref idref="fl-6"/>
      </object_component>
      <object_component id="oc-a2">
         <name>.text:UARTwrite</name>
         <load_address>0x1a20</load_address>
         <run_address>0x1a20</run_address>
         <size>0xa8</size>
         <input_file_ref idref="fl-6"/>
      </object_component>
      <object_component id="oc-5c">
         <name>.text</name>
         <load_address>0x1ac8</load_address>
         <run_address>0x1ac8</run_address>
         <size>0x9c</size>
         <input_file_ref idref="fl-c9"/>
      </object_component>
      <object_component id="oc-44f">
         <name>.text:USBDSetInterface</name>
         <load_address>0x1b64</load_address>
         <run_address>0x1b64</run_address>
         <size>0x98</size>
         <input_file_ref idref="fl-d7"/>
      </object_component>
      <object_component id="oc-1c0">
         <name>.text:USBDCDFeatureSet</name>
         <load_address>0x1bfc</load_address>
         <run_address>0x1bfc</run_address>
         <size>0x90</size>
         <input_file_ref idref="fl-d7"/>
      </object_component>
      <object_component id="oc-443">
         <name>.text:USBDSetConfiguration</name>
         <load_address>0x1c8c</load_address>
         <run_address>0x1c8c</run_address>
         <size>0x90</size>
         <input_file_ref idref="fl-d7"/>
      </object_component>
      <object_component id="oc-96">
         <name>.text:UARTPrimeTransmit</name>
         <load_address>0x1d1c</load_address>
         <run_address>0x1d1c</run_address>
         <size>0x8c</size>
         <input_file_ref idref="fl-6"/>
      </object_component>
      <object_component id="oc-554">
         <name>.text:USBDeviceConfigAlternate</name>
         <load_address>0x1da8</load_address>
         <run_address>0x1da8</run_address>
         <size>0x8c</size>
         <input_file_ref idref="fl-df"/>
      </object_component>
      <object_component id="oc-1d2">
         <name>.text:ButtonsPoll</name>
         <load_address>0x1e34</load_address>
         <run_address>0x1e34</run_address>
         <size>0x88</size>
         <input_file_ref idref="fl-4"/>
      </object_component>
      <object_component id="oc-5af">
         <name>.text:ProcessIdleTimers</name>
         <load_address>0x1ebc</load_address>
         <run_address>0x1ebc</run_address>
         <size>0x88</size>
         <input_file_ref idref="fl-e0"/>
      </object_component>
      <object_component id="oc-2d0">
         <name>.text:USBDHIDMouseCompositeInit</name>
         <load_address>0x1f44</load_address>
         <run_address>0x1f44</run_address>
         <size>0x84</size>
         <input_file_ref idref="fl-d9"/>
      </object_component>
      <object_component id="oc-63c">
         <name>.text:iDMAUSBChannelAllocate</name>
         <load_address>0x1fc8</load_address>
         <run_address>0x1fc8</run_address>
         <size>0x84</size>
         <input_file_ref idref="fl-db"/>
      </object_component>
      <object_component id="oc-747">
         <name>.text:uDMAChannelTransferSet</name>
         <load_address>0x204c</load_address>
         <run_address>0x204c</run_address>
         <size>0x84</size>
         <input_file_ref idref="fl-e1"/>
      </object_component>
      <object_component id="oc-41f">
         <name>.text:USBDClearFeature</name>
         <load_address>0x20d0</load_address>
         <run_address>0x20d0</run_address>
         <size>0x80</size>
         <input_file_ref idref="fl-d7"/>
      </object_component>
      <object_component id="oc-691">
         <name>.text:USBDevEndpointConfigSet</name>
         <load_address>0x2150</load_address>
         <run_address>0x2150</run_address>
         <size>0x7a</size>
         <input_file_ref idref="fl-e2"/>
      </object_component>
      <object_component id="oc-f0">
         <name>.text</name>
         <load_address>0x21ca</load_address>
         <run_address>0x21ca</run_address>
         <size>0x7a</size>
         <input_file_ref idref="fl-c8"/>
      </object_component>
      <object_component id="oc-419">
         <name>.text:USBDGetStatus</name>
         <load_address>0x2244</load_address>
         <run_address>0x2244</run_address>
         <size>0x78</size>
         <input_file_ref idref="fl-d7"/>
      </object_component>
      <object_component id="oc-396">
         <name>.text:HIDMouseRxHandler</name>
         <load_address>0x22bc</load_address>
         <run_address>0x22bc</run_address>
         <size>0x76</size>
         <input_file_ref idref="fl-d9"/>
      </object_component>
      <object_component id="oc-2a">
         <name>.text:NmiSR</name>
         <load_address>0x2332</load_address>
         <run_address>0x2332</run_address>
         <size>0x2</size>
         <input_file_ref idref="fl-1"/>
      </object_component>
      <object_component id="oc-1ba">
         <name>.text:SysCtlVCOGet</name>
         <load_address>0x2334</load_address>
         <run_address>0x2334</run_address>
         <size>0x70</size>
         <input_file_ref idref="fl-d2"/>
      </object_component>
      <object_component id="oc-270">
         <name>.text:USBDEP0StateTx</name>
         <load_address>0x23a4</load_address>
         <run_address>0x23a4</run_address>
         <size>0x70</size>
         <input_file_ref idref="fl-d7"/>
      </object_component>
      <object_component id="oc-5e2">
         <name>.text:uDMAUSBArbSizeSet</name>
         <load_address>0x2414</load_address>
         <run_address>0x2414</run_address>
         <size>0x70</size>
         <input_file_ref idref="fl-db"/>
      </object_component>
      <object_component id="oc-630">
         <name>.text:uDMAUSBUnitSizeSet</name>
         <load_address>0x2484</load_address>
         <run_address>0x2484</run_address>
         <size>0x70</size>
         <input_file_ref idref="fl-db"/>
      </object_component>
      <object_component id="oc-425">
         <name>.text:USBDSetFeature</name>
         <load_address>0x24f4</load_address>
         <run_address>0x24f4</run_address>
         <size>0x6c</size>
         <input_file_ref idref="fl-d7"/>
      </object_component>
      <object_component id="oc-720">
         <name>.text:IntDisable</name>
         <load_address>0x2560</load_address>
         <run_address>0x2560</run_address>
         <size>0x68</size>
         <input_file_ref idref="fl-d1"/>
      </object_component>
      <object_component id="oc-4fe">
         <name>.text:IntEnable</name>
         <load_address>0x25c8</load_address>
         <run_address>0x25c8</run_address>
         <size>0x68</size>
         <input_file_ref idref="fl-d1"/>
      </object_component>
      <object_component id="oc-12">
         <name>.text:decompress:lzss:__TI_decompress_lzss</name>
         <load_address>0x2630</load_address>
         <run_address>0x2630</run_address>
         <size>0x68</size>
         <input_file_ref idref="fl-c5"/>
      </object_component>
      <object_component id="oc-569">
         <name>.text:HandleGetDescriptor</name>
         <load_address>0x2698</load_address>
         <run_address>0x2698</run_address>
         <size>0x64</size>
         <input_file_ref idref="fl-e0"/>
      </object_component>
      <object_component id="oc-71a">
         <name>.text:IntIsEnabled</name>
         <load_address>0x26fc</load_address>
         <run_address>0x26fc</run_address>
         <size>0x64</size>
         <input_file_ref idref="fl-d1"/>
      </object_component>
      <object_component id="oc-5f4">
         <name>.text:uDMAUSBChannelEnable</name>
         <load_address>0x2760</load_address>
         <run_address>0x2760</run_address>
         <size>0x64</size>
         <input_file_ref idref="fl-db"/>
      </object_component>
      <object_component id="oc-5a5">
         <name>.text:HandleDevice</name>
         <load_address>0x27c4</load_address>
         <run_address>0x27c4</run_address>
         <size>0x60</size>
         <input_file_ref idref="fl-e0"/>
      </object_component>
      <object_component id="oc-6dc">
         <name>.text:ProcessDataFromHost</name>
         <load_address>0x2824</load_address>
         <run_address>0x2824</run_address>
         <size>0x60</size>
         <input_file_ref idref="fl-e0"/>
      </object_component>
      <object_component id="oc-264">
         <name>.text:USBDReadAndDispatchRequest</name>
         <load_address>0x2884</load_address>
         <run_address>0x2884</run_address>
         <size>0x60</size>
         <input_file_ref idref="fl-d7"/>
      </object_component>
      <object_component id="oc-24c">
         <name>.text:USBDevEndpointStatusClear</name>
         <load_address>0x28e4</load_address>
         <run_address>0x28e4</run_address>
         <size>0x5e</size>
         <input_file_ref idref="fl-e2"/>
      </object_component>
      <object_component id="oc-6b5">
         <name>.text:FindHIDDescriptor</name>
         <load_address>0x2942</load_address>
         <run_address>0x2942</run_address>
         <size>0x5c</size>
         <input_file_ref idref="fl-e0"/>
      </object_component>
      <object_component id="oc-606">
         <name>.text:uDMAUSBChannelRelease</name>
         <load_address>0x299e</load_address>
         <run_address>0x299e</run_address>
         <size>0x56</size>
         <input_file_ref idref="fl-db"/>
      </object_component>
      <object_component id="oc-6e2">
         <name>.text:ProcessDataToHost</name>
         <load_address>0x29f4</load_address>
         <run_address>0x29f4</run_address>
         <size>0x54</size>
         <input_file_ref idref="fl-e0"/>
      </object_component>
      <object_component id="oc-4bc">
         <name>.text:ULPIConfigSet</name>
         <load_address>0x2a48</load_address>
         <run_address>0x2a48</run_address>
         <size>0x52</size>
         <input_file_ref idref="fl-dc"/>
      </object_component>
      <object_component id="oc-636">
         <name>.text:iDMAUSBArbSizeSet</name>
         <load_address>0x2a9a</load_address>
         <run_address>0x2a9a</run_address>
         <size>0x2</size>
         <input_file_ref idref="fl-db"/>
      </object_component>
      <object_component id="oc-300">
         <name>.text:HIDMouseHandler</name>
         <load_address>0x2a9c</load_address>
         <run_address>0x2a9c</run_address>
         <size>0x50</size>
         <input_file_ref idref="fl-2"/>
      </object_component>
      <object_component id="oc-49e">
         <name>.text:SysCtlPeripheralReset</name>
         <load_address>0x2aec</load_address>
         <run_address>0x2aec</run_address>
         <size>0x50</size>
         <input_file_ref idref="fl-d2"/>
      </object_component>
      <object_component id="oc-685">
         <name>.text:USBDCDConfigDescGet</name>
         <load_address>0x2b3c</load_address>
         <run_address>0x2b3c</run_address>
         <size>0x50</size>
         <input_file_ref idref="fl-de"/>
      </object_component>
      <object_component id="oc-155">
         <name>.text:USBDeviceResumeTickHandler</name>
         <load_address>0x2b8c</load_address>
         <run_address>0x2b8c</run_address>
         <size>0x50</size>
         <input_file_ref idref="fl-d7"/>
      </object_component>
      <object_component id="oc-1a8">
         <name>.text:ButtonsInit</name>
         <load_address>0x2bdc</load_address>
         <run_address>0x2bdc</run_address>
         <size>0x4c</size>
         <input_file_ref idref="fl-4"/>
      </object_component>
      <object_component id="oc-68b">
         <name>.text:GetEPDescriptorType</name>
         <load_address>0x2c28</load_address>
         <run_address>0x2c28</run_address>
         <size>0x4c</size>
         <input_file_ref idref="fl-df"/>
      </object_component>
      <object_component id="oc-537">
         <name>.text:USBDStringIndexFromRequest</name>
         <load_address>0x2c74</load_address>
         <run_address>0x2c74</run_address>
         <size>0x4c</size>
         <input_file_ref idref="fl-d7"/>
      </object_component>
      <object_component id="oc-753">
         <name>.text:USBEndpointDMAConfigSet</name>
         <load_address>0x2cc0</load_address>
         <run_address>0x2cc0</run_address>
         <size>0x4c</size>
         <input_file_ref idref="fl-e2"/>
      </object_component>
      <object_component id="oc-666">
         <name>.text:iDMAUSBChannelEnable</name>
         <load_address>0x2d0c</load_address>
         <run_address>0x2d0c</run_address>
         <size>0x4c</size>
         <input_file_ref idref="fl-db"/>
      </object_component>
      <object_component id="oc-6ac">
         <name>.text:ConfigAlternateInterfaceGet</name>
         <load_address>0x2d58</load_address>
         <run_address>0x2d58</run_address>
         <size>0x4a</size>
         <input_file_ref idref="fl-de"/>
      </object_component>
      <object_component id="oc-2f7">
         <name>.text:USBDHIDReportWrite</name>
         <load_address>0x2da2</load_address>
         <run_address>0x2da2</run_address>
         <size>0x4a</size>
         <input_file_ref idref="fl-e0"/>
      </object_component>
      <object_component id="oc-52e">
         <name>.text:USBDevEndpointStallClear</name>
         <load_address>0x2dec</load_address>
         <run_address>0x2dec</run_address>
         <size>0x4a</size>
         <input_file_ref idref="fl-e2"/>
      </object_component>
      <object_component id="oc-5ee">
         <name>.text:uDMAUSBChannelDisable</name>
         <load_address>0x2e36</load_address>
         <run_address>0x2e36</run_address>
         <size>0x4a</size>
         <input_file_ref idref="fl-db"/>
      </object_component>
      <object_component id="oc-6ce">
         <name>.text:SetIdleTimeout</name>
         <load_address>0x2e80</load_address>
         <run_address>0x2e80</run_address>
         <size>0x48</size>
         <input_file_ref idref="fl-e0"/>
      </object_component>
      <object_component id="oc-14f">
         <name>.text:USBDeviceEnumResetHandler</name>
         <load_address>0x2ec8</load_address>
         <run_address>0x2ec8</run_address>
         <size>0x48</size>
         <input_file_ref idref="fl-d7"/>
      </object_component>
      <object_component id="oc-290">
         <name>.text:_SysCtlFrequencyGet</name>
         <load_address>0x2f10</load_address>
         <run_address>0x2f10</run_address>
         <size>0x48</size>
         <input_file_ref idref="fl-d2"/>
      </object_component>
      <object_component id="oc-706">
         <name>.text:uDMAChannelAttributeDisable</name>
         <load_address>0x2f58</load_address>
         <run_address>0x2f58</run_address>
         <size>0x48</size>
         <input_file_ref idref="fl-e1"/>
      </object_component>
      <object_component id="oc-258">
         <name>.text:USBEndpointDataGet</name>
         <load_address>0x2fa0</load_address>
         <run_address>0x2fa0</run_address>
         <size>0x46</size>
         <input_file_ref idref="fl-e2"/>
      </object_component>
      <object_component id="oc-672">
         <name>.text:iDMAUSBUnitSizeSet</name>
         <load_address>0x2fe6</load_address>
         <run_address>0x2fe6</run_address>
         <size>0x2</size>
         <input_file_ref idref="fl-db"/>
      </object_component>
      <object_component id="oc-46f">
         <name>.text:USBDCDDeviceInfoInit</name>
         <load_address>0x2fe8</load_address>
         <run_address>0x2fe8</run_address>
         <size>0x44</size>
         <input_file_ref idref="fl-d7"/>
      </object_component>
      <object_component id="oc-449">
         <name>.text:USBDGetInterface</name>
         <load_address>0x302c</load_address>
         <run_address>0x302c</run_address>
         <size>0x44</size>
         <input_file_ref idref="fl-d7"/>
      </object_component>
      <object_component id="oc-1f7">
         <name>.text:__TI_auto_init_nobinit_nopinit:__TI_auto_init_nobinit_nopinit</name>
         <load_address>0x3070</load_address>
         <run_address>0x3070</run_address>
         <size>0x44</size>
         <input_file_ref idref="fl-ca"/>
      </object_component>
      <object_component id="oc-3d2">
         <name>.text:ScheduleReportTransmission</name>
         <load_address>0x30b4</load_address>
         <run_address>0x30b4</run_address>
         <size>0x40</size>
         <input_file_ref idref="fl-e0"/>
      </object_component>
      <object_component id="oc-3c1">
         <name>.text</name>
         <load_address>0x30f4</load_address>
         <run_address>0x30f4</run_address>
         <size>0x40</size>
         <input_file_ref idref="fl-c2"/>
      </object_component>
      <object_component id="oc-1de">
         <name>.text:USBDHIDMouseStateChange</name>
         <load_address>0x3134</load_address>
         <run_address>0x3134</run_address>
         <size>0x3e</size>
         <input_file_ref idref="fl-d9"/>
      </object_component>
      <object_component id="oc-507">
         <name>.text</name>
         <load_address>0x3172</load_address>
         <run_address>0x3172</run_address>
         <size>0x2</size>
         <input_file_ref idref="fl-c7"/>
      </object_component>
      <object_component id="oc-2b9">
         <name>.text:UARTFlushTx</name>
         <load_address>0x3174</load_address>
         <run_address>0x3174</run_address>
         <size>0x3c</size>
         <input_file_ref idref="fl-6"/>
      </object_component>
      <object_component id="oc-660">
         <name>.text:iDMAUSBChannelRelease</name>
         <load_address>0x31b0</load_address>
         <run_address>0x31b0</run_address>
         <size>0x3c</size>
         <input_file_ref idref="fl-db"/>
      </object_component>
      <object_component id="oc-69d">
         <name>.text:USBFIFOConfigSet</name>
         <load_address>0x31ec</load_address>
         <run_address>0x31ec</run_address>
         <size>0x3a</size>
         <input_file_ref idref="fl-e2"/>
      </object_component>
      <object_component id="oc-600">
         <name>.text:uDMAUSBChannelIntDisable</name>
         <load_address>0x3226</load_address>
         <run_address>0x3226</run_address>
         <size>0x2</size>
         <input_file_ref idref="fl-db"/>
      </object_component>
      <object_component id="oc-481">
         <name>.text:InternalUSBRegisterTickHandler</name>
         <load_address>0x3228</load_address>
         <run_address>0x3228</run_address>
         <size>0x38</size>
         <input_file_ref idref="fl-d5"/>
      </object_component>
      <object_component id="oc-15b">
         <name>.text:InternalUSBStartOfFrameTick</name>
         <load_address>0x3260</load_address>
         <run_address>0x3260</run_address>
         <size>0x38</size>
         <input_file_ref idref="fl-d5"/>
      </object_component>
      <object_component id="oc-469">
         <name>.text:USBDCDConfigGetInterfaceEndpoint</name>
         <load_address>0x3298</load_address>
         <run_address>0x3298</run_address>
         <size>0x38</size>
         <input_file_ref idref="fl-de"/>
      </object_component>
      <object_component id="oc-c2">
         <name>.text:USBIntStatusControl</name>
         <load_address>0x32d0</load_address>
         <run_address>0x32d0</run_address>
         <size>0x38</size>
         <input_file_ref idref="fl-e2"/>
      </object_component>
      <object_component id="oc-7a">
         <name>.text:_c_int00_noargs:_c_int00_noargs</name>
         <load_address>0x3308</load_address>
         <run_address>0x3308</run_address>
         <size>0x38</size>
         <input_file_ref idref="fl-c6"/>
      </object_component>
      <object_component id="oc-59f">
         <name>.text:HandleEndpoints</name>
         <load_address>0x3340</load_address>
         <run_address>0x3340</run_address>
         <size>0x36</size>
         <input_file_ref idref="fl-e0"/>
      </object_component>
      <object_component id="oc-34b">
         <name>.text:USBEndpointDataPut</name>
         <load_address>0x3376</load_address>
         <run_address>0x3376</run_address>
         <size>0x36</size>
         <input_file_ref idref="fl-e2"/>
      </object_component>
      <object_component id="oc-48d">
         <name>.text:HIDTickHandler</name>
         <load_address>0x33ac</load_address>
         <run_address>0x33ac</run_address>
         <size>0x34</size>
         <input_file_ref idref="fl-e0"/>
      </object_component>
      <object_component id="oc-4a4">
         <name>.text:SysCtlPeripheralEnable</name>
         <load_address>0x33e0</load_address>
         <run_address>0x33e0</run_address>
         <size>0x34</size>
         <input_file_ref idref="fl-d2"/>
      </object_component>
      <object_component id="oc-1c6">
         <name>.text:USBDHIDMouseInit</name>
         <load_address>0x3414</load_address>
         <run_address>0x3414</run_address>
         <size>0x34</size>
         <input_file_ref idref="fl-d9"/>
      </object_component>
      <object_component id="oc-351">
         <name>.text:USBEndpointDataSend</name>
         <load_address>0x3448</load_address>
         <run_address>0x3448</run_address>
         <size>0x34</size>
         <input_file_ref idref="fl-e2"/>
      </object_component>
      <object_component id="oc-642">
         <name>.text:iDMAUSBChannelStatus</name>
         <load_address>0x347c</load_address>
         <run_address>0x347c</run_address>
         <size>0x34</size>
         <input_file_ref idref="fl-db"/>
      </object_component>
      <object_component id="oc-3cc">
         <name>.text:ClearReportTimer</name>
         <load_address>0x34b0</load_address>
         <run_address>0x34b0</run_address>
         <size>0x32</size>
         <input_file_ref idref="fl-e0"/>
      </object_component>
      <object_component id="oc-575">
         <name>.text:HandleConfigChange</name>
         <load_address>0x34e2</load_address>
         <run_address>0x34e2</run_address>
         <size>0x32</size>
         <input_file_ref idref="fl-e0"/>
      </object_component>
      <object_component id="oc-55e">
         <name>.text:NextConfigDescGet</name>
         <load_address>0x3514</load_address>
         <run_address>0x3514</run_address>
         <size>0x32</size>
         <input_file_ref idref="fl-de"/>
      </object_component>
      <object_component id="oc-410">
         <name>.text:USBDevEndpointStall</name>
         <load_address>0x3546</load_address>
         <run_address>0x3546</run_address>
         <size>0x32</size>
         <input_file_ref idref="fl-e2"/>
      </object_component>
      <object_component id="oc-66c">
         <name>.text:iDMAUSBChannelDisable</name>
         <load_address>0x3578</load_address>
         <run_address>0x3578</run_address>
         <size>0x32</size>
         <input_file_ref idref="fl-db"/>
      </object_component>
      <object_component id="oc-612">
         <name>.text:DMAUSBIntHandler</name>
         <load_address>0x35aa</load_address>
         <run_address>0x35aa</run_address>
         <size>0x30</size>
         <input_file_ref idref="fl-db"/>
      </object_component>
      <object_component id="oc-5fa">
         <name>.text:uDMAUSBChannelIntEnable</name>
         <load_address>0x35da</load_address>
         <run_address>0x35da</run_address>
         <size>0x2</size>
         <input_file_ref idref="fl-db"/>
      </object_component>
      <object_component id="oc-47b">
         <name>.text:InternalUSBTickInit</name>
         <load_address>0x35dc</load_address>
         <run_address>0x35dc</run_address>
         <size>0x30</size>
         <input_file_ref idref="fl-d5"/>
      </object_component>
      <object_component id="oc-43d">
         <name>.text:USBDGetConfiguration</name>
         <load_address>0x360c</load_address>
         <run_address>0x360c</run_address>
         <size>0x30</size>
         <input_file_ref idref="fl-d7"/>
      </object_component>
      <object_component id="oc-2b3">
         <name>.text:UARTFlushRx</name>
         <load_address>0x363c</load_address>
         <run_address>0x363c</run_address>
         <size>0x2c</size>
         <input_file_ref idref="fl-6"/>
      </object_component>
      <object_component id="oc-7a2">
         <name>.text:USBDescGet</name>
         <load_address>0x3668</load_address>
         <run_address>0x3668</run_address>
         <size>0x2c</size>
         <input_file_ref idref="fl-da"/>
      </object_component>
      <object_component id="oc-618">
         <name>.text:uDMAUSBIntStatus</name>
         <load_address>0x3694</load_address>
         <run_address>0x3694</run_address>
         <size>0x2c</size>
         <input_file_ref idref="fl-db"/>
      </object_component>
      <object_component id="oc-371">
         <name>.text:GPIODirModeSet</name>
         <load_address>0x36c0</load_address>
         <run_address>0x36c0</run_address>
         <size>0x2a</size>
         <input_file_ref idref="fl-d0"/>
      </object_component>
      <object_component id="oc-548">
         <name>.text:USBDCDConfigDescGetNum</name>
         <load_address>0x36ea</load_address>
         <run_address>0x36ea</run_address>
         <size>0x2a</size>
         <input_file_ref idref="fl-de"/>
      </object_component>
      <object_component id="oc-6a5">
         <name>.text:USBDescGetNum</name>
         <load_address>0x3714</load_address>
         <run_address>0x3714</run_address>
         <size>0x2a</size>
         <input_file_ref idref="fl-da"/>
      </object_component>
      <object_component id="oc-25e">
         <name>.text:USBDevEndpointDataAck</name>
         <load_address>0x373e</load_address>
         <run_address>0x373e</run_address>
         <size>0x2a</size>
         <input_file_ref idref="fl-e2"/>
      </object_component>
      <object_component id="oc-6c8">
         <name>.text:GetIdleTimeout</name>
         <load_address>0x3768</load_address>
         <run_address>0x3768</run_address>
         <size>0x28</size>
         <input_file_ref idref="fl-e0"/>
      </object_component>
      <object_component id="oc-57b">
         <name>.text:HandleEP0DataReceived</name>
         <load_address>0x3790</load_address>
         <run_address>0x3790</run_address>
         <size>0x28</size>
         <input_file_ref idref="fl-e0"/>
      </object_component>
      <object_component id="oc-42b">
         <name>.text:USBDSetAddress</name>
         <load_address>0x37b8</load_address>
         <run_address>0x37b8</run_address>
         <size>0x28</size>
         <input_file_ref idref="fl-d7"/>
      </object_component>
      <object_component id="oc-4ec">
         <name>.text:USBIntEnableControl</name>
         <load_address>0x37e0</load_address>
         <run_address>0x37e0</run_address>
         <size>0x28</size>
         <input_file_ref idref="fl-e2"/>
      </object_component>
      <object_component id="oc-738">
         <name>.text:uDMAChannelModeGet</name>
         <load_address>0x3808</load_address>
         <run_address>0x3808</run_address>
         <size>0x28</size>
         <input_file_ref idref="fl-e1"/>
      </object_component>
      <object_component id="oc-2d6">
         <name>.text:USBDHIDInit</name>
         <load_address>0x3830</load_address>
         <run_address>0x3830</run_address>
         <size>0x26</size>
         <input_file_ref idref="fl-e0"/>
      </object_component>
      <object_component id="oc-70c">
         <name>.text:USBEndpointDMADisable</name>
         <load_address>0x3856</load_address>
         <run_address>0x3856</run_address>
         <size>0x24</size>
         <input_file_ref idref="fl-e2"/>
      </object_component>
      <object_component id="oc-726">
         <name>.text:USBEndpointDMAEnable</name>
         <load_address>0x387a</load_address>
         <run_address>0x387a</run_address>
         <size>0x24</size>
         <input_file_ref idref="fl-e2"/>
      </object_component>
      <object_component id="oc-1b4">
         <name>.text:USBStackModeSet</name>
         <load_address>0x38a0</load_address>
         <run_address>0x38a0</run_address>
         <size>0x24</size>
         <input_file_ref idref="fl-d4"/>
      </object_component>
      <object_component id="oc-6f9">
         <name>.text:uDMAChannelControlSet</name>
         <load_address>0x38c4</load_address>
         <run_address>0x38c4</run_address>
         <size>0x24</size>
         <input_file_ref idref="fl-e1"/>
      </object_component>
      <object_component id="oc-599">
         <name>.text:HandleDisconnect</name>
         <load_address>0x38e8</load_address>
         <run_address>0x38e8</run_address>
         <size>0x22</size>
         <input_file_ref idref="fl-e0"/>
      </object_component>
      <object_component id="oc-60c">
         <name>.text:uDMAUSBChannelStatus</name>
         <load_address>0x390a</load_address>
         <run_address>0x390a</run_address>
         <size>0x22</size>
         <input_file_ref idref="fl-db"/>
      </object_component>
      <object_component id="oc-697">
         <name>.text:GetEndpointFIFOSize</name>
         <load_address>0x392c</load_address>
         <run_address>0x392c</run_address>
         <size>0x20</size>
         <input_file_ref idref="fl-df"/>
      </object_component>
      <object_component id="oc-581">
         <name>.text:HandleEP0DataSent</name>
         <load_address>0x394c</load_address>
         <run_address>0x394c</run_address>
         <size>0x20</size>
         <input_file_ref idref="fl-e0"/>
      </object_component>
      <object_component id="oc-28a">
         <name>.text:_SysCtlMemTimingGet</name>
         <load_address>0x396c</load_address>
         <run_address>0x396c</run_address>
         <size>0x20</size>
         <input_file_ref idref="fl-d2"/>
      </object_component>
      <object_component id="oc-5c5">
         <name>.text:USBULPIRegRead</name>
         <load_address>0x398c</load_address>
         <run_address>0x398c</run_address>
         <size>0x1e</size>
         <input_file_ref idref="fl-e2"/>
      </object_component>
      <object_component id="oc-5cb">
         <name>.text:USBULPIRegWrite</name>
         <load_address>0x39aa</load_address>
         <run_address>0x39aa</run_address>
         <size>0x1e</size>
         <input_file_ref idref="fl-e2"/>
      </object_component>
      <object_component id="oc-39c">
         <name>.text:HIDMouseTxHandler</name>
         <load_address>0x39c8</load_address>
         <run_address>0x39c8</run_address>
         <size>0x1c</size>
         <input_file_ref idref="fl-d9"/>
      </object_component>
      <object_component id="oc-54e">
         <name>.text:USBDCDConfigGetInterface</name>
         <load_address>0x39e4</load_address>
         <run_address>0x39e4</run_address>
         <size>0x1c</size>
         <input_file_ref idref="fl-de"/>
      </object_component>
      <object_component id="oc-338">
         <name>.text:USBDCDStallEP0</name>
         <load_address>0x3a00</load_address>
         <run_address>0x3a00</run_address>
         <size>0x1c</size>
         <input_file_ref idref="fl-d7"/>
      </object_component>
      <object_component id="oc-5b5">
         <name>.text:USBEndpointDataAvail</name>
         <load_address>0x3a1c</load_address>
         <run_address>0x3a1c</run_address>
         <size>0x1c</size>
         <input_file_ref idref="fl-e2"/>
      </object_component>
      <object_component id="oc-475">
         <name>.text:ClearIdleTimers</name>
         <load_address>0x3a38</load_address>
         <run_address>0x3a38</run_address>
         <size>0x1a</size>
         <input_file_ref idref="fl-e0"/>
      </object_component>
      <object_component id="oc-1cc">
         <name>.text:UARTprintf</name>
         <load_address>0x3a52</load_address>
         <run_address>0x3a52</run_address>
         <size>0x1a</size>
         <input_file_ref idref="fl-6"/>
      </object_component>
      <object_component id="oc-345">
         <name>.text:USBDCDConfigDescGetSize</name>
         <load_address>0x3a6c</load_address>
         <run_address>0x3a6c</run_address>
         <size>0x1a</size>
         <input_file_ref idref="fl-de"/>
      </object_component>
      <object_component id="oc-700">
         <name>.text:USBEndpointDMAChannel</name>
         <load_address>0x3a86</load_address>
         <run_address>0x3a86</run_address>
         <size>0x1a</size>
         <input_file_ref idref="fl-e2"/>
      </object_component>
      <object_component id="oc-a8">
         <name>.text:IsBufferFull</name>
         <load_address>0x3aa0</load_address>
         <run_address>0x3aa0</run_address>
         <size>0x18</size>
         <input_file_ref idref="fl-6"/>
      </object_component>
      <object_component id="oc-6ea">
         <name>.text:SetDeferredOpFlag</name>
         <load_address>0x3ab8</load_address>
         <run_address>0x3ab8</run_address>
         <size>0x18</size>
         <input_file_ref idref="fl-e0"/>
      </object_component>
      <object_component id="oc-48">
         <name>.text:USB0DeviceIntHandler</name>
         <load_address>0x3ad0</load_address>
         <run_address>0x3ad0</run_address>
         <size>0x18</size>
         <input_file_ref idref="fl-d8"/>
      </object_component>
      <object_component id="oc-437">
         <name>.text:USBDSetDescriptor</name>
         <load_address>0x3ae8</load_address>
         <run_address>0x3ae8</run_address>
         <size>0x18</size>
         <input_file_ref idref="fl-d7"/>
      </object_component>
      <object_component id="oc-455">
         <name>.text:USBDSyncFrame</name>
         <load_address>0x3b00</load_address>
         <run_address>0x3b00</run_address>
         <size>0x18</size>
         <input_file_ref idref="fl-d7"/>
      </object_component>
      <object_component id="oc-713">
         <name>.text:uDMAChannelDisable</name>
         <load_address>0x3b18</load_address>
         <run_address>0x3b18</run_address>
         <size>0x18</size>
         <input_file_ref idref="fl-e1"/>
      </object_component>
      <object_component id="oc-72c">
         <name>.text:uDMAChannelEnable</name>
         <load_address>0x3b30</load_address>
         <run_address>0x3b30</run_address>
         <size>0x18</size>
         <input_file_ref idref="fl-e1"/>
      </object_component>
      <object_component id="oc-4f2">
         <name>.text:USBIntEnableEndpoint</name>
         <load_address>0x3b48</load_address>
         <run_address>0x3b48</run_address>
         <size>0x16</size>
         <input_file_ref idref="fl-e2"/>
      </object_component>
      <object_component id="oc-4aa">
         <name>.text:SysCtlUSBPLLEnable</name>
         <load_address>0x3b60</load_address>
         <run_address>0x3b60</run_address>
         <size>0x14</size>
         <input_file_ref idref="fl-d2"/>
      </object_component>
      <object_component id="oc-6c2">
         <name>.text:USBDCDRequestDataEP0</name>
         <load_address>0x3b74</load_address>
         <run_address>0x3b74</run_address>
         <size>0x14</size>
         <input_file_ref idref="fl-d7"/>
      </object_component>
      <object_component id="oc-6bb">
         <name>.text:USBDCDSendDataEP0</name>
         <load_address>0x3b88</load_address>
         <run_address>0x3b88</run_address>
         <size>0x14</size>
         <input_file_ref idref="fl-d7"/>
      </object_component>
      <object_component id="oc-78b">
         <name>.text:USBDMAChannelConfigSet</name>
         <load_address>0x3b9c</load_address>
         <run_address>0x3b9c</run_address>
         <size>0x14</size>
         <input_file_ref idref="fl-e2"/>
      </object_component>
      <object_component id="oc-237">
         <name>.text:USBHostResume</name>
         <load_address>0x3bb0</load_address>
         <run_address>0x3bb0</run_address>
         <size>0x14</size>
         <input_file_ref idref="fl-e2"/>
      </object_component>
      <object_component id="oc-7ac">
         <name>.text:_USBIndexWrite</name>
         <load_address>0x3bc4</load_address>
         <run_address>0x3bc4</run_address>
         <size>0x14</size>
         <input_file_ref idref="fl-e2"/>
      </object_component>
      <object_component id="oc-2a7">
         <name>.text:GPIOPinTypeEthernetLED</name>
         <load_address>0x3bd8</load_address>
         <run_address>0x3bd8</run_address>
         <size>0x12</size>
         <input_file_ref idref="fl-d0"/>
      </object_component>
      <object_component id="oc-593">
         <name>.text:HandleResume</name>
         <load_address>0x3bea</load_address>
         <run_address>0x3bea</run_address>
         <size>0x12</size>
         <input_file_ref idref="fl-e0"/>
      </object_component>
      <object_component id="oc-58d">
         <name>.text:HandleSuspend</name>
         <load_address>0x3bfc</load_address>
         <run_address>0x3bfc</run_address>
         <size>0x12</size>
         <input_file_ref idref="fl-e0"/>
      </object_component>
      <object_component id="oc-75c">
         <name>.text:USBDMAChannelDisable</name>
         <load_address>0x3c0e</load_address>
         <run_address>0x3c0e</run_address>
         <size>0x12</size>
         <input_file_ref idref="fl-e2"/>
      </object_component>
      <object_component id="oc-791">
         <name>.text:USBDMAChannelEnable</name>
         <load_address>0x3c20</load_address>
         <run_address>0x3c20</run_address>
         <size>0x12</size>
         <input_file_ref idref="fl-e2"/>
      </object_component>
      <object_component id="oc-778">
         <name>.text:USBDMAChannelIntDisable</name>
         <load_address>0x3c32</load_address>
         <run_address>0x3c32</run_address>
         <size>0x12</size>
         <input_file_ref idref="fl-e2"/>
      </object_component>
      <object_component id="oc-771">
         <name>.text:USBDMAChannelIntEnable</name>
         <load_address>0x3c44</load_address>
         <run_address>0x3c44</run_address>
         <size>0x12</size>
         <input_file_ref idref="fl-e2"/>
      </object_component>
      <object_component id="oc-3c">
         <name>.text:SysTickIntHandler</name>
         <load_address>0x3c58</load_address>
         <run_address>0x3c58</run_address>
         <size>0x10</size>
         <input_file_ref idref="fl-2"/>
      </object_component>
      <object_component id="oc-246">
         <name>.text:USBEndpointStatus</name>
         <load_address>0x3c68</load_address>
         <run_address>0x3c68</run_address>
         <size>0x10</size>
         <input_file_ref idref="fl-e2"/>
      </object_component>
      <object_component id="oc-61e">
         <name>.text:DMAUSBIntStatusClear</name>
         <load_address>0x3c78</load_address>
         <run_address>0x3c78</run_address>
         <size>0xe</size>
         <input_file_ref idref="fl-db"/>
      </object_component>
      <object_component id="oc-9c">
         <name>.text:IsBufferEmpty</name>
         <load_address>0x3c86</load_address>
         <run_address>0x3c86</run_address>
         <size>0xe</size>
         <input_file_ref idref="fl-6"/>
      </object_component>
      <object_component id="oc-2f1">
         <name>.text:USBDHIDTxPacketAvailable</name>
         <load_address>0x3c94</load_address>
         <run_address>0x3c94</run_address>
         <size>0xe</size>
         <input_file_ref idref="fl-e0"/>
      </object_component>
      <object_component id="oc-763">
         <name>.text:USBDMAChannelStatus</name>
         <load_address>0x3ca2</load_address>
         <run_address>0x3ca2</run_address>
         <size>0xe</size>
         <input_file_ref idref="fl-e2"/>
      </object_component>
      <object_component id="oc-4d4">
         <name>.text:USBDevLPMDisable</name>
         <load_address>0x3cb0</load_address>
         <run_address>0x3cb0</run_address>
         <size>0xe</size>
         <input_file_ref idref="fl-e2"/>
      </object_component>
      <object_component id="oc-167">
         <name>.text:USBDevLPMEnable</name>
         <load_address>0x3cbe</load_address>
         <run_address>0x3cbe</run_address>
         <size>0xe</size>
         <input_file_ref idref="fl-e2"/>
      </object_component>
      <object_component id="oc-4c2">
         <name>.text:USBULPIDisable</name>
         <load_address>0x3ccc</load_address>
         <run_address>0x3ccc</run_address>
         <size>0xe</size>
         <input_file_ref idref="fl-e2"/>
      </object_component>
      <object_component id="oc-4b6">
         <name>.text:USBULPIEnable</name>
         <load_address>0x3cda</load_address>
         <run_address>0x3cda</run_address>
         <size>0xe</size>
         <input_file_ref idref="fl-e2"/>
      </object_component>
      <object_component id="oc-18">
         <name>.text:decompress:none:__TI_decompress_none</name>
         <load_address>0x3ce8</load_address>
         <run_address>0x3ce8</run_address>
         <size>0xe</size>
         <input_file_ref idref="fl-c4"/>
      </object_component>
      <object_component id="oc-74d">
         <name>.text:USBEndpointPacketCountSet</name>
         <load_address>0x3cf6</load_address>
         <run_address>0x3cf6</run_address>
         <size>0xc</size>
         <input_file_ref idref="fl-e2"/>
      </object_component>
      <object_component id="oc-4e0">
         <name>.text:USBLPMIntEnable</name>
         <load_address>0x3d02</load_address>
         <run_address>0x3d02</run_address>
         <size>0xc</size>
         <input_file_ref idref="fl-e2"/>
      </object_component>
      <object_component id="oc-6e">
         <name>.text:decompress:ZI:__TI_zero_init</name>
         <load_address>0x3d0e</load_address>
         <run_address>0x3d0e</run_address>
         <size>0xc</size>
         <input_file_ref idref="fl-c3"/>
      </object_component>
      <object_component id="oc-4b0">
         <name>.text:USBClockEnable</name>
         <load_address>0x3d1a</load_address>
         <run_address>0x3d1a</run_address>
         <size>0xa</size>
         <input_file_ref idref="fl-e2"/>
      </object_component>
      <object_component id="oc-5d9">
         <name>.text:USBControllerVersion</name>
         <load_address>0x3d24</load_address>
         <run_address>0x3d24</run_address>
         <size>0xa</size>
         <input_file_ref idref="fl-e2"/>
      </object_component>
      <object_component id="oc-77f">
         <name>.text:USBDMAChannelAddressSet</name>
         <load_address>0x3d2e</load_address>
         <run_address>0x3d2e</run_address>
         <size>0xa</size>
         <input_file_ref idref="fl-e2"/>
      </object_component>
      <object_component id="oc-785">
         <name>.text:USBDMAChannelCountSet</name>
         <load_address>0x3d38</load_address>
         <run_address>0x3d38</run_address>
         <size>0xa</size>
         <input_file_ref idref="fl-e2"/>
      </object_component>
      <object_component id="oc-4f8">
         <name>.text:USBDevConnect</name>
         <load_address>0x3d42</load_address>
         <run_address>0x3d42</run_address>
         <size>0xa</size>
         <input_file_ref idref="fl-e2"/>
      </object_component>
      <object_component id="oc-179">
         <name>.text:USBDevDisconnect</name>
         <load_address>0x3d4c</load_address>
         <run_address>0x3d4c</run_address>
         <size>0xa</size>
         <input_file_ref idref="fl-e2"/>
      </object_component>
      <object_component id="oc-16d">
         <name>.text:USBIntStatusEndpoint</name>
         <load_address>0x3d56</load_address>
         <run_address>0x3d56</run_address>
         <size>0xa</size>
         <input_file_ref idref="fl-e2"/>
      </object_component>
      <object_component id="oc-4ce">
         <name>.text:USBDevMode</name>
         <load_address>0x3d60</load_address>
         <run_address>0x3d60</run_address>
         <size>0x8</size>
         <input_file_ref idref="fl-e2"/>
      </object_component>
      <object_component id="oc-741">
         <name>.text:USBFIFOAddrGet</name>
         <load_address>0x3d68</load_address>
         <run_address>0x3d68</run_address>
         <size>0x8</size>
         <input_file_ref idref="fl-e2"/>
      </object_component>
      <object_component id="oc-4c8">
         <name>.text:USBOTGMode</name>
         <load_address>0x3d70</load_address>
         <run_address>0x3d70</run_address>
         <size>0x8</size>
         <input_file_ref idref="fl-e2"/>
      </object_component>
      <object_component id="oc-654">
         <name>.text:iDMAUSBChannelIntDisable</name>
         <load_address>0x3d78</load_address>
         <run_address>0x3d78</run_address>
         <size>0x8</size>
         <input_file_ref idref="fl-db"/>
      </object_component>
      <object_component id="oc-64e">
         <name>.text:iDMAUSBChannelIntEnable</name>
         <load_address>0x3d80</load_address>
         <run_address>0x3d80</run_address>
         <size>0x8</size>
         <input_file_ref idref="fl-db"/>
      </object_component>
      <object_component id="oc-1d8">
         <name>.text:GPIOPinWrite</name>
         <load_address>0x3d88</load_address>
         <run_address>0x3d88</run_address>
         <size>0x6</size>
         <input_file_ref idref="fl-d0"/>
      </object_component>
      <object_component id="oc-24">
         <name>.text:ResetISR</name>
         <load_address>0x3d8e</load_address>
         <run_address>0x3d8e</run_address>
         <size>0x6</size>
         <input_file_ref idref="fl-1"/>
      </object_component>
      <object_component id="oc-76a">
         <name>.text:USBDMAChannelIntStatus</name>
         <load_address>0x3d94</load_address>
         <run_address>0x3d94</run_address>
         <size>0x6</size>
         <input_file_ref idref="fl-e2"/>
      </object_component>
      <object_component id="oc-4da">
         <name>.text:USBDevLPMConfig</name>
         <load_address>0x3d9a</load_address>
         <run_address>0x3d9a</run_address>
         <size>0x6</size>
         <input_file_ref idref="fl-e2"/>
      </object_component>
      <object_component id="oc-161">
         <name>.text:USBLPMIntStatus</name>
         <load_address>0x3da0</load_address>
         <run_address>0x3da0</run_address>
         <size>0x6</size>
         <input_file_ref idref="fl-e2"/>
      </object_component>
      <object_component id="oc-648">
         <name>.text:iDMAUSBIntStatus</name>
         <load_address>0x3da6</load_address>
         <run_address>0x3da6</run_address>
         <size>0x6</size>
         <input_file_ref idref="fl-db"/>
      </object_component>
      <object_component id="oc-624">
         <name>.text:DMAUSBStatus</name>
         <load_address>0x3dac</load_address>
         <run_address>0x3dac</run_address>
         <size>0x4</size>
         <input_file_ref idref="fl-db"/>
      </object_component>
      <object_component id="oc-587">
         <name>.text:HandleReset</name>
         <load_address>0x3db0</load_address>
         <run_address>0x3db0</run_address>
         <size>0x4</size>
         <input_file_ref idref="fl-e0"/>
      </object_component>
      <object_component id="oc-252">
         <name>.text:USBDevAddrSet</name>
         <load_address>0x3db4</load_address>
         <run_address>0x3db4</run_address>
         <size>0x4</size>
         <input_file_ref idref="fl-e2"/>
      </object_component>
      <object_component id="oc-f6">
         <name>.text:_system_pre_init</name>
         <load_address>0x3db8</load_address>
         <run_address>0x3db8</run_address>
         <size>0x4</size>
         <input_file_ref idref="fl-cb"/>
      </object_component>
      <object_component id="oc-1eb">
         <name>.text:abort:abort</name>
         <load_address>0x3dbc</load_address>
         <run_address>0x3dbc</run_address>
         <size>0x4</size>
         <input_file_ref idref="fl-cd"/>
      </object_component>
      <object_component id="oc-299">
         <name>.const:g_pppui32XTALtoVCO</name>
         <load_address>0x3dc0</load_address>
         <run_address>0x3dc0</run_address>
         <size>0x1b0</size>
         <input_file_ref idref="fl-d2"/>
      </object_component>
      <object_component id="oc-67d">
         <name>.const</name>
         <load_address>0x3f70</load_address>
         <run_address>0x3f70</run_address>
         <size>0x70</size>
         <input_file_ref idref="fl-d1"/>
      </object_component>
      <object_component id="oc-296">
         <name>.const:g_pui32Xtals</name>
         <load_address>0x3fe0</load_address>
         <run_address>0x3fe0</run_address>
         <size>0x6c</size>
         <input_file_ref idref="fl-d2"/>
      </object_component>
      <object_component id="oc-3e9">
         <name>.const:.string:g_pui8ConfigString</name>
         <load_address>0x404c</load_address>
         <run_address>0x404c</run_address>
         <size>0x34</size>
         <input_file_ref idref="fl-3"/>
      </object_component>
      <object_component id="oc-341">
         <name>.const:g_psUSBDStdRequests</name>
         <load_address>0x4080</load_address>
         <run_address>0x4080</run_address>
         <size>0x34</size>
         <input_file_ref idref="fl-d7"/>
      </object_component>
      <object_component id="oc-499">
         <name>.const:.string:g_pui8MouseReportDescriptor</name>
         <load_address>0x40b4</load_address>
         <run_address>0x40b4</run_address>
         <size>0x32</size>
         <input_file_ref idref="fl-d9"/>
      </object_component>
      <object_component id="oc-487">
         <name>.const:g_sHIDHandlers</name>
         <load_address>0x40e8</load_address>
         <run_address>0x40e8</run_address>
         <size>0x30</size>
         <input_file_ref idref="fl-e0"/>
      </object_component>
      <object_component id="oc-35e">
         <name>.const:g_sXTALtoMEMTIM</name>
         <load_address>0x4118</load_address>
         <run_address>0x4118</run_address>
         <size>0x30</size>
         <input_file_ref idref="fl-d2"/>
      </object_component>
      <object_component id="oc-3e6">
         <name>.const:.string:g_pui8HIDInterfaceString</name>
         <load_address>0x4148</load_address>
         <run_address>0x4148</run_address>
         <size>0x2c</size>
         <input_file_ref idref="fl-3"/>
      </object_component>
      <object_component id="oc-3a2">
         <name>.const</name>
         <load_address>0x4174</load_address>
         <run_address>0x4174</run_address>
         <size>0x2c</size>
         <input_file_ref idref="fl-d9"/>
      </object_component>
      <object_component id="oc-3e0">
         <name>.const:.string:g_pui8ProductString</name>
         <load_address>0x41a0</load_address>
         <run_address>0x41a0</run_address>
         <size>0x26</size>
         <input_file_ref idref="fl-3"/>
      </object_component>
      <object_component id="oc-3dd">
         <name>.const:.string:g_pui8ManufacturerString</name>
         <load_address>0x41c6</load_address>
         <run_address>0x41c6</run_address>
         <size>0x24</size>
         <input_file_ref idref="fl-3"/>
      </object_component>
      <object_component id="oc-306">
         <name>.const:g_ppui8StringDescriptors</name>
         <load_address>0x41ec</load_address>
         <run_address>0x41ec</run_address>
         <size>0x18</size>
         <input_file_ref idref="fl-3"/>
      </object_component>
      <object_component id="oc-3e3">
         <name>.const:.string:g_pui8SerialNumberString</name>
         <load_address>0x4204</load_address>
         <run_address>0x4204</run_address>
         <size>0x12</size>
         <input_file_ref idref="fl-3"/>
      </object_component>
      <object_component id="oc-2c2">
         <name>.const:g_ui32UARTBase</name>
         <load_address>0x4218</load_address>
         <run_address>0x4218</run_address>
         <size>0xc</size>
         <input_file_ref idref="fl-6"/>
      </object_component>
      <object_component id="oc-137">
         <name>.const:g_ui32UARTInt</name>
         <load_address>0x4224</load_address>
         <run_address>0x4224</run_address>
         <size>0xc</size>
         <input_file_ref idref="fl-6"/>
      </object_component>
      <object_component id="oc-2bf">
         <name>.const:g_ui32UARTPeriph</name>
         <load_address>0x4230</load_address>
         <run_address>0x4230</run_address>
         <size>0xc</size>
         <input_file_ref idref="fl-6"/>
      </object_component>
      <object_component id="oc-29c">
         <name>.const</name>
         <load_address>0x423c</load_address>
         <run_address>0x423c</run_address>
         <size>0x8</size>
         <input_file_ref idref="fl-d2"/>
      </object_component>
      <object_component id="oc-496">
         <name>.const:.string</name>
         <load_address>0x4244</load_address>
         <run_address>0x4244</run_address>
         <size>0x7</size>
         <input_file_ref idref="fl-d9"/>
      </object_component>
      <object_component id="oc-3da">
         <name>.const:.string:g_pui8LangDescriptor</name>
         <load_address>0x424b</load_address>
         <run_address>0x424b</run_address>
         <size>0x4</size>
         <input_file_ref idref="fl-3"/>
      </object_component>
      <object_component id="oc-816">
         <name>.cinit..data.load</name>
         <load_address>0x4250</load_address>
         <run_address>0x4250</run_address>
         <size>0x75</size>
      </object_component>
      <object_component id="oc-814">
         <name>__TI_handler_table</name>
         <load_address>0x42c8</load_address>
         <run_address>0x42c8</run_address>
         <size>0xc</size>
      </object_component>
      <object_component id="oc-817">
         <name>.cinit..bss.load</name>
         <load_address>0x42d8</load_address>
         <run_address>0x42d8</run_address>
         <size>0x8</size>
      </object_component>
      <object_component id="oc-815">
         <name>__TI_cinit_table</name>
         <load_address>0x42e0</load_address>
         <run_address>0x42e0</run_address>
         <size>0x10</size>
      </object_component>
      <object_component id="oc-1e4">
         <name>.data</name>
         <load_address>0x20000b78</load_address>
         <run_address>0x20000b78</run_address>
         <size>0x3</size>
         <input_file_ref idref="fl-2"/>
      </object_component>
      <object_component id="oc-1e7">
         <name>.data:g_sMouseDevice</name>
         <load_address>0x20000a68</load_address>
         <run_address>0x20000a68</run_address>
         <size>0x94</size>
         <input_file_ref idref="fl-3"/>
      </object_component>
      <object_component id="oc-2af">
         <name>.data</name>
         <load_address>0x20000b6d</load_address>
         <run_address>0x20000b6d</run_address>
         <size>0x3</size>
         <input_file_ref idref="fl-4"/>
      </object_component>
      <object_component id="oc-ae">
         <name>.data</name>
         <load_address>0x20000b30</load_address>
         <run_address>0x20000b30</run_address>
         <size>0x15</size>
         <input_file_ref idref="fl-6"/>
      </object_component>
      <object_component id="oc-2c6">
         <name>.data</name>
         <load_address>0x20000b64</load_address>
         <run_address>0x20000b64</run_address>
         <size>0x9</size>
         <input_file_ref idref="fl-d4"/>
      </object_component>
      <object_component id="oc-185">
         <name>.data</name>
         <load_address>0x20000b58</load_address>
         <run_address>0x20000b58</run_address>
         <size>0xc</size>
         <input_file_ref idref="fl-d5"/>
      </object_component>
      <object_component id="oc-188">
         <name>.data</name>
         <load_address>0x20000b70</load_address>
         <run_address>0x20000b70</run_address>
         <size>0x8</size>
         <input_file_ref idref="fl-d7"/>
      </object_component>
      <object_component id="oc-2dc">
         <name>.data</name>
         <load_address>0x20000afc</load_address>
         <run_address>0x20000afc</run_address>
         <size>0x34</size>
         <input_file_ref idref="fl-d9"/>
      </object_component>
      <object_component id="oc-48a">
         <name>.data</name>
         <load_address>0x20000b45</load_address>
         <run_address>0x20000b45</run_address>
         <size>0x12</size>
         <input_file_ref idref="fl-e0"/>
      </object_component>
      <object_component id="oc-b1">
         <name>.bss</name>
         <uninitialized>true</uninitialized>
         <run_address>0x20000650</run_address>
         <size>0x8</size>
         <input_file_ref idref="fl-6"/>
      </object_component>
      <object_component id="oc-13a">
         <name>.bss:g_pcUARTTxBuffer</name>
         <uninitialized>true</uninitialized>
         <run_address>0x20000000</run_address>
         <size>0x400</size>
         <input_file_ref idref="fl-6"/>
      </object_component>
      <object_component id="oc-b4">
         <name>.bss:g_pcUARTRxBuffer</name>
         <uninitialized>true</uninitialized>
         <run_address>0x20000510</run_address>
         <size>0x80</size>
         <input_file_ref idref="fl-6"/>
      </object_component>
      <object_component id="oc-33e">
         <name>.bss:g_pui8DataBufferIn</name>
         <uninitialized>true</uninitialized>
         <run_address>0x200005e0</run_address>
         <size>0x40</size>
         <input_file_ref idref="fl-d7"/>
      </object_component>
      <object_component id="oc-182">
         <name>.bss:g_psDCDInst</name>
         <uninitialized>true</uninitialized>
         <run_address>0x20000590</run_address>
         <size>0x50</size>
         <input_file_ref idref="fl-d7"/>
      </object_component>
      <object_component id="oc-5df">
         <name>.bss:g_psUSBDMAInst</name>
         <uninitialized>true</uninitialized>
         <run_address>0x20000400</run_address>
         <size>0x110</size>
         <input_file_ref idref="fl-db"/>
      </object_component>
      <object_component id="oc-92">
         <name>.common:g_ui32SysTickCount</name>
         <uninitialized>true</uninitialized>
         <run_address>0x20000660</run_address>
         <size>0x4</size>
      </object_component>
      <object_component id="oc-2c9">
         <name>.common:g_pfnUSBModeCallback</name>
         <uninitialized>true</uninitialized>
         <run_address>0x20000658</run_address>
         <size>0x4</size>
      </object_component>
      <object_component id="oc-23e">
         <name>.common:g_pfnTickHandlers</name>
         <uninitialized>true</uninitialized>
         <run_address>0x20000620</run_address>
         <size>0x18</size>
      </object_component>
      <object_component id="oc-241">
         <name>.common:g_pvTickInstance</name>
         <uninitialized>true</uninitialized>
         <run_address>0x20000638</run_address>
         <size>0x18</size>
      </object_component>
      <object_component id="oc-2ce">
         <name>.common:g_ui32ULPISupport</name>
         <uninitialized>true</uninitialized>
         <run_address>0x20000664</run_address>
         <size>0x4</size>
      </object_component>
      <object_component id="oc-17f">
         <name>.common:g_ppsDevInfo</name>
         <uninitialized>true</uninitialized>
         <run_address>0x2000065c</run_address>
         <size>0x4</size>
      </object_component>
      <object_component id="oc-21">
         <name>.stack</name>
         <uninitialized>true</uninitialized>
         <run_address>0x20000668</run_address>
         <size>0x4</size>
         <input_file_ref idref="fl-c6"/>
      </object_component>
      <object_component id="oc-818">
         <name>.stack</name>
         <uninitialized>true</uninitialized>
         <run_address>0x20000668</run_address>
         <size>0x0</size>
      </object_component>
      <object_component id="oc-50">
         <name>.debug_info</name>
         <load_address>0x0</load_address>
         <run_address>0x0</run_address>
         <size>0x316</size>
         <input_file_ref idref="fl-1"/>
      </object_component>
      <object_component id="oc-10">
         <name>.debug_info</name>
         <load_address>0x316</load_address>
         <run_address>0x316</run_address>
         <size>0xcd</size>
         <input_file_ref idref="fl-1"/>
      </object_component>
      <object_component id="oc-25">
         <name>.debug_info</name>
         <load_address>0x3e3</load_address>
         <run_address>0x3e3</run_address>
         <size>0xfd</size>
         <input_file_ref idref="fl-1"/>
      </object_component>
      <object_component id="oc-2b">
         <name>.debug_info</name>
         <load_address>0x4e0</load_address>
         <run_address>0x4e0</run_address>
         <size>0xeb</size>
         <input_file_ref idref="fl-1"/>
      </object_component>
      <object_component id="oc-37">
         <name>.debug_info</name>
         <load_address>0x5cb</load_address>
         <run_address>0x5cb</run_address>
         <size>0x106</size>
         <input_file_ref idref="fl-1"/>
      </object_component>
      <object_component id="oc-31">
         <name>.debug_info</name>
         <load_address>0x6d1</load_address>
         <run_address>0x6d1</run_address>
         <size>0xf2</size>
         <input_file_ref idref="fl-1"/>
      </object_component>
      <object_component id="oc-d6">
         <name>.debug_info</name>
         <load_address>0x7c3</load_address>
         <run_address>0x7c3</run_address>
         <size>0x26b</size>
         <input_file_ref idref="fl-1"/>
      </object_component>
      <object_component id="oc-57">
         <name>.debug_info</name>
         <load_address>0xa2e</load_address>
         <run_address>0xa2e</run_address>
         <size>0x84</size>
         <input_file_ref idref="fl-1"/>
      </object_component>
      <object_component id="oc-148">
         <name>.debug_info</name>
         <load_address>0xab2</load_address>
         <run_address>0xab2</run_address>
         <size>0x297</size>
         <input_file_ref idref="fl-1"/>
      </object_component>
      <object_component id="oc-132">
         <name>.debug_info</name>
         <load_address>0xd49</load_address>
         <run_address>0xd49</run_address>
         <size>0xef</size>
         <input_file_ref idref="fl-1"/>
      </object_component>
      <object_component id="oc-bd">
         <name>.debug_info</name>
         <load_address>0xe38</load_address>
         <run_address>0xe38</run_address>
         <size>0xbb</size>
         <input_file_ref idref="fl-1"/>
      </object_component>
      <object_component id="oc-93">
         <name>.debug_info</name>
         <load_address>0xef3</load_address>
         <run_address>0xef3</run_address>
         <size>0x7bf</size>
         <input_file_ref idref="fl-2"/>
      </object_component>
      <object_component id="oc-1e5">
         <name>.debug_info</name>
         <load_address>0x16b2</load_address>
         <run_address>0x16b2</run_address>
         <size>0x123</size>
         <input_file_ref idref="fl-2"/>
      </object_component>
      <object_component id="oc-fd">
         <name>.debug_info</name>
         <load_address>0x17d5</load_address>
         <run_address>0x17d5</run_address>
         <size>0x39e</size>
         <input_file_ref idref="fl-2"/>
      </object_component>
      <object_component id="oc-3d">
         <name>.debug_info</name>
         <load_address>0x1b73</load_address>
         <run_address>0x1b73</run_address>
         <size>0x115</size>
         <input_file_ref idref="fl-2"/>
      </object_component>
      <object_component id="oc-301">
         <name>.debug_info</name>
         <load_address>0x1c88</load_address>
         <run_address>0x1c88</run_address>
         <size>0x183</size>
         <input_file_ref idref="fl-2"/>
      </object_component>
      <object_component id="oc-110">
         <name>.debug_info</name>
         <load_address>0x1e0b</load_address>
         <run_address>0x1e0b</run_address>
         <size>0x3d4</size>
         <input_file_ref idref="fl-2"/>
      </object_component>
      <object_component id="oc-115">
         <name>.debug_info</name>
         <load_address>0x21df</load_address>
         <run_address>0x21df</run_address>
         <size>0x1b4</size>
         <input_file_ref idref="fl-2"/>
      </object_component>
      <object_component id="oc-11a">
         <name>.debug_info</name>
         <load_address>0x2393</load_address>
         <run_address>0x2393</run_address>
         <size>0x234</size>
         <input_file_ref idref="fl-2"/>
      </object_component>
      <object_component id="oc-11f">
         <name>.debug_info</name>
         <load_address>0x25c7</load_address>
         <run_address>0x25c7</run_address>
         <size>0x219</size>
         <input_file_ref idref="fl-2"/>
      </object_component>
[...]
         <value>0x3dbd</value>
         <object_component_ref idref="oc-1eb"/>
      </symbol>
      <symbol id="sm-35b">
         <name>abort</name>
         <value>0x3dbd</value>
         <object_component_ref idref="oc-1eb"/>
      </symbol>
      <symbol id="sm-389">
         <name>GPIODirModeSet</name>
         <value>0x36c1</value>
         <object_component_ref idref="oc-371"/>
      </symbol>
      <symbol id="sm-38a">
         <name>GPIOPinWrite</name>
         <value>0x3d89</value>
         <object_component_ref idref="oc-1d8"/>
      </symbol>
      <symbol id="sm-38b">
         <name>GPIOPadConfigSet</name>
         <value>0x1219</value>
         <object_component_ref idref="oc-2a1"/>
      </symbol>
      <symbol id="sm-38c">
         <name>GPIOPinTypeEthernetLED</name>
         <value>0x3bd9</value>
         <object_component_ref idref="oc-2a7"/>
      </symbol>
      <symbol id="sm-3d7">
         <name>IntIsEnabled</name>
         <value>0x26fd</value>
         <object_component_ref idref="oc-71a"/>
      </symbol>
      <symbol id="sm-3d8">
         <name>IntEnable</name>
         <value>0x25c9</value>
         <object_component_ref idref="oc-4fe"/>
      </symbol>
      <symbol id="sm-3d9">
         <name>IntDisable</name>
         <value>0x2561</value>
         <object_component_ref idref="oc-720"/>
      </symbol>
      <symbol id="sm-46e">
         <name>SysCtlPeripheralEnable</name>
         <value>0x33e1</value>
         <object_component_ref idref="oc-4a4"/>
      </symbol>
      <symbol id="sm-46f">
         <name>SysCtlVCOGet</name>
         <value>0x2335</value>
         <object_component_ref idref="oc-1ba"/>
      </symbol>
      <symbol id="sm-470">
         <name>SysCtlUSBPLLEnable</name>
         <value>0x3b61</value>
         <object_component_ref idref="oc-4aa"/>
      </symbol>
      <symbol id="sm-471">
         <name>SysCtlClockFreqSet</name>
         <value>0x635</value>
         <object_component_ref idref="oc-19c"/>
      </symbol>
      <symbol id="sm-472">
         <name>SysCtlPeripheralReset</name>
         <value>0x2aed</value>
         <object_component_ref idref="oc-49e"/>
      </symbol>
      <symbol id="sm-4b2">
         <name>g_iUSBMode</name>
         <value>0x20000b64</value>
         <object_component_ref idref="oc-2c6"/>
      </symbol>
      <symbol id="sm-4b3">
         <name>USBStackModeSet</name>
         <value>0x38a1</value>
         <object_component_ref idref="oc-1b4"/>
      </symbol>
      <symbol id="sm-4b4">
         <name>g_ui32WaitTicks</name>
         <value>0x20000b68</value>
         <object_component_ref idref="oc-2c6"/>
      </symbol>
      <symbol id="sm-4ec">
         <name>g_pfnTickHandlers</name>
         <value>0x20000620</value>
      </symbol>
      <symbol id="sm-4ed">
         <name>g_pvTickInstance</name>
         <value>0x20000638</value>
      </symbol>
      <symbol id="sm-4ee">
         <name>g_ui32USBSOFCount</name>
         <value>0x20000b60</value>
         <object_component_ref idref="oc-185"/>
      </symbol>
      <symbol id="sm-4ef">
         <name>g_bUSBTimerInitialized</name>
         <value>0x20000b58</value>
         <object_component_ref idref="oc-185"/>
      </symbol>
      <symbol id="sm-4f0">
         <name>g_ui32CurrentUSBTick</name>
         <value>0x20000b5c</value>
         <object_component_ref idref="oc-185"/>
      </symbol>
      <symbol id="sm-4f1">
         <name>InternalUSBStartOfFrameTick</name>
         <value>0x3261</value>
         <object_component_ref idref="oc-15b"/>
      </symbol>
      <symbol id="sm-4f2">
         <name>InternalUSBRegisterTickHandler</name>
         <value>0x3229</value>
         <object_component_ref idref="oc-481"/>
      </symbol>
      <symbol id="sm-4f3">
         <name>InternalUSBTickInit</name>
         <value>0x35dd</value>
         <object_component_ref idref="oc-47b"/>
      </symbol>
      <symbol id="sm-6a4">
         <name>g_ppsDevInfo</name>
         <value>0x2000065c</value>
      </symbol>
      <symbol id="sm-6a5">
         <name>USBDCDSendDataEP0</name>
         <value>0x3b89</value>
         <object_component_ref idref="oc-6bb"/>
      </symbol>
      <symbol id="sm-6a6">
         <name>USBDCDFeatureSet</name>
         <value>0x1bfd</value>
         <object_component_ref idref="oc-1c0"/>
      </symbol>
      <symbol id="sm-6a7">
         <name>USBDCDStallEP0</name>
         <value>0x3a01</value>
         <object_component_ref idref="oc-338"/>
      </symbol>
      <symbol id="sm-6a8">
         <name>USBDCDRequestDataEP0</name>
         <value>0x3b75</value>
         <object_component_ref idref="oc-6c2"/>
      </symbol>
      <symbol id="sm-6a9">
         <name>USBDeviceEnumHandler</name>
         <value>0x1719</value>
         <object_component_ref idref="oc-173"/>
      </symbol>
      <symbol id="sm-6aa">
         <name>USBDCDInit</name>
         <value>0xce1</value>
         <object_component_ref idref="oc-3a6"/>
      </symbol>
      <symbol id="sm-6ab">
         <name>USBDeviceEnumResetHandler</name>
         <value>0x2ec9</value>
         <object_component_ref idref="oc-14f"/>
      </symbol>
      <symbol id="sm-6ac">
         <name>g_psDCDInst</name>
         <value>0x20000590</value>
         <object_component_ref idref="oc-182"/>
      </symbol>
      <symbol id="sm-6ad">
         <name>USBDCDDeviceInfoInit</name>
         <value>0x2fe9</value>
         <object_component_ref idref="oc-46f"/>
      </symbol>
      <symbol id="sm-6ae">
         <name>USBDeviceIntHandlerInternal</name>
         <value>0xf81</value>
         <object_component_ref idref="oc-c8"/>
      </symbol>
      <symbol id="sm-6af">
         <name>USBDeviceResumeTickHandler</name>
         <value>0x2b8d</value>
         <object_component_ref idref="oc-155"/>
      </symbol>
      <symbol id="sm-6bb">
         <name>USB0DeviceIntHandler</name>
         <value>0x3ad1</value>
         <object_component_ref idref="oc-48"/>
      </symbol>
      <symbol id="sm-731">
         <name>USBDHIDMouseInit</name>
         <value>0x3415</value>
         <object_component_ref idref="oc-1c6"/>
      </symbol>
      <symbol id="sm-732">
         <name>g_pui8HIDInEndpoint</name>
         <value>0x4244</value>
         <object_component_ref idref="oc-496"/>
      </symbol>
      <symbol id="sm-733">
         <name>g_pui8HIDInterface</name>
         <value>0x20000b05</value>
         <object_component_ref idref="oc-2dc"/>
      </symbol>
      <symbol id="sm-734">
         <name>USBDHIDMouseCompositeInit</name>
         <value>0x1f45</value>
         <object_component_ref idref="oc-2d0"/>
      </symbol>
      <symbol id="sm-735">
         <name>g_sHIDConfigSection</name>
         <value>0x4180</value>
         <object_component_ref idref="oc-3a2"/>
      </symbol>
      <symbol id="sm-736">
         <name>g_sHIDInEndpointSection</name>
         <value>0x4190</value>
         <object_component_ref idref="oc-3a2"/>
      </symbol>
      <symbol id="sm-737">
         <name>g_pui8MouseDescriptor</name>
         <value>0x20000afc</value>
         <object_component_ref idref="oc-2dc"/>
      </symbol>
      <symbol id="sm-738">
         <name>g_sHIDInterfaceSection</name>
         <value>0x4188</value>
         <object_component_ref idref="oc-3a2"/>
      </symbol>
      <symbol id="sm-739">
         <name>g_sHIDConfigHeader</name>
         <value>0x20000b28</value>
         <object_component_ref idref="oc-2dc"/>
      </symbol>
      <symbol id="sm-73a">
         <name>USBDHIDMouseStateChange</name>
         <value>0x3135</value>
         <object_component_ref idref="oc-1de"/>
      </symbol>
      <symbol id="sm-73b">
         <name>g_sHIDDescriptorSection</name>
         <value>0x20000b10</value>
         <object_component_ref idref="oc-2dc"/>
      </symbol>
      <symbol id="sm-73c">
         <name>g_ppsHIDConfigDescriptors</name>
         <value>0x4198</value>
         <object_component_ref idref="oc-3a2"/>
      </symbol>
      <symbol id="sm-73d">
         <name>g_psHIDSections</name>
         <value>0x20000b18</value>
         <object_component_ref idref="oc-2dc"/>
      </symbol>
      <symbol id="sm-760">
         <name>USBDescGet</name>
         <value>0x3669</value>
         <object_component_ref idref="oc-7a2"/>
      </symbol>
      <symbol id="sm-761">
         <name>USBDescGetNum</name>
         <value>0x3715</value>
         <object_component_ref idref="oc-6a5"/>
      </symbol>
      <symbol id="sm-8a6">
         <name>USBLibDMAInit</name>
         <value>0xb81</value>
         <object_component_ref idref="oc-4e6"/>
      </symbol>
      <symbol id="sm-8b3">
         <name>ULPIConfigSet</name>
         <value>0x2a49</value>
         <object_component_ref idref="oc-4bc"/>
      </symbol>
      <symbol id="sm-904">
         <name>USBDCDConfigDescGet</name>
         <value>0x2b3d</value>
         <object_component_ref idref="oc-685"/>
      </symbol>
      <symbol id="sm-905">
         <name>USBDCDConfigGetInterface</name>
         <value>0x39e5</value>
         <object_component_ref idref="oc-54e"/>
      </symbol>
      <symbol id="sm-906">
         <name>USBDCDConfigDescGetSize</name>
         <value>0x3a6d</value>
         <object_component_ref idref="oc-345"/>
      </symbol>
      <symbol id="sm-907">
         <name>USBDCDConfigGetInterfaceEndpoint</name>
         <value>0x3299</value>
         <object_component_ref idref="oc-469"/>
      </symbol>
      <symbol id="sm-908">
         <name>USBDCDConfigDescGetNum</name>
         <value>0x36eb</value>
         <object_component_ref idref="oc-548"/>
      </symbol>
      <symbol id="sm-955">
         <name>USBDeviceConfigAlternate</name>
         <value>0x1da9</value>
         <object_component_ref idref="oc-554"/>
      </symbol>
      <symbol id="sm-956">
         <name>USBDeviceConfig</name>
         <value>0x10d1</value>
         <object_component_ref idref="oc-540"/>
      </symbol>
      <symbol id="sm-a9a">
         <name>USBDHIDInit</name>
         <value>0x3831</value>
         <object_component_ref idref="oc-2d6"/>
      </symbol>
      <symbol id="sm-a9b">
         <name>USBDHIDReportWrite</name>
         <value>0x2da3</value>
         <object_component_ref idref="oc-2f7"/>
      </symbol>
      <symbol id="sm-a9c">
         <name>g_sHIDHandlers</name>
         <value>0x40e8</value>
         <object_component_ref idref="oc-487"/>
      </symbol>
      <symbol id="sm-a9d">
         <name>USBDHIDCompositeInit</name>
         <value>0x1639</value>
         <object_component_ref idref="oc-390"/>
      </symbol>
      <symbol id="sm-a9e">
         <name>g_pui8HIDDeviceDescriptor</name>
         <value>0x20000b45</value>
         <object_component_ref idref="oc-48a"/>
      </symbol>
      <symbol id="sm-a9f">
         <name>USBDHIDTxPacketAvailable</name>
         <value>0x3c95</value>
         <object_component_ref idref="oc-2f1"/>
      </symbol>
      <symbol id="sm-aea">
         <name>uDMAChannelControlSet</name>
         <value>0x38c5</value>
         <object_component_ref idref="oc-6f9"/>
      </symbol>
      <symbol id="sm-aeb">
         <name>uDMAChannelDisable</name>
         <value>0x3b19</value>
         <object_component_ref idref="oc-713"/>
      </symbol>
      <symbol id="sm-aec">
         <name>uDMAChannelModeGet</name>
         <value>0x3809</value>
         <object_component_ref idref="oc-738"/>
      </symbol>
      <symbol id="sm-aed">
         <name>uDMAChannelTransferSet</name>
         <value>0x204d</value>
         <object_component_ref idref="oc-747"/>
      </symbol>
      <symbol id="sm-aee">
         <name>uDMAChannelAttributeDisable</name>
         <value>0x2f59</value>
         <object_component_ref idref="oc-706"/>
      </symbol>
      <symbol id="sm-aef">
         <name>uDMAChannelEnable</name>
         <value>0x3b31</value>
         <object_component_ref idref="oc-72c"/>
      </symbol>
      <symbol id="sm-c9e">
         <name>USBLPMIntEnable</name>
         <value>0x3d03</value>
         <object_component_ref idref="oc-4e0"/>
      </symbol>
      <symbol id="sm-c9f">
         <name>USBEndpointDataAvail</name>
         <value>0x3a1d</value>
         <object_component_ref idref="oc-5b5"/>
      </symbol>
      <symbol id="sm-ca0">
         <name>USBClockEnable</name>
         <value>0x3d1b</value>
         <object_component_ref idref="oc-4b0"/>
      </symbol>
      <symbol id="sm-ca1">
         <name>USBDevDisconnect</name>
         <value>0x3d4d</value>
         <object_component_ref idref="oc-179"/>
      </symbol>
      <symbol id="sm-ca2">
         <name>USBDevEndpointStallClear</name>
         <value>0x2ded</value>
         <object_component_ref idref="oc-52e"/>
      </symbol>
      <symbol id="sm-ca3">
         <name>USBEndpointDataPut</name>
         <value>0x3377</value>
         <object_component_ref idref="oc-34b"/>
      </symbol>
      <symbol id="sm-ca4">
         <name>USBDMAChannelIntStatus</name>
         <value>0x3d95</value>
         <object_component_ref idref="oc-76a"/>
      </symbol>
      <symbol id="sm-ca5">
         <name>USBDevAddrSet</name>
         <value>0x3db5</value>
         <object_component_ref idref="oc-252"/>
      </symbol>
      <symbol id="sm-ca6">
         <name>USBDMAChannelCountSet</name>
         <value>0x3d39</value>
         <object_component_ref idref="oc-785"/>
      </symbol>
      <symbol id="sm-ca7">
         <name>USBLPMIntStatus</name>
         <value>0x3da1</value>
         <object_component_ref idref="oc-161"/>
      </symbol>
      <symbol id="sm-ca8">
         <name>USBDMAChannelAddressSet</name>
         <value>0x3d2f</value>
         <object_component_ref idref="oc-77f"/>
      </symbol>
      <symbol id="sm-ca9">
         <name>USBULPIDisable</name>
         <value>0x3ccd</value>
         <object_component_ref idref="oc-4c2"/>
      </symbol>
      <symbol id="sm-caa">
         <name>USBIntStatusControl</name>
         <value>0x32d1</value>
         <object_component_ref idref="oc-c2"/>
      </symbol>
      <symbol id="sm-cab">
         <name>USBEndpointDMADisable</name>
         <value>0x3857</value>
         <object_component_ref idref="oc-70c"/>
      </symbol>
      <symbol id="sm-cac">
         <name>USBDevEndpointDataAck</name>
         <value>0x373f</value>
         <object_component_ref idref="oc-25e"/>
      </symbol>
      <symbol id="sm-cad">
         <name>USBOTGMode</name>
         <value>0x3d71</value>
         <object_component_ref idref="oc-4c8"/>
      </symbol>
      <symbol id="sm-cae">
         <name>USBDMAChannelConfigSet</name>
         <value>0x3b9d</value>
         <object_component_ref idref="oc-78b"/>
      </symbol>
      <symbol id="sm-caf">
         <name>USBULPIRegRead</name>
         <value>0x398d</value>
         <object_component_ref idref="oc-5c5"/>
      </symbol>
      <symbol id="sm-cb0">
         <name>USBDevMode</name>
         <value>0x3d61</value>
         <object_component_ref idref="oc-4ce"/>
      </symbol>
      <symbol id="sm-cb1">
         <name>USBIntEnableEndpoint</name>
         <value>0x3b49</value>
         <object_component_ref idref="oc-4f2"/>
      </symbol>
      <symbol id="sm-cb2">
         <name>USBEndpointDataGet</name>
         <value>0x2fa1</value>
         <object_component_ref idref="oc-258"/>
      </symbol>
      <symbol id="sm-cb3">
         <name>USBDevEndpointStatusClear</name>
         <value>0x28e5</value>
         <object_component_ref idref="oc-24c"/>
      </symbol>
      <symbol id="sm-cb4">
         <name>USBULPIEnable</name>
         <value>0x3cdb</value>
         <object_component_ref idref="oc-4b6"/>
      </symbol>
      <symbol id="sm-cb5">
         <name>USBFIFOAddrGet</name>
         <value>0x3d69</value>
         <object_component_ref idref="oc-741"/>
      </symbol>
      <symbol id="sm-cb6">
         <name>USBDMAChannelStatus</name>
         <value>0x3ca3</value>
         <object_component_ref idref="oc-763"/>
      </symbol>
      <symbol id="sm-cb7">
         <name>USBULPIRegWrite</name>
         <value>0x39ab</value>
         <object_component_ref idref="oc-5cb"/>
      </symbol>
      <symbol id="sm-cb8">
         <name>USBDMAChannelIntEnable</name>
         <value>0x3c45</value>
         <object_component_ref idref="oc-771"/>
      </symbol>
      <symbol id="sm-cb9">
         <name>USBDevLPMConfig</name>
         <value>0x3d9b</value>
         <object_component_ref idref="oc-4da"/>
      </symbol>
      <symbol id="sm-cba">
         <name>USBDevLPMEnable</name>
         <value>0x3cbf</value>
         <object_component_ref idref="oc-167"/>
      </symbol>
      <symbol id="sm-cbb">
         <name>USBControllerVersion</name>
         <value>0x3d25</value>
         <object_component_ref idref="oc-5d9"/>
      </symbol>
      <symbol id="sm-cbc">
         <name>USBFIFOConfigSet</name>
         <value>0x31ed</value>
         <object_component_ref idref="oc-69d"/>
      </symbol>
      <symbol id="sm-cbd">
         <name>USBEndpointDMAEnable</name>
         <value>0x387b</value>
         <object_component_ref idref="oc-726"/>
      </symbol>
      <symbol id="sm-cbe">
         <name>USBDevLPMDisable</name>
         <value>0x3cb1</value>
         <object_component_ref idref="oc-4d4"/>
      </symbol>
      <symbol id="sm-cbf">
         <name>USBEndpointDataSend</name>
         <value>0x3449</value>
         <object_component_ref idref="oc-351"/>
      </symbol>
      <symbol id="sm-cc0">
         <name>USBIntStatusEndpoint</name>
         <value>0x3d57</value>
         <object_component_ref idref="oc-16d"/>
      </symbol>
      <symbol id="sm-cc1">
         <name>USBEndpointStatus</name>
         <value>0x3c69</value>
         <object_component_ref idref="oc-246"/>
      </symbol>
      <symbol id="sm-cc2">
         <name>USBEndpointPacketCountSet</name>
         <value>0x3cf7</value>
         <object_component_ref idref="oc-74d"/>
      </symbol>
      <symbol id="sm-cc3">
         <name>USBDMAChannelIntDisable</name>
         <value>0x3c33</value>
         <object_component_ref idref="oc-778"/>
      </symbol>
      <symbol id="sm-cc4">
         <name>USBEndpointDMAConfigSet</name>
         <value>0x2cc1</value>
         <object_component_ref idref="oc-753"/>
      </symbol>
      <symbol id="sm-cc5">
         <name>USBDevEndpointStall</name>
         <value>0x3547</value>
         <object_component_ref idref="oc-410"/>
      </symbol>
      <symbol id="sm-cc6">
         <name>USBDevConnect</name>
         <value>0x3d43</value>
         <object_component_ref idref="oc-4f8"/>
      </symbol>
      <symbol id="sm-cc7">
         <name>USBDevEndpointConfigSet</name>
         <value>0x2151</value>
         <object_component_ref idref="oc-691"/>
      </symbol>
      <symbol id="sm-cc8">
         <name>USBDMAChannelDisable</name>
         <value>0x3c0f</value>
         <object_component_ref idref="oc-75c"/>
      </symbol>
      <symbol id="sm-cc9">
         <name>USBDMAChannelEnable</name>
         <value>0x3c21</value>
         <object_component_ref idref="oc-791"/>
      </symbol>
      <symbol id="sm-cca">
         <name>USBHostResume</name>
         <value>0x3bb1</value>
         <object_component_ref idref="oc-237"/>
      </symbol>
      <symbol id="sm-ccb">
         <name>USBIntEnableControl</name>
         <value>0x37e1</value>
         <object_component_ref idref="oc-4ec"/>
      </symbol>
      <symbol id="sm-ccc">
         <name>USBEndpointDMAChannel</name>
         <value>0x3a87</value>
         <object_component_ref idref="oc-700"/>
      </symbol>
      <symbol id="sm-ccd">
         <name>__TI_static_base__</name>
         <value>0x0</value>
      </symbol>
      <symbol id="sm-cd0">
         <name>__mpu_init</name>
         <value>0x0</value>
      </symbol>
      <symbol id="sm-cd1">
         <name>_system_post_cinit</name>
         <value>0x0</value>
      </symbol>
   </symbol_table>
   <title>Link successful</title>
</link_info>
