******************************************************************************
                  TI ARM Linker Unix v18.1.3                   
******************************************************************************
>> Linked Sun Jan 27 23:24:37 2019

OUTPUT FILE NAME:   <Tiwiimo.out>
ENTRY POINT SYMBOL: "_c_int00_noargs"  address: 00003309


MEMORY CONFIGURATION

         name            origin    length      used     unused   attr    fill
----------------------  --------  ---------  --------  --------  ----  --------
  FLASH                 00000000   00100000  000042ef  000fbd11  R  X
  SRAM                  20000000   00040000  00000b7b  0003f485  RW X


SEGMENT ALLOCATION MAP

run origin  load origin   length   init length attrs members
----------  ----------- ---------- ----------- ----- -------
00000000    00000000    000042f0   000042f0    r-x
  00000000    00000000    00000200   00000200    r-- .intvecs
  00000200    00000200    00003bc0   00003bc0    r-x .text
  00003dc0    00003dc0    0000048f   0000048f    r-- .const
  00004250    00004250    000000a0   000000a0    r-- .cinit
20000000    20000000    00000b7b   00000000    rw-
  20000000    20000000    00000668   00000000    rw- .bss
  20000668    20000668    00000400   00000000    rw- .stack
  20000a68    20000a68    00000113   00000000    rw- .data


SECTION ALLOCATION MAP

 output                                  attributes/
section   page    origin      length       input sections
--------  ----  ----------  ----------   ----------------
.intvecs   0    00000000    00000200     
                  00000000    00000200     startup_ccs.obj (.intvecs)

.text      0    00000200    00003bc0     
                  00000200    0000021c     usb_dev_mouse.obj (.text:main)
                  0000041c    00000218     pinout.obj (.text:PinoutSet)
                  00000634    00000200     driverlib.lib : sysctl.obj (.text:SysCtlClockFreqSet)
                  00000834    000001ea     uartstdio.obj (.text:UARTvprintf)
                  00000a1e    00000002     startup_ccs.obj (.text:FaultISR)
                  00000a20    00000160     uartstdio.obj (.text:UARTStdioIntHandler)
                  00000b80    00000160     usblib.lib : usbdma.obj (.text:USBLibDMAInit)
                  00000ce0    00000150                : usbdenum.obj (.text:USBDCDInit)
                  00000e30    00000150                : usbdenum.obj (.text:USBDEP0StateTxConfig)
                  00000f80    00000150                : usbdenum.obj (.text:USBDeviceIntHandlerInternal)
                  000010d0    00000148                : usbdconfig.obj (.text:USBDeviceConfig)
                  00001218    00000132     driverlib.lib : gpio.obj (.text:GPIOPadConfigSet)
                  0000134a    00000114     usblib.lib : usbdhid.obj (.text:HandleRequest)
                  0000145e    000000f4                : usbdma.obj (.text:iDMAUSBTransfer)
                  00001552    00000002     startup_ccs.obj (.text:IntDefaultHandler)
                  00001554    000000e4     usblib.lib : usbdenum.obj (.text:USBDGetDescriptor)
                  00001638    000000e0                : usbdhid.obj (.text:USBDHIDCompositeInit)
                  00001718    000000d8                : usbdenum.obj (.text:USBDeviceEnumHandler)
                  000017f0    000000c4                : usbdma.obj (.text:uDMAUSBChannelAllocate)
                  000018b4    000000bc                : usbdma.obj (.text:uDMAUSBTransfer)
                  00001970    000000b0     uartstdio.obj (.text:UARTStdioConfig)
                  00001a20    000000a8     uartstdio.obj (.text:UARTwrite)
                  00001ac8    0000009c     rtsv7M4_T_le_v4SPD16_eabi.lib : memcpy_t2.asm.obj (.text)
                  00001b64    00000098     usblib.lib : usbdenum.obj (.text:USBDSetInterface)
                  00001bfc    00000090                : usbdenum.obj (.text:USBDCDFeatureSet)
                  00001c8c    00000090                : usbdenum.obj (.text:USBDSetConfiguration)
                  00001d1c    0000008c     uartstdio.obj (.text:UARTPrimeTransmit)
                  00001da8    0000008c     usblib.lib : usbdconfig.obj (.text:USBDeviceConfigAlternate)
                  00001e34    00000088     buttons.obj (.text:ButtonsPoll)
                  00001ebc    00000088     usblib.lib : usbdhid.obj (.text:ProcessIdleTimers)
                  00001f44    00000084                : usbdhidmouse.obj (.text:USBDHIDMouseCompositeInit)
                  00001fc8    00000084                : usbdma.obj (.text:iDMAUSBChannelAllocate)
                  0000204c    00000084     driverlib.lib : udma.obj (.text:uDMAChannelTransferSet)
                  000020d0    00000080     usblib.lib : usbdenum.obj (.text:USBDClearFeature)
                  00002150    0000007a     driverlib.lib : usb.obj (.text:USBDevEndpointConfigSet)
                  000021ca    0000007a     rtsv7M4_T_le_v4SPD16_eabi.lib : memset_t2.asm.obj (.text)
                  00002244    00000078     usblib.lib : usbdenum.obj (.text:USBDGetStatus)
                  000022bc    00000076                : usbdhidmouse.obj (.text:HIDMouseRxHandler)
                  00002332    00000002     startup_ccs.obj (.text:NmiSR)
                  00002334    00000070     driverlib.lib : sysctl.obj (.text:SysCtlVCOGet)
                  000023a4    00000070     usblib.lib : usbdenum.obj (.text:USBDEP0StateTx)
                  00002414    00000070                : usbdma.obj (.text:uDMAUSBArbSizeSet)
                  00002484    00000070                : usbdma.obj (.text:uDMAUSBUnitSizeSet)
                  000024f4    0000006c                : usbdenum.obj (.text:USBDSetFeature)
                  00002560    00000068     driverlib.lib : interrupt.obj (.text:IntDisable)
                  000025c8    00000068                   : interrupt.obj (.text:IntEnable)
                  00002630    00000068     rtsv7M4_T_le_v4SPD16_eabi.lib : copy_decompress_lzss.c.obj (.text:decompress:lzss:__TI_decompress_lzss)
                  00002698    00000064     usblib.lib : usbdhid.obj (.text:HandleGetDescriptor)
                  000026fc    00000064     driverlib.lib : interrupt.obj (.text:IntIsEnabled)
                  00002760    00000064     usblib.lib : usbdma.obj (.text:uDMAUSBChannelEnable)
                  000027c4    00000060                : usbdhid.obj (.text:HandleDevice)
                  00002824    00000060                : usbdhid.obj (.text:ProcessDataFromHost)
                  00002884    00000060                : usbdenum.obj (.text:USBDReadAndDispatchRequest)
                  000028e4    0000005e     driverlib.lib : usb.obj (.text:USBDevEndpointStatusClear)
                  00002942    0000005c     usblib.lib : usbdhid.obj (.text:FindHIDDescriptor)
                  0000299e    00000056                : usbdma.obj (.text:uDMAUSBChannelRelease)
                  000029f4    00000054                : usbdhid.obj (.text:ProcessDataToHost)
                  00002a48    00000052                : usbulpi.obj (.text:ULPIConfigSet)
                  00002a9a    00000002                : usbdma.obj (.text:iDMAUSBArbSizeSet)
                  00002a9c    00000050     usb_dev_mouse.obj (.text:HIDMouseHandler)
                  00002aec    00000050     driverlib.lib : sysctl.obj (.text:SysCtlPeripheralReset)
                  00002b3c    00000050     usblib.lib : usbdcdesc.obj (.text:USBDCDConfigDescGet)
                  00002b8c    00000050                : usbdenum.obj (.text:USBDeviceResumeTickHandler)
                  00002bdc    0000004c     buttons.obj (.text:ButtonsInit)
                  00002c28    0000004c     usblib.lib : usbdconfig.obj (.text:GetEPDescriptorType)
                  00002c74    0000004c                : usbdenum.obj (.text:USBDStringIndexFromRequest)
                  00002cc0    0000004c     driverlib.lib : usb.obj (.text:USBEndpointDMAConfigSet)
                  00002d0c    0000004c     usblib.lib : usbdma.obj (.text:iDMAUSBChannelEnable)
                  00002d58    0000004a                : usbdcdesc.obj (.text:ConfigAlternateInterfaceGet)
                  00002da2    0000004a                : usbdhid.obj (.text:USBDHIDReportWrite)
                  00002dec    0000004a     driverlib.lib : usb.obj (.text:USBDevEndpointStallClear)
                  00002e36    0000004a     usblib.lib : usbdma.obj (.text:uDMAUSBChannelDisable)
                  00002e80    00000048                : usbdhid.obj (.text:SetIdleTimeout)
                  00002ec8    00000048                : usbdenum.obj (.text:USBDeviceEnumResetHandler)
                  00002f10    00000048     driverlib.lib : sysctl.obj (.text:_SysCtlFrequencyGet)
                  00002f58    00000048                   : udma.obj (.text:uDMAChannelAttributeDisable)
                  00002fa0    00000046                   : usb.obj (.text:USBEndpointDataGet)
                  00002fe6    00000002     usblib.lib : usbdma.obj (.text:iDMAUSBUnitSizeSet)
                  00002fe8    00000044                : usbdenum.obj (.text:USBDCDDeviceInfoInit)
                  0000302c    00000044                : usbdenum.obj (.text:USBDGetInterface)
                  00003070    00000044     rtsv7M4_T_le_v4SPD16_eabi.lib : autoinit.c.obj (.text:__TI_auto_init_nobinit_nopinit:__TI_auto_init_nobinit_nopinit)
                  000030b4    00000040     usblib.lib : usbdhid.obj (.text:ScheduleReportTransmission)
                  000030f4    00000040     rtsv7M4_T_le_v4SPD16_eabi.lib : u_divt2.asm.obj (.text)
                  00003134    0000003e     usblib.lib : usbdhidmouse.obj (.text:USBDHIDMouseStateChange)
                  00003172    00000002     rtsv7M4_T_le_v4SPD16_eabi.lib : div0.asm.obj (.text)
                  00003174    0000003c     uartstdio.obj (.text:UARTFlushTx)
                  000031b0    0000003c     usblib.lib : usbdma.obj (.text:iDMAUSBChannelRelease)
                  000031ec    0000003a     driverlib.lib : usb.obj (.text:USBFIFOConfigSet)
                  00003226    00000002     usblib.lib : usbdma.obj (.text:uDMAUSBChannelIntDisable)
                  00003228    00000038                : usbtick.obj (.text:InternalUSBRegisterTickHandler)
                  00003260    00000038                : usbtick.obj (.text:InternalUSBStartOfFrameTick)
                  00003298    00000038                : usbdcdesc.obj (.text:USBDCDConfigGetInterfaceEndpoint)
                  000032d0    00000038     driverlib.lib : usb.obj (.text:USBIntStatusControl)
                  00003308    00000038     rtsv7M4_T_le_v4SPD16_eabi.lib : boot_cortex_m.c.obj (.text:_c_int00_noargs:_c_int00_noargs)
                  00003340    00000036     usblib.lib : usbdhid.obj (.text:HandleEndpoints)
                  00003376    00000036     driverlib.lib : usb.obj (.text:USBEndpointDataPut)
                  000033ac    00000034     usblib.lib : usbdhid.obj (.text:HIDTickHandler)
                  000033e0    00000034     driverlib.lib : sysctl.obj (.text:SysCtlPeripheralEnable)
                  00003414    00000034     usblib.lib : usbdhidmouse.obj (.text:USBDHIDMouseInit)
                  00003448    00000034     driverlib.lib : usb.obj (.text:USBEndpointDataSend)
                  0000347c    00000034     usblib.lib : usbdma.obj (.text:iDMAUSBChannelStatus)
                  000034b0    00000032                : usbdhid.obj (.text:ClearReportTimer)
                  000034e2    00000032                : usbdhid.obj (.text:HandleConfigChange)
                  00003514    00000032                : usbdcdesc.obj (.text:NextConfigDescGet)
                  00003546    00000032     driverlib.lib : usb.obj (.text:USBDevEndpointStall)
                  00003578    00000032     usblib.lib : usbdma.obj (.text:iDMAUSBChannelDisable)
                  000035aa    00000030                : usbdma.obj (.text:DMAUSBIntHandler)
                  000035da    00000002                : usbdma.obj (.text:uDMAUSBChannelIntEnable)
                  000035dc    00000030                : usbtick.obj (.text:InternalUSBTickInit)
                  0000360c    00000030                : usbdenum.obj (.text:USBDGetConfiguration)
                  0000363c    0000002c     uartstdio.obj (.text:UARTFlushRx)
                  00003668    0000002c     usblib.lib : usbdesc.obj (.text:USBDescGet)
                  00003694    0000002c                : usbdma.obj (.text:uDMAUSBIntStatus)
                  000036c0    0000002a     driverlib.lib : gpio.obj (.text:GPIODirModeSet)
                  000036ea    0000002a     usblib.lib : usbdcdesc.obj (.text:USBDCDConfigDescGetNum)
                  00003714    0000002a                : usbdesc.obj (.text:USBDescGetNum)
                  0000373e    0000002a     driverlib.lib : usb.obj (.text:USBDevEndpointDataAck)
                  00003768    00000028     usblib.lib : usbdhid.obj (.text:GetIdleTimeout)
                  00003790    00000028                : usbdhid.obj (.text:HandleEP0DataReceived)
                  000037b8    00000028                : usbdenum.obj (.text:USBDSetAddress)
                  000037e0    00000028     driverlib.lib : usb.obj (.text:USBIntEnableControl)
                  00003808    00000028                   : udma.obj (.text:uDMAChannelModeGet)
                  00003830    00000026     usblib.lib : usbdhid.obj (.text:USBDHIDInit)
                  00003856    00000024     driverlib.lib : usb.obj (.text:USBEndpointDMADisable)
                  0000387a    00000024                   : usb.obj (.text:USBEndpointDMAEnable)
                  0000389e    00000002     --HOLE-- [fill = 0]
                  000038a0    00000024     usblib.lib : usbmode.obj (.text:USBStackModeSet)
                  000038c4    00000024     driverlib.lib : udma.obj (.text:uDMAChannelControlSet)
                  000038e8    00000022     usblib.lib : usbdhid.obj (.text:HandleDisconnect)
                  0000390a    00000022                : usbdma.obj (.text:uDMAUSBChannelStatus)
                  0000392c    00000020                : usbdconfig.obj (.text:GetEndpointFIFOSize)
                  0000394c    00000020                : usbdhid.obj (.text:HandleEP0DataSent)
                  0000396c    00000020     driverlib.lib : sysctl.obj (.text:_SysCtlMemTimingGet)
                  0000398c    0000001e                   : usb.obj (.text:USBULPIRegRead)
                  000039aa    0000001e                   : usb.obj (.text:USBULPIRegWrite)
                  000039c8    0000001c     usblib.lib : usbdhidmouse.obj (.text:HIDMouseTxHandler)
                  000039e4    0000001c                : usbdcdesc.obj (.text:USBDCDConfigGetInterface)
                  00003a00    0000001c                : usbdenum.obj (.text:USBDCDStallEP0)
                  00003a1c    0000001c     driverlib.lib : usb.obj (.text:USBEndpointDataAvail)
                  00003a38    0000001a     usblib.lib : usbdhid.obj (.text:ClearIdleTimers)
                  00003a52    0000001a     uartstdio.obj (.text:UARTprintf)
                  00003a6c    0000001a     usblib.lib : usbdcdesc.obj (.text:USBDCDConfigDescGetSize)
                  00003a86    0000001a     driverlib.lib : usb.obj (.text:USBEndpointDMAChannel)
                  00003aa0    00000018     uartstdio.obj (.text:IsBufferFull)
                  00003ab8    00000018     usblib.lib : usbdhid.obj (.text:SetDeferredOpFlag)
                  00003ad0    00000018                : usbdhandler.obj (.text:USB0DeviceIntHandler)
                  00003ae8    00000018                : usbdenum.obj (.text:USBDSetDescriptor)
                  00003b00    00000018                : usbdenum.obj (.text:USBDSyncFrame)
                  00003b18    00000018     driverlib.lib : udma.obj (.text:uDMAChannelDisable)
                  00003b30    00000018                   : udma.obj (.text:uDMAChannelEnable)
                  00003b48    00000016                   : usb.obj (.text:USBIntEnableEndpoint)
                  00003b5e    00000002     --HOLE-- [fill = 0]
                  00003b60    00000014                   : sysctl.obj (.text:SysCtlUSBPLLEnable)
                  00003b74    00000014     usblib.lib : usbdenum.obj (.text:USBDCDRequestDataEP0)
                  00003b88    00000014                : usbdenum.obj (.text:USBDCDSendDataEP0)
                  00003b9c    00000014     driverlib.lib : usb.obj (.text:USBDMAChannelConfigSet)
                  00003bb0    00000014                   : usb.obj (.text:USBHostResume)
                  00003bc4    00000014                   : usb.obj (.text:_USBIndexWrite)
                  00003bd8    00000012                   : gpio.obj (.text:GPIOPinTypeEthernetLED)
                  00003bea    00000012     usblib.lib : usbdhid.obj (.text:HandleResume)
                  00003bfc    00000012                : usbdhid.obj (.text:HandleSuspend)
                  00003c0e    00000012     driverlib.lib : usb.obj (.text:USBDMAChannelDisable)
                  00003c20    00000012                   : usb.obj (.text:USBDMAChannelEnable)
                  00003c32    00000012                   : usb.obj (.text:USBDMAChannelIntDisable)
                  00003c44    00000012                   : usb.obj (.text:USBDMAChannelIntEnable)
                  00003c56    00000002     --HOLE-- [fill = 0]
                  00003c58    00000010     usb_dev_mouse.obj (.text:SysTickIntHandler)
                  00003c68    00000010     driverlib.lib : usb.obj (.text:USBEndpointStatus)
                  00003c78    0000000e     usblib.lib : usbdma.obj (.text:DMAUSBIntStatusClear)
                  00003c86    0000000e     uartstdio.obj (.text:IsBufferEmpty)
                  00003c94    0000000e     usblib.lib : usbdhid.obj (.text:USBDHIDTxPacketAvailable)
                  00003ca2    0000000e     driverlib.lib : usb.obj (.text:USBDMAChannelStatus)
                  00003cb0    0000000e                   : usb.obj (.text:USBDevLPMDisable)
                  00003cbe    0000000e                   : usb.obj (.text:USBDevLPMEnable)
                  00003ccc    0000000e                   : usb.obj (.text:USBULPIDisable)
                  00003cda    0000000e                   : usb.obj (.text:USBULPIEnable)
                  00003ce8    0000000e     rtsv7M4_T_le_v4SPD16_eabi.lib : copy_decompress_none.c.obj (.text:decompress:none:__TI_decompress_none)
                  00003cf6    0000000c     driverlib.lib : usb.obj (.text:USBEndpointPacketCountSet)
                  00003d02    0000000c                   : usb.obj (.text:USBLPMIntEnable)
                  00003d0e    0000000c     rtsv7M4_T_le_v4SPD16_eabi.lib : copy_zero_init.c.obj (.text:decompress:ZI:__TI_zero_init)
                  00003d1a    0000000a     driverlib.lib : usb.obj (.text:USBClockEnable)
                  00003d24    0000000a                   : usb.obj (.text:USBControllerVersion)
                  00003d2e    0000000a                   : usb.obj (.text:USBDMAChannelAddressSet)
                  00003d38    0000000a                   : usb.obj (.text:USBDMAChannelCountSet)
                  00003d42    0000000a                   : usb.obj (.text:USBDevConnect)
                  00003d4c    0000000a                   : usb.obj (.text:USBDevDisconnect)
                  00003d56    0000000a                   : usb.obj (.text:USBIntStatusEndpoint)
                  00003d60    00000008                   : usb.obj (.text:USBDevMode)
                  00003d68    00000008                   : usb.obj (.text:USBFIFOAddrGet)
                  00003d70    00000008                   : usb.obj (.text:USBOTGMode)
                  00003d78    00000008     usblib.lib : usbdma.obj (.text:iDMAUSBChannelIntDisable)
                  00003d80    00000008                : usbdma.obj (.text:iDMAUSBChannelIntEnable)
                  00003d88    00000006     driverlib.lib : gpio.obj (.text:GPIOPinWrite)
                  00003d8e    00000006     startup_ccs.obj (.text:ResetISR)
                  00003d94    00000006     driverlib.lib : usb.obj (.text:USBDMAChannelIntStatus)
                  00003d9a    00000006                   : usb.obj (.text:USBDevLPMConfig)
                  00003da0    00000006                   : usb.obj (.text:USBLPMIntStatus)
                  00003da6    00000006     usblib.lib : usbdma.obj (.text:iDMAUSBIntStatus)
                  00003dac    00000004                : usbdma.obj (.text:DMAUSBStatus)
                  00003db0    00000004                : usbdhid.obj (.text:HandleReset)
                  00003db4    00000004     driverlib.lib : usb.obj (.text:USBDevAddrSet)
                  00003db8    00000004     rtsv7M4_T_le_v4SPD16_eabi.lib : pre_init.c.obj (.text:_system_pre_init)
                  00003dbc    00000004                                   : exit.c.obj (.text:abort:abort)

.const     0    00003dc0    0000048f     
                  00003dc0    000001b0     driverlib.lib : sysctl.obj (.const:g_pppui32XTALtoVCO)
                  00003f70    00000070                   : interrupt.obj (.const)
                  00003fe0    0000006c                   : sysctl.obj (.const:g_pui32Xtals)
                  0000404c    00000034     usb_mouse_structs.obj (.const:.string:g_pui8ConfigString)
                  00004080    00000034     usblib.lib : usbdenum.obj (.const:g_psUSBDStdRequests)
                  000040b4    00000032                : usbdhidmouse.obj (.const:.string:g_pui8MouseReportDescriptor)
                  000040e6    00000002     --HOLE-- [fill = 0]
                  000040e8    00000030                : usbdhid.obj (.const:g_sHIDHandlers)
                  00004118    00000030     driverlib.lib : sysctl.obj (.const:g_sXTALtoMEMTIM)
                  00004148    0000002c     usb_mouse_structs.obj (.const:.string:g_pui8HIDInterfaceString)
                  00004174    0000002c     usblib.lib : usbdhidmouse.obj (.const)
                  000041a0    00000026     usb_mouse_structs.obj (.const:.string:g_pui8ProductString)
                  000041c6    00000024     usb_mouse_structs.obj (.const:.string:g_pui8ManufacturerString)
                  000041ea    00000002     --HOLE-- [fill = 0]
                  000041ec    00000018     usb_mouse_structs.obj (.const:g_ppui8StringDescriptors)
                  00004204    00000012     usb_mouse_structs.obj (.const:.string:g_pui8SerialNumberString)
                  00004216    00000002     --HOLE-- [fill = 0]
                  00004218    0000000c     uartstdio.obj (.const:g_ui32UARTBase)
                  00004224    0000000c     uartstdio.obj (.const:g_ui32UARTInt)
                  00004230    0000000c     uartstdio.obj (.const:g_ui32UARTPeriph)
                  0000423c    00000008     driverlib.lib : sysctl.obj (.const)
                  00004244    00000007     usblib.lib : usbdhidmouse.obj (.const:.string)
                  0000424b    00000004     usb_mouse_structs.obj (.const:.string:g_pui8LangDescriptor)

.cinit     0    00004250    000000a0     
                  00004250    00000075     (.cinit..data.load) [load image, compression = lzss]
                  000042c5    00000003     --HOLE-- [fill = 0]
                  000042c8    0000000c     (__TI_handler_table)
                  000042d4    00000004     --HOLE-- [fill = 0]
                  000042d8    00000008     (.cinit..bss.load) [load image, compression = zero_init]
                  000042e0    00000010     (__TI_cinit_table)

.init_array 
*          0    00000000    00000000     UNINITIALIZED

.bss       0    20000000    00000668     UNINITIALIZED
                  20000000    00000400     uartstdio.obj (.bss:g_pcUARTTxBuffer)
                  20000400    00000110     usblib.lib : usbdma.obj (.bss:g_psUSBDMAInst)
                  20000510    00000080     uartstdio.obj (.bss:g_pcUARTRxBuffer)
                  20000590    00000050     usblib.lib : usbdenum.obj (.bss:g_psDCDInst)
                  200005e0    00000040                : usbdenum.obj (.bss:g_pui8DataBufferIn)
                  20000620    00000018     (.common:g_pfnTickHandlers)
                  20000638    00000018     (.common:g_pvTickInstance)
                  20000650    00000008     uartstdio.obj (.bss)
                  20000658    00000004     (.common:g_pfnUSBModeCallback)
                  2000065c    00000004     (.common:g_ppsDevInfo)
                  20000660    00000004     (.common:g_ui32SysTickCount)
                  20000664    00000004     (.common:g_ui32ULPISupport)

.data      0    20000a68    00000113     UNINITIALIZED
                  20000a68    00000094     usb_mouse_structs.obj (.data:g_sMouseDevice)
                  20000afc    00000034     usblib.lib : usbdhidmouse.obj (.data)
                  20000b30    00000015     uartstdio.obj (.data)
                  20000b45    00000012     usblib.lib : usbdhid.obj (.data)
                  20000b57    00000001     --HOLE--
                  20000b58    0000000c                : usbtick.obj (.data)
                  20000b64    00000009                : usbmode.obj (.data)
                  20000b6d    00000003     buttons.obj (.data)
                  20000b70    00000008     usblib.lib : usbdenum.obj (.data)
                  20000b78    00000003     usb_dev_mouse.obj (.data)

.stack     0    20000668    00000400     UNINITIALIZED
                  20000668    00000004     rtsv7M4_T_le_v4SPD16_eabi.lib : boot_cortex_m.c.obj (.stack)
                  2000066c    000003fc     --HOLE--

MODULE SUMMARY

       Module                       code    ro data   rw data
       ------                       ----    -------   -------
    ./
       usb_dev_mouse.obj            636     0         7      
       startup_ccs.obj              12      512       0      
       usb_mouse_structs.obj        0       216       148    
    +--+----------------------------+-------+---------+---------+
       Total:                       648     728       155    
                                                             
    ./drivers/
       pinout.obj                   536     0         0      
       buttons.obj                  212     0         3      
    +--+----------------------------+-------+---------+---------+
       Total:                       748     0         3      
                                                             
    ./utils/
       uartstdio.obj                1494    36        1181   
    +--+----------------------------+-------+---------+---------+
       Total:                       1494    36        1181   
                                                             
    /home/richard/ti/ccsv8/tools/compiler/ti-cgt-arm_18.1.3.LTS/lib/rtsv7M4_T_le_v4SPD16_eabi.lib
       memcpy_t2.asm.obj            156     0         0      
       memset_t2.asm.obj            122     0         0      
       copy_decompress_lzss.c.obj   104     0         0      
       autoinit.c.obj               68      0         0      
       u_divt2.asm.obj              64      0         0      
       boot_cortex_m.c.obj          56      0         0      
       copy_decompress_none.c.obj   14      0         0      
       copy_zero_init.c.obj         12      0         0      
       exit.c.obj                   4       0         0      
       pre_init.c.obj               4       0         0      
       div0.asm.obj                 2       0         0      
    +--+----------------------------+-------+---------+---------+
       Total:                       606     0         0      
                                                             
    /home/richard/ti/tivaware_c_series_2_1_4_178/driverlib/ccs/Debug/driverlib.lib
       sysctl.obj                   880     596       0      
       usb.obj                      1354    0         0      
       interrupt.obj                308     112       0      
       gpio.obj                     372     0         0      
       udma.obj                     328     0         0      
    +--+----------------------------+-------+---------+---------+
       Total:                       3242    708       0      
                                                             
    /home/richard/ti/tivaware_c_series_2_1_4_178/usblib/ccs/Debug/usblib.lib
       usbdenum.obj                 3024    52        160    
       usbdma.obj                   2008    0         272    
       usbdhid.obj                  1808    48        18     
       usbdconfig.obj               576     0         0      
       usbdhidmouse.obj             392     101       52     
       usbdcdesc.obj                356     0         0      
       usbtick.obj                  160     0         60     
       usbdesc.obj                  86      0         0      
       usbulpi.obj                  82      0         0      
       usbmode.obj                  36      0         13     
       usbdhandler.obj              24      0         0      
    +--+----------------------------+-------+---------+---------+
       Total:                       8552    201       575    
                                                             
       Stack:                       0       0         1024   
       Linker Generated:            0       153       0      
    +--+----------------------------+-------+---------+---------+
       Grand Total:                 15290   1826      2938   


LINKER GENERATED COPY TABLES

__TI_cinit_table @ 000042e0 records: 2, size/record: 8, table size: 16
	.data: load addr=00004250, load size=00000075 bytes, run addr=20000a68, run size=00000113 bytes, compression=lzss
	.bss: load addr=000042d8, load size=00000008 bytes, run addr=20000000, run size=00000668 bytes, compression=zero_init


LINKER GENERATED HANDLER TABLE

__TI_handler_table @ 000042c8 records: 3, size/record: 4, table size: 12
	index: 0, handler: __TI_decompress_lzss
	index: 1, handler: __TI_decompress_none
	index: 2, handler: __TI_zero_init


GLOBAL SYMBOLS: SORTED ALPHABETICALLY BY Name 

address   name                            
-------   ----                            
00002bdd  ButtonsInit                     
00001e35  ButtonsPoll                     
00003dbd  C$$EXIT                         
000036c1  GPIODirModeSet                  
00001219  GPIOPadConfigSet                
00003bd9  GPIOPinTypeEthernetLED          
00003d89  GPIOPinWrite                    
00002a9d  HIDMouseHandler                 
00002561  IntDisable                      
000025c9  IntEnable                       
000026fd  IntIsEnabled                    
00003229  InternalUSBRegisterTickHandler  
00003261  InternalUSBStartOfFrameTick     
000035dd  InternalUSBTickInit             
0000041d  PinoutSet                       
00003d8f  ResetISR                        
00000635  SysCtlClockFreqSet              
000033e1  SysCtlPeripheralEnable          
00002aed  SysCtlPeripheralReset           
00003b61  SysCtlUSBPLLEnable              
00002335  SysCtlVCOGet                    
00003c59  SysTickIntHandler               
0000363d  UARTFlushRx                     
00003175  UARTFlushTx                     
00001971  UARTStdioConfig                 
00000a21  UARTStdioIntHandler             
00003a53  UARTprintf                      
00000835  UARTvprintf                     
00001a21  UARTwrite                       
00002a49  ULPIConfigSet                   
00003ad1  USB0DeviceIntHandler            
00003d1b  USBClockEnable                  
00003d25  USBControllerVersion            
00002b3d  USBDCDConfigDescGet             
000036eb  USBDCDConfigDescGetNum          
00003a6d  USBDCDConfigDescGetSize         
000039e5  USBDCDConfigGetInterface        
00003299  USBDCDConfigGetInterfaceEndpoint
00002fe9  USBDCDDeviceInfoInit            
00001bfd  USBDCDFeatureSet                
00000ce1  USBDCDInit                      
00003b75  USBDCDRequestDataEP0            
00003b89  USBDCDSendDataEP0               
00003a01  USBDCDStallEP0                  
00001639  USBDHIDCompositeInit            
00003831  USBDHIDInit                     
00001f45  USBDHIDMouseCompositeInit       
00003415  USBDHIDMouseInit                
00003135  USBDHIDMouseStateChange         
00002da3  USBDHIDReportWrite              
00003c95  USBDHIDTxPacketAvailable        
00003d2f  USBDMAChannelAddressSet         
00003b9d  USBDMAChannelConfigSet          
00003d39  USBDMAChannelCountSet           
00003c0f  USBDMAChannelDisable            
00003c21  USBDMAChannelEnable             
00003c33  USBDMAChannelIntDisable         
00003c45  USBDMAChannelIntEnable          
00003d95  USBDMAChannelIntStatus          
00003ca3  USBDMAChannelStatus             
00003669  USBDescGet                      
00003715  USBDescGetNum                   
00003db5  USBDevAddrSet                   
00003d43  USBDevConnect                   
00003d4d  USBDevDisconnect                
00002151  USBDevEndpointConfigSet         
0000373f  USBDevEndpointDataAck           
00003547  USBDevEndpointStall             
00002ded  USBDevEndpointStallClear        
000028e5  USBDevEndpointStatusClear       
00003d9b  USBDevLPMConfig                 
00003cb1  USBDevLPMDisable                
00003cbf  USBDevLPMEnable                 
00003d61  USBDevMode                      
000010d1  USBDeviceConfig                 
00001da9  USBDeviceConfigAlternate        
00001719  USBDeviceEnumHandler            
00002ec9  USBDeviceEnumResetHandler       
00000f81  USBDeviceIntHandlerInternal     
00002b8d  USBDeviceResumeTickHandler      
00003a87  USBEndpointDMAChannel           
00002cc1  USBEndpointDMAConfigSet         
00003857  USBEndpointDMADisable           
0000387b  USBEndpointDMAEnable            
00003a1d  USBEndpointDataAvail            
00002fa1  USBEndpointDataGet              
00003377  USBEndpointDataPut              
00003449  USBEndpointDataSend             
00003cf7  USBEndpointPacketCountSet       
00003c69  USBEndpointStatus               
00003d69  USBFIFOAddrGet                  
000031ed  USBFIFOConfigSet                
00003bb1  USBHostResume                   
000037e1  USBIntEnableControl             
00003b49  USBIntEnableEndpoint            
000032d1  USBIntStatusControl             
00003d57  USBIntStatusEndpoint            
00003d03  USBLPMIntEnable                 
00003da1  USBLPMIntStatus                 
00000b81  USBLibDMAInit                   
00003d71  USBOTGMode                      
000038a1  USBStackModeSet                 
00003ccd  USBULPIDisable                  
00003cdb  USBULPIEnable                   
0000398d  USBULPIRegRead                  
000039ab  USBULPIRegWrite                 
20000a68  __STACK_END                     
00000400  __STACK_SIZE                    
20000a68  __STACK_TOP                     
000042e0  __TI_CINIT_Base                 
000042f0  __TI_CINIT_Limit                
000042c8  __TI_Handler_Table_Base         
000042d4  __TI_Handler_Table_Limit        
00003071  __TI_auto_init_nobinit_nopinit  
00002631  __TI_decompress_lzss            
00003ce9  __TI_decompress_none            
ffffffff  __TI_pprof_out_hndl             
ffffffff  __TI_prof_data_size             
ffffffff  __TI_prof_data_start            
00000000  __TI_static_base__              
00003d0f  __TI_zero_init                  
00003173  __aeabi_idiv0                   
00003173  __aeabi_ldiv0                   
000021cb  __aeabi_memclr                  
000021cb  __aeabi_memclr4                 
000021cb  __aeabi_memclr8                 
00001ac9  __aeabi_memcpy                  
00001ac9  __aeabi_memcpy4                 
00001ac9  __aeabi_memcpy8                 
000021cd  __aeabi_memset                  
000021cd  __aeabi_memset4                 
000021cd  __aeabi_memset8                 
000030f5  __aeabi_uidiv                   
000030f5  __aeabi_uidivmod                
ffffffff  __binit__                       
ffffffff  __c_args__                      
UNDEFED   __mpu_init                      
20000668  __stack                         
00003309  _c_int00_noargs                 
UNDEFED   _system_post_cinit              
00003db9  _system_pre_init                
00003dbd  abort                           
ffffffff  binit                           
20000b78  g_bConnected                    
20000b79  g_bSuspended                    
20000b58  g_bUSBTimerInitialized          
20000b7a  g_iMouseState                   
20000b64  g_iUSBMode                      
20000620  g_pfnTickHandlers               
00000000  g_pfnVectors                    
2000065c  g_ppsDevInfo                    
00004198  g_ppsHIDConfigDescriptors       
000041ec  g_ppui8StringDescriptors        
20000590  g_psDCDInst                     
20000b18  g_psHIDSections                 
0000404c  g_pui8ConfigString              
20000b45  g_pui8HIDDeviceDescriptor       
00004244  g_pui8HIDInEndpoint             
20000b05  g_pui8HIDInterface              
00004148  g_pui8HIDInterfaceString        
0000424b  g_pui8LangDescriptor            
000041c6  g_pui8ManufacturerString        
20000afc  g_pui8MouseDescriptor           
000041a0  g_pui8ProductString             
00004204  g_pui8SerialNumberString        
20000638  g_pvTickInstance                
20000b28  g_sHIDConfigHeader              
00004180  g_sHIDConfigSection             
20000b10  g_sHIDDescriptorSection         
000040e8  g_sHIDHandlers                  
00004190  g_sHIDInEndpointSection         
00004188  g_sHIDInterfaceSection          
20000a68  g_sMouseDevice                  
20000b5c  g_ui32CurrentUSBTick            
20000660  g_ui32SysTickCount              
20000b60  g_ui32USBSOFCount               
20000b68  g_ui32WaitTicks                 
00000201  main                            
00001ac9  memcpy                          
000021d3  memset                          
00002f59  uDMAChannelAttributeDisable     
000038c5  uDMAChannelControlSet           
00003b19  uDMAChannelDisable              
00003b31  uDMAChannelEnable               
00003809  uDMAChannelModeGet              
0000204d  uDMAChannelTransferSet          


GLOBAL SYMBOLS: SORTED BY Symbol Address 

address   name                            
-------   ----                            
00000000  __TI_static_base__              
00000000  g_pfnVectors                    
00000201  main                            
00000400  __STACK_SIZE                    
0000041d  PinoutSet                       
00000635  SysCtlClockFreqSet              
00000835  UARTvprintf                     
00000a21  UARTStdioIntHandler             
00000b81  USBLibDMAInit                   
00000ce1  USBDCDInit                      
00000f81  USBDeviceIntHandlerInternal     
000010d1  USBDeviceConfig                 
00001219  GPIOPadConfigSet                
00001639  USBDHIDCompositeInit            
00001719  USBDeviceEnumHandler            
00001971  UARTStdioConfig                 
00001a21  UARTwrite                       
00001ac9  __aeabi_memcpy                  
00001ac9  __aeabi_memcpy4                 
00001ac9  __aeabi_memcpy8                 
00001ac9  memcpy                          
00001bfd  USBDCDFeatureSet                
00001da9  USBDeviceConfigAlternate        
00001e35  ButtonsPoll                     
00001f45  USBDHIDMouseCompositeInit       
0000204d  uDMAChannelTransferSet          
00002151  USBDevEndpointConfigSet         
000021cb  __aeabi_memclr                  
000021cb  __aeabi_memclr4                 
000021cb  __aeabi_memclr8                 
000021cd  __aeabi_memset                  
000021cd  __aeabi_memset4                 
000021cd  __aeabi_memset8                 
000021d3  memset                          
00002335  SysCtlVCOGet                    
00002561  IntDisable                      
000025c9  IntEnable                       
00002631  __TI_decompress_lzss            
000026fd  IntIsEnabled                    
000028e5  USBDevEndpointStatusClear       
00002a49  ULPIConfigSet                   
00002a9d  HIDMouseHandler                 
00002aed  SysCtlPeripheralReset           
00002b3d  USBDCDConfigDescGet             
00002b8d  USBDeviceResumeTickHandler      
00002bdd  ButtonsInit                     
00002cc1  USBEndpointDMAConfigSet         
00002da3  USBDHIDReportWrite              
00002ded  USBDevEndpointStallClear        
00002ec9  USBDeviceEnumResetHandler       
00002f59  uDMAChannelAttributeDisable     
00002fa1  USBEndpointDataGet              
00002fe9  USBDCDDeviceInfoInit            
00003071  __TI_auto_init_nobinit_nopinit  
000030f5  __aeabi_uidiv                   
000030f5  __aeabi_uidivmod                
00003135  USBDHIDMouseStateChange         
00003173  __aeabi_idiv0                   
00003173  __aeabi_ldiv0                   
00003175  UARTFlushTx                     
000031ed  USBFIFOConfigSet                
00003229  InternalUSBRegisterTickHandler  
00003261  InternalUSBStartOfFrameTick     
00003299  USBDCDConfigGetInterfaceEndpoint
000032d1  USBIntStatusControl             
00003309  _c_int00_noargs                 
00003377  USBEndpointDataPut              
000033e1  SysCtlPeripheralEnable          
00003415  USBDHIDMouseInit                
00003449  USBEndpointDataSend             
00003547  USBDevEndpointStall             
000035dd  InternalUSBTickInit             
0000363d  UARTFlushRx                     
00003669  USBDescGet                      
000036c1  GPIODirModeSet                  
000036eb  USBDCDConfigDescGetNum          
00003715  USBDescGetNum                   
0000373f  USBDevEndpointDataAck           
000037e1  USBIntEnableControl             
00003809  uDMAChannelModeGet              
00003831  USBDHIDInit                     
00003857  USBEndpointDMADisable           
0000387b  USBEndpointDMAEnable            
000038a1  USBStackModeSet                 
000038c5  uDMAChannelControlSet           
0000398d  USBULPIRegRead                  
000039ab  USBULPIRegWrite                 
000039e5  USBDCDConfigGetInterface        
00003a01  USBDCDStallEP0                  
00003a1d  USBEndpointDataAvail            
00003a53  UARTprintf                      
00003a6d  USBDCDConfigDescGetSize         
00003a87  USBEndpointDMAChannel           
00003ad1  USB0DeviceIntHandler            
00003b19  uDMAChannelDisable              
00003b31  uDMAChannelEnable               
00003b49  USBIntEnableEndpoint            
00003b61  SysCtlUSBPLLEnable              
00003b75  USBDCDRequestDataEP0            
00003b89  USBDCDSendDataEP0               
00003b9d  USBDMAChannelConfigSet          
00003bb1  USBHostResume                   
00003bd9  GPIOPinTypeEthernetLED          
00003c0f  USBDMAChannelDisable            
00003c21  USBDMAChannelEnable             
00003c33  USBDMAChannelIntDisable         
00003c45  USBDMAChannelIntEnable          
00003c59  SysTickIntHandler               
00003c69  USBEndpointStatus               
00003c95  USBDHIDTxPacketAvailable        
00003ca3  USBDMAChannelStatus             
00003cb1  USBDevLPMDisable                
00003cbf  USBDevLPMEnable                 
00003ccd  USBULPIDisable                  
00003cdb  USBULPIEnable                   
00003ce9  __TI_decompress_none            
00003cf7  USBEndpointPacketCountSet       
00003d03  USBLPMIntEnable                 
00003d0f  __TI_zero_init                  
00003d1b  USBClockEnable                  
00003d25  USBControllerVersion            
00003d2f  USBDMAChannelAddressSet         
00003d39  USBDMAChannelCountSet           
00003d43  USBDevConnect                   
00003d4d  USBDevDisconnect                
00003d57  USBIntStatusEndpoint            
00003d61  USBDevMode                      
00003d69  USBFIFOAddrGet                  
00003d71  USBOTGMode                      
00003d89  GPIOPinWrite                    
00003d8f  ResetISR                        
00003d95  USBDMAChannelIntStatus          
00003d9b  USBDevLPMConfig                 
00003da1  USBLPMIntStatus                 
00003db5  USBDevAddrSet                   
00003db9  _system_pre_init                
00003dbd  C$$EXIT                         
00003dbd  abort                           
0000404c  g_pui8ConfigString              
000040e8  g_sHIDHandlers                  
00004148  g_pui8HIDInterfaceString        
00004180  g_sHIDConfigSection             
00004188  g_sHIDInterfaceSection          
00004190  g_sHIDInEndpointSection         
00004198  g_ppsHIDConfigDescriptors       
000041a0  g_pui8ProductString             
000041c6  g_pui8ManufacturerString        
000041ec  g_ppui8StringDescriptors        
00004204  g_pui8SerialNumberString        
00004244  g_pui8HIDInEndpoint             
0000424b  g_pui8LangDescriptor            
000042c8  __TI_Handler_Table_Base         
000042d4  __TI_Handler_Table_Limit        
000042e0  __TI_CINIT_Base                 
000042f0  __TI_CINIT_Limit                
20000590  g_psDCDInst                     
20000620  g_pfnTickHandlers               
20000638  g_pvTickInstance                
2000065c  g_ppsDevInfo                    
20000660  g_ui32SysTickCount              
20000668  __stack                         
20000a68  __STACK_END                     
20000a68  __STACK_TOP                     
20000a68  g_sMouseDevice                  
20000afc  g_pui8MouseDescriptor           
20000b05  g_pui8HIDInterface              
20000b10  g_sHIDDescriptorSection         
20000b18  g_psHIDSections                 
20000b28  g_sHIDConfigHeader              
20000b45  g_pui8HIDDeviceDescriptor       
20000b58  g_bUSBTimerInitialized          
20000b5c  g_ui32CurrentUSBTick            
20000b60  g_ui32USBSOFCount               
20000b64  g_iUSBMode                      
20000b68  g_ui32WaitTicks                 
20000b78  g_bConnected                    
20000b79  g_bSuspended                    
20000b7a  g_iMouseState                   
ffffffff  __TI_pprof_out_hndl             
ffffffff  __TI_prof_data_size             
ffffffff  __TI_prof_data_start            
ffffffff  __binit__                       
ffffffff  __c_args__                      
ffffffff  binit                           
UNDEFED   __mpu_init                      
UNDEFED   _system_post_cinit              

[186 symbols]
