<?xml version="1.0" encoding="ISO-8859-1" ?>
<link_info>
   <banner>TI ARM Linker Unix v18.1.3.LTS</banner>
   <copyright>Copyright (c) 1996-2017 Texas Instruments Incorporated</copyright>
   <link_time>0x5c4b83ca</link_time>
   <link_errors>0x0</link_errors>
   <output_file>usb_dev_keyboard.out</output_file>
   <entry_point>
      <name>_c_int00_noargs</name>
      <address>0x34f9</address>
   </entry_point>
   <input_file_list>
      <input_file id="fl-1">
         <path>./</path>
         <kind>object</kind>
         <file>startup_ccs.obj</file>
         <name>startup_ccs.obj</name>
      </input_file>
      <input_file id="fl-2">
         <path>./</path>
         <kind>object</kind>
         <file>usb_dev_keyboard.obj</file>
         <name>usb_dev_keyboard.obj</name>
      </input_file>
      <input_file id="fl-3">
         <path>./</path>
         <kind>object</kind>
         <file>usb_keyb_structs.obj</file>
         <name>usb_keyb_structs.obj</name>
      </input_file>
      <input_file id="fl-4">
         <path>./drivers/</path>
         <kind>object</kind>
         <file>buttons.obj</file>
         <name>buttons.obj</name>
      </input_file>
      <input_file id="fl-5">
         <path>./drivers/</path>
         <kind>object</kind>
         <file>pinout.obj</file>
         <name>pinout.obj</name>
      </input_file>
      <input_file id="fl-6">
         <path>./utils/</path>
         <kind>object</kind>
         <file>uartstdio.obj</file>
         <name>uartstdio.obj</name>
      </input_file>
      <input_file id="fl-c">
         <kind>object</kind>
         <file>&lt;internal&gt;</file>
         <name>&lt;internal&gt;</name>
      </input_file>
      <input_file id="fl-c2">
         <path>/home/richard/ti/ccsv8/tools/compiler/ti-cgt-arm_18.1.3.LTS/lib/</path>
         <kind>archive</kind>
         <file>rtsv7M4_T_le_v4SPD16_eabi.lib</file>
         <name>u_divt2.asm.obj</name>
      </input_file>
      <input_file id="fl-c3">
         <path>/home/richard/ti/ccsv8/tools/compiler/ti-cgt-arm_18.1.3.LTS/lib/</path>
         <kind>archive</kind>
         <file>rtsv7M4_T_le_v4SPD16_eabi.lib</file>
         <name>copy_zero_init.c.obj</name>
      </input_file>
      <input_file id="fl-c4">
         <path>/home/richard/ti/ccsv8/tools/compiler/ti-cgt-arm_18.1.3.LTS/lib/</path>
         <kind>archive</kind>
         <file>rtsv7M4_T_le_v4SPD16_eabi.lib</file>
         <name>copy_decompress_none.c.obj</name>
      </input_file>
      <input_file id="fl-c5">
         <path>/home/richard/ti/ccsv8/tools/compiler/ti-cgt-arm_18.1.3.LTS/lib/</path>
         <kind>archive</kind>
         <file>rtsv7M4_T_le_v4SPD16_eabi.lib</file>
         <name>copy_decompress_lzss.c.obj</name>
      </input_file>
      <input_file id="fl-c6">
         <path>/home/richard/ti/ccsv8/tools/compiler/ti-cgt-arm_18.1.3.LTS/lib/</path>
         <kind>archive</kind>
         <file>rtsv7M4_T_le_v4SPD16_eabi.lib</file>
         <name>boot_cortex_m.c.obj</name>
      </input_file>
      <input_file id="fl-c7">
         <path>/home/richard/ti/ccsv8/tools/compiler/ti-cgt-arm_18.1.3.LTS/lib/</path>
         <kind>archive</kind>
         <file>rtsv7M4_T_le_v4SPD16_eabi.lib</file>
         <name>div0.asm.obj</name>
      </input_file>
      <input_file id="fl-c8">
         <path>/home/richard/ti/ccsv8/tools/compiler/ti-cgt-arm_18.1.3.LTS/lib/</path>
         <kind>archive</kind>
         <file>rtsv7M4_T_le_v4SPD16_eabi.lib</file>
         <name>memset_t2.asm.obj</name>
      </input_file>
      <input_file id="fl-c9">
         <path>/home/richard/ti/ccsv8/tools/compiler/ti-cgt-arm_18.1.3.LTS/lib/</path>
         <kind>archive</kind>
         <file>rtsv7M4_T_le_v4SPD16_eabi.lib</file>
         <name>memcpy_t2.asm.obj</name>
      </input_file>
      <input_file id="fl-ca">
         <path>/home/richard/ti/ccsv8/tools/compiler/ti-cgt-arm_18.1.3.LTS/lib/</path>
         <kind>archive</kind>
         <file>rtsv7M4_T_le_v4SPD16_eabi.lib</file>
         <name>autoinit.c.obj</name>
      </input_file>
      <input_file id="fl-cb">
         <path>/home/richard/ti/ccsv8/tools/compiler/ti-cgt-arm_18.1.3.LTS/lib/</path>
         <kind>archive</kind>
         <file>rtsv7M4_T_le_v4SPD16_eabi.lib</file>
         <name>pre_init.c.obj</name>
      </input_file>
      <input_file id="fl-cc">
         <path>/home/richard/ti/ccsv8/tools/compiler/ti-cgt-arm_18.1.3.LTS/lib/</path>
         <kind>archive</kind>
         <file>rtsv7M4_T_le_v4SPD16_eabi.lib</file>
         <name>cpy_tbl.c.obj</name>
      </input_file>
      <input_file id="fl-cd">
         <path>/home/richard/ti/ccsv8/tools/compiler/ti-cgt-arm_18.1.3.LTS/lib/</path>
         <kind>archive</kind>
         <file>rtsv7M4_T_le_v4SPD16_eabi.lib</file>
         <name>exit.c.obj</name>
      </input_file>
      <input_file id="fl-ce">
         <path>/home/richard/ti/ccsv8/tools/compiler/ti-cgt-arm_18.1.3.LTS/lib/</path>
         <kind>archive</kind>
         <file>rtsv7M4_T_le_v4SPD16_eabi.lib</file>
         <name>_lock.c.obj</name>
      </input_file>
      <input_file id="fl-cf">
         <path>/home/richard/ti/ccsv8/tools/compiler/ti-cgt-arm_18.1.3.LTS/lib/</path>
         <kind>archive</kind>
         <file>rtsv7M4_T_le_v4SPD16_eabi.lib</file>
         <name>args_main.c.obj</name>
      </input_file>
      <input_file id="fl-d0">
         <path>/home/richard/ti/tivaware_c_series_2_1_4_178/driverlib/ccs/Debug/</path>
         <kind>archive</kind>
         <file>driverlib.lib</file>
         <name>gpio.obj</name>
      </input_file>
      <input_file id="fl-d1">
         <path>/home/richard/ti/tivaware_c_series_2_1_4_178/driverlib/ccs/Debug/</path>
         <kind>archive</kind>
         <file>driverlib.lib</file>
         <name>interrupt.obj</name>
      </input_file>
      <input_file id="fl-d2">
         <path>/home/richard/ti/tivaware_c_series_2_1_4_178/driverlib/ccs/Debug/</path>
         <kind>archive</kind>
         <file>driverlib.lib</file>
         <name>sysctl.obj</name>
      </input_file>
      <input_file id="fl-d3">
         <path>/home/richard/ti/tivaware_c_series_2_1_4_178/driverlib/ccs/Debug/</path>
         <kind>archive</kind>
         <file>driverlib.lib</file>
         <name>cpu.obj</name>
      </input_file>
      <input_file id="fl-d4">
         <path>/home/richard/ti/tivaware_c_series_2_1_4_178/usblib/ccs/Debug/</path>
         <kind>archive</kind>
         <file>usblib.lib</file>
         <name>usbmode.obj</name>
      </input_file>
      <input_file id="fl-d5">
         <path>/home/richard/ti/tivaware_c_series_2_1_4_178/usblib/ccs/Debug/</path>
         <kind>archive</kind>
         <file>usblib.lib</file>
         <name>usbtick.obj</name>
      </input_file>
      <input_file id="fl-d6">
         <path>/home/richard/ti/tivaware_c_series_2_1_4_178/usblib/ccs/Debug/</path>
         <kind>archive</kind>
         <file>usblib.lib</file>
         <name>usbhostenum.obj</name>
      </input_file>
      <input_file id="fl-d7">
         <path>/home/richard/ti/tivaware_c_series_2_1_4_178/usblib/ccs/Debug/</path>
         <kind>archive</kind>
         <file>usblib.lib</file>
         <name>usbdenum.obj</name>
      </input_file>
      <input_file id="fl-d8">
         <path>/home/richard/ti/tivaware_c_series_2_1_4_178/usblib/ccs/Debug/</path>
         <kind>archive</kind>
         <file>usblib.lib</file>
         <name>usbdhandler.obj</name>
      </input_file>
      <input_file id="fl-d9">
         <path>/home/richard/ti/tivaware_c_series_2_1_4_178/usblib/ccs/Debug/</path>
         <kind>archive</kind>
         <file>usblib.lib</file>
         <name>usbdhidkeyb.obj</name>
      </input_file>
      <input_file id="fl-da">
         <path>/home/richard/ti/tivaware_c_series_2_1_4_178/usblib/ccs/Debug/</path>
         <kind>archive</kind>
         <file>usblib.lib</file>
         <name>usbdesc.obj</name>
      </input_file>
      <input_file id="fl-db">
         <path>/home/richard/ti/tivaware_c_series_2_1_4_178/usblib/ccs/Debug/</path>
         <kind>archive</kind>
         <file>usblib.lib</file>
         <name>usbdma.obj</name>
      </input_file>
      <input_file id="fl-dc">
         <path>/home/richard/ti/tivaware_c_series_2_1_4_178/usblib/ccs/Debug/</path>
         <kind>archive</kind>
         <file>usblib.lib</file>
         <name>usbulpi.obj</name>
      </input_file>
      <input_file id="fl-dd">
         <path>/home/richard/ti/tivaware_c_series_2_1_4_178/usblib/ccs/Debug/</path>
         <kind>archive</kind>
         <file>usblib.lib</file>
         <name>usbhhub.obj</name>
      </input_file>
      <input_file id="fl-de">
         <path>/home/richard/ti/tivaware_c_series_2_1_4_178/usblib/ccs/Debug/</path>
         <kind>archive</kind>
         <file>usblib.lib</file>
         <name>usbdcdesc.obj</name>
      </input_file>
      <input_file id="fl-df">
         <path>/home/richard/ti/tivaware_c_series_2_1_4_178/usblib/ccs/Debug/</path>
         <kind>archive</kind>
         <file>usblib.lib</file>
         <name>usbdconfig.obj</name>
      </input_file>
      <input_file id="fl-e0">
         <path>/home/richard/ti/tivaware_c_series_2_1_4_178/usblib/ccs/Debug/</path>
         <kind>archive</kind>
         <file>usblib.lib</file>
         <name>usbdhid.obj</name>
      </input_file>
      <input_file id="fl-e1">
         <path>/home/richard/ti/tivaware_c_series_2_1_4_178/driverlib/ccs/Debug/</path>
         <kind>archive</kind>
         <file>driverlib.lib</file>
         <name>udma.obj</name>
      </input_file>
      <input_file id="fl-e2">
         <path>/home/richard/ti/tivaware_c_series_2_1_4_178/driverlib/ccs/Debug/</path>
         <kind>archive</kind>
         <file>driverlib.lib</file>
         <name>usb.obj</name>
      </input_file>
   </input_file_list>
   <object_component_list>
      <object_component id="oc-f">
         <name>.intvecs</name>
         <load_address>0x0</load_address>
         <run_address>0x0</run_address>
         <size>0x200</size>
         <input_file_ref idref="fl-1"/>
      </object_component>
      <object_component id="oc-fc">
         <name>.text:main</name>
         <load_address>0x200</load_address>
         <run_address>0x200</run_address>
         <size>0x21c</size>
         <input_file_ref idref="fl-2"/>
      </object_component>
      <object_component id="oc-19d">
         <name>.text:PinoutSet</name>
         <load_address>0x41c</load_address>
         <run_address>0x41c</run_address>
         <size>0x218</size>
         <input_file_ref idref="fl-5"/>
      </object_component>
      <object_component id="oc-197">
         <name>.text:SysCtlClockFreqSet</name>
         <load_address>0x634</load_address>
         <run_address>0x634</run_address>
         <size>0x200</size>
         <input_file_ref idref="fl-d2"/>
      </object_component>
      <object_component id="oc-2dc">
         <name>.text:UARTvprintf</name>
         <load_address>0x834</load_address>
         <run_address>0x834</run_address>
         <size>0x1ea</size>
         <input_file_ref idref="fl-6"/>
      </object_component>
      <object_component id="oc-30">
         <name>.text:FaultISR</name>
         <load_address>0xa1e</load_address>
         <run_address>0xa1e</run_address>
         <size>0x2</size>
         <input_file_ref idref="fl-1"/>
      </object_component>
      <object_component id="oc-42">
         <name>.text:UARTStdioIntHandler</name>
         <load_address>0xa20</load_address>
         <run_address>0xa20</run_address>
         <size>0x160</size>
         <input_file_ref idref="fl-6"/>
      </object_component>
      <object_component id="oc-4ff">
         <name>.text:USBLibDMAInit</name>
         <load_address>0xb80</load_address>
         <run_address>0xb80</run_address>
         <size>0x160</size>
         <input_file_ref idref="fl-db"/>
      </object_component>
      <object_component id="oc-3aa">
         <name>.text:USBDCDInit</name>
         <load_address>0xce0</load_address>
         <run_address>0xce0</run_address>
         <size>0x150</size>
         <input_file_ref idref="fl-d7"/>
      </object_component>
      <object_component id="oc-265">
         <name>.text:USBDEP0StateTxConfig</name>
         <load_address>0xe30</load_address>
         <run_address>0xe30</run_address>
         <size>0x150</size>
         <input_file_ref idref="fl-d7"/>
      </object_component>
      <object_component id="oc-c8">
         <name>.text:USBDeviceIntHandlerInternal</name>
         <load_address>0xf80</load_address>
         <run_address>0xf80</run_address>
         <size>0x150</size>
         <input_file_ref idref="fl-d7"/>
      </object_component>
      <object_component id="oc-568">
         <name>.text:USBDeviceConfig</name>
         <load_address>0x10d0</load_address>
         <run_address>0x10d0</run_address>
         <size>0x148</size>
         <input_file_ref idref="fl-df"/>
      </object_component>
      <object_component id="oc-29c">
         <name>.text:GPIOPadConfigSet</name>
         <load_address>0x1218</load_address>
         <run_address>0x1218</run_address>
         <size>0x132</size>
         <input_file_ref idref="fl-d0"/>
      </object_component>
      <object_component id="oc-597">
         <name>.text:HandleRequest</name>
         <load_address>0x134a</load_address>
         <run_address>0x134a</run_address>
         <size>0x114</size>
         <input_file_ref idref="fl-e0"/>
      </object_component>
      <object_component id="oc-682">
         <name>.text:iDMAUSBTransfer</name>
         <load_address>0x145e</load_address>
         <run_address>0x145e</run_address>
         <size>0xf4</size>
         <input_file_ref idref="fl-db"/>
      </object_component>
      <object_component id="oc-36">
         <name>.text:IntDefaultHandler</name>
         <load_address>0x1552</load_address>
         <run_address>0x1552</run_address>
         <size>0x2</size>
         <input_file_ref idref="fl-1"/>
      </object_component>
      <object_component id="oc-448">
         <name>.text:USBDGetDescriptor</name>
         <load_address>0x1554</load_address>
         <run_address>0x1554</run_address>
         <size>0xe4</size>
         <input_file_ref idref="fl-d7"/>
      </object_component>
      <object_component id="oc-394">
         <name>.text:USBDHIDCompositeInit</name>
         <load_address>0x1638</load_address>
         <run_address>0x1638</run_address>
         <size>0xe0</size>
         <input_file_ref idref="fl-e0"/>
      </object_component>
      <object_component id="oc-16e">
         <name>.text:USBDeviceEnumHandler</name>
         <load_address>0x1718</load_address>
         <run_address>0x1718</run_address>
         <size>0xd8</size>
         <input_file_ref idref="fl-d7"/>
      </object_component>
      <object_component id="oc-610">
         <name>.text:uDMAUSBChannelAllocate</name>
         <load_address>0x17f0</load_address>
         <run_address>0x17f0</run_address>
         <size>0xc4</size>
         <input_file_ref idref="fl-db"/>
      </object_component>
      <object_component id="oc-652">
         <name>.text:uDMAUSBTransfer</name>
         <load_address>0x18b4</load_address>
         <run_address>0x18b4</run_address>
         <size>0xbc</size>
         <input_file_ref idref="fl-db"/>
      </object_component>
      <object_component id="oc-1a9">
         <name>.text:UARTStdioConfig</name>
         <load_address>0x1970</load_address>
         <run_address>0x1970</run_address>
         <size>0xb0</size>
         <input_file_ref idref="fl-6"/>
      </object_component>
      <object_component id="oc-a2">
         <name>.text:UARTwrite</name>
         <load_address>0x1a20</load_address>
         <run_address>0x1a20</run_address>
         <size>0xa8</size>
         <input_file_ref idref="fl-6"/>
      </object_component>
      <object_component id="oc-39a">
         <name>.text:HIDKeyboardRxHandler</name>
         <load_address>0x1ac8</load_address>
         <run_address>0x1ac8</run_address>
         <size>0xa6</size>
         <input_file_ref idref="fl-d9"/>
      </object_component>
      <object_component id="oc-2a">
         <name>.text:NmiSR</name>
         <load_address>0x1b6e</load_address>
         <run_address>0x1b6e</run_address>
         <size>0x2</size>
         <input_file_ref idref="fl-1"/>
      </object_component>
      <object_component id="oc-2cb">
         <name>.text:USBDHIDKeyboardCompositeInit</name>
         <load_address>0x1b70</load_address>
         <run_address>0x1b70</run_address>
         <size>0x9c</size>
         <input_file_ref idref="fl-d9"/>
      </object_component>
      <object_component id="oc-5c">
         <name>.text</name>
         <load_address>0x1c0c</load_address>
         <run_address>0x1c0c</run_address>
         <size>0x9c</size>
         <input_file_ref idref="fl-c9"/>
      </object_component>
      <object_component id="oc-466">
         <name>.text:USBDSetInterface</name>
         <load_address>0x1ca8</load_address>
         <run_address>0x1ca8</run_address>
         <size>0x98</size>
         <input_file_ref idref="fl-d7"/>
      </object_component>
      <object_component id="oc-1bb">
         <name>.text:USBDCDFeatureSet</name>
         <load_address>0x1d40</load_address>
         <run_address>0x1d40</run_address>
         <size>0x90</size>
         <input_file_ref idref="fl-d7"/>
      </object_component>
      <object_component id="oc-45a">
         <name>.text:USBDSetConfiguration</name>
         <load_address>0x1dd0</load_address>
         <run_address>0x1dd0</run_address>
         <size>0x90</size>
         <input_file_ref idref="fl-d7"/>
      </object_component>
      <object_component id="oc-96">
         <name>.text:UARTPrimeTransmit</name>
         <load_address>0x1e60</load_address>
         <run_address>0x1e60</run_address>
         <size>0x8c</size>
         <input_file_ref idref="fl-6"/>
      </object_component>
      <object_component id="oc-57c">
         <name>.text:USBDeviceConfigAlternate</name>
         <load_address>0x1eec</load_address>
         <run_address>0x1eec</run_address>
         <size>0x8c</size>
         <input_file_ref idref="fl-df"/>
      </object_component>
      <object_component id="oc-1cd">
         <name>.text:ButtonsPoll</name>
         <load_address>0x1f78</load_address>
         <run_address>0x1f78</run_address>
         <size>0x88</size>
         <input_file_ref idref="fl-4"/>
      </object_component>
      <object_component id="oc-5d7">
         <name>.text:ProcessIdleTimers</name>
         <load_address>0x2000</load_address>
         <run_address>0x2000</run_address>
         <size>0x88</size>
         <input_file_ref idref="fl-e0"/>
      </object_component>
      <object_component id="oc-2ea">
         <name>.text:USBDHIDKeyboardKeyStateChange</name>
         <load_address>0x2088</load_address>
         <run_address>0x2088</run_address>
         <size>0x86</size>
         <input_file_ref idref="fl-d9"/>
      </object_component>
      <object_component id="oc-664">
         <name>.text:iDMAUSBChannelAllocate</name>
         <load_address>0x210e</load_address>
         <run_address>0x210e</run_address>
         <size>0x84</size>
         <input_file_ref idref="fl-db"/>
      </object_component>
      <object_component id="oc-65e">
         <name>.text:iDMAUSBArbSizeSet</name>
         <load_address>0x2192</load_address>
         <run_address>0x2192</run_address>
         <size>0x2</size>
         <input_file_ref idref="fl-db"/>
      </object_component>
      <object_component id="oc-771">
         <name>.text:uDMAChannelTransferSet</name>
         <load_address>0x2194</load_address>
         <run_address>0x2194</run_address>
         <size>0x84</size>
         <input_file_ref idref="fl-e1"/>
      </object_component>
      <object_component id="oc-436">
         <name>.text:USBDClearFeature</name>
         <load_address>0x2218</load_address>
         <run_address>0x2218</run_address>
         <size>0x80</size>
         <input_file_ref idref="fl-d7"/>
      </object_component>
      <object_component id="oc-6bb">
         <name>.text:USBDevEndpointConfigSet</name>
         <load_address>0x2298</load_address>
         <run_address>0x2298</run_address>
         <size>0x7a</size>
         <input_file_ref idref="fl-e2"/>
      </object_component>
      <object_component id="oc-f0">
         <name>.text</name>
         <load_address>0x2312</load_address>
         <run_address>0x2312</run_address>
         <size>0x7a</size>
         <input_file_ref idref="fl-c8"/>
      </object_component>
      <object_component id="oc-1d3">
         <name>.text:SendString</name>
         <load_address>0x238c</load_address>
         <run_address>0x238c</run_address>
         <size>0x78</size>
         <input_file_ref idref="fl-2"/>
      </object_component>
      <object_component id="oc-430">
         <name>.text:USBDGetStatus</name>
         <load_address>0x2404</load_address>
         <run_address>0x2404</run_address>
         <size>0x78</size>
         <input_file_ref idref="fl-d7"/>
      </object_component>
      <object_component id="oc-1b5">
         <name>.text:SysCtlVCOGet</name>
         <load_address>0x247c</load_address>
         <run_address>0x247c</run_address>
         <size>0x70</size>
         <input_file_ref idref="fl-d2"/>
      </object_component>
      <object_component id="oc-26b">
         <name>.text:USBDEP0StateTx</name>
         <load_address>0x24ec</load_address>
         <run_address>0x24ec</run_address>
         <size>0x70</size>
         <input_file_ref idref="fl-d7"/>
      </object_component>
      <object_component id="oc-60a">
         <name>.text:uDMAUSBArbSizeSet</name>
         <load_address>0x255c</load_address>
         <run_address>0x255c</run_address>
         <size>0x70</size>
         <input_file_ref idref="fl-db"/>
      </object_component>
      <object_component id="oc-658">
         <name>.text:uDMAUSBUnitSizeSet</name>
         <load_address>0x25cc</load_address>
         <run_address>0x25cc</run_address>
         <size>0x70</size>
         <input_file_ref idref="fl-db"/>
      </object_component>
      <object_component id="oc-43c">
         <name>.text:USBDSetFeature</name>
         <load_address>0x263c</load_address>
         <run_address>0x263c</run_address>
         <size>0x6c</size>
         <input_file_ref idref="fl-d7"/>
      </object_component>
      <object_component id="oc-74a">
         <name>.text:IntDisable</name>
         <load_address>0x26a8</load_address>
         <run_address>0x26a8</run_address>
         <size>0x68</size>
         <input_file_ref idref="fl-d1"/>
      </object_component>
      <object_component id="oc-517">
         <name>.text:IntEnable</name>
         <load_address>0x2710</load_address>
         <run_address>0x2710</run_address>
         <size>0x68</size>
         <input_file_ref idref="fl-d1"/>
      </object_component>
      <object_component id="oc-303">
         <name>.text:KeyboardHandler</name>
         <load_address>0x2778</load_address>
         <run_address>0x2778</run_address>
         <size>0x68</size>
         <input_file_ref idref="fl-2"/>
      </object_component>
      <object_component id="oc-12">
         <name>.text:decompress:lzss:__TI_decompress_lzss</name>
         <load_address>0x27e0</load_address>
         <run_address>0x27e0</run_address>
         <size>0x68</size>
         <input_file_ref idref="fl-c5"/>
      </object_component>
      <object_component id="oc-591">
         <name>.text:HandleGetDescriptor</name>
         <load_address>0x2848</load_address>
         <run_address>0x2848</run_address>
         <size>0x64</size>
         <input_file_ref idref="fl-e0"/>
      </object_component>
      <object_component id="oc-744">
         <name>.text:IntIsEnabled</name>
         <load_address>0x28ac</load_address>
         <run_address>0x28ac</run_address>
         <size>0x64</size>
         <input_file_ref idref="fl-d1"/>
      </object_component>
      <object_component id="oc-61c">
         <name>.text:uDMAUSBChannelEnable</name>
         <load_address>0x2910</load_address>
         <run_address>0x2910</run_address>
         <size>0x64</size>
         <input_file_ref idref="fl-db"/>
      </object_component>
      <object_component id="oc-5cd">
         <name>.text:HandleDevice</name>
         <load_address>0x2974</load_address>
         <run_address>0x2974</run_address>
         <size>0x60</size>
         <input_file_ref idref="fl-e0"/>
      </object_component>
      <object_component id="oc-706">
         <name>.text:ProcessDataFromHost</name>
         <load_address>0x29d4</load_address>
         <run_address>0x29d4</run_address>
         <size>0x60</size>
         <input_file_ref idref="fl-e0"/>
      </object_component>
      <object_component id="oc-25f">
         <name>.text:USBDReadAndDispatchRequest</name>
         <load_address>0x2a34</load_address>
         <run_address>0x2a34</run_address>
         <size>0x60</size>
         <input_file_ref idref="fl-d7"/>
      </object_component>
      <object_component id="oc-247">
         <name>.text:USBDevEndpointStatusClear</name>
         <load_address>0x2a94</load_address>
         <run_address>0x2a94</run_address>
         <size>0x5e</size>
         <input_file_ref idref="fl-e2"/>
      </object_component>
      <object_component id="oc-6df">
         <name>.text:FindHIDDescriptor</name>
         <load_address>0x2af2</load_address>
         <run_address>0x2af2</run_address>
         <size>0x5c</size>
         <input_file_ref idref="fl-e0"/>
      </object_component>
      <object_component id="oc-3cd">
         <name>.text:RemoveKeyFromPressedList</name>
         <load_address>0x2b4e</load_address>
         <run_address>0x2b4e</run_address>
         <size>0x56</size>
         <input_file_ref idref="fl-d9"/>
      </object_component>
      <object_component id="oc-62e">
         <name>.text:uDMAUSBChannelRelease</name>
         <load_address>0x2ba4</load_address>
         <run_address>0x2ba4</run_address>
         <size>0x56</size>
         <input_file_ref idref="fl-db"/>
      </object_component>
      <object_component id="oc-70c">
         <name>.text:ProcessDataToHost</name>
         <load_address>0x2bfa</load_address>
         <run_address>0x2bfa</run_address>
         <size>0x54</size>
         <input_file_ref idref="fl-e0"/>
      </object_component>
      <object_component id="oc-4d5">
         <name>.text:ULPIConfigSet</name>
         <load_address>0x2c4e</load_address>
         <run_address>0x2c4e</run_address>
         <size>0x52</size>
         <input_file_ref idref="fl-dc"/>
      </object_component>
      <object_component id="oc-4b7">
         <name>.text:SysCtlPeripheralReset</name>
         <load_address>0x2ca0</load_address>
         <run_address>0x2ca0</run_address>
         <size>0x50</size>
         <input_file_ref idref="fl-d2"/>
      </object_component>
      <object_component id="oc-6af">
         <name>.text:USBDCDConfigDescGet</name>
         <load_address>0x2cf0</load_address>
         <run_address>0x2cf0</run_address>
         <size>0x50</size>
         <input_file_ref idref="fl-de"/>
      </object_component>
      <object_component id="oc-150">
         <name>.text:USBDeviceResumeTickHandler</name>
         <load_address>0x2d40</load_address>
         <run_address>0x2d40</run_address>
         <size>0x50</size>
         <input_file_ref idref="fl-d7"/>
      </object_component>
      <object_component id="oc-1a3">
         <name>.text:ButtonsInit</name>
         <load_address>0x2d90</load_address>
         <run_address>0x2d90</run_address>
         <size>0x4c</size>
         <input_file_ref idref="fl-4"/>
      </object_component>
      <object_component id="oc-6b5">
         <name>.text:GetEPDescriptorType</name>
         <load_address>0x2ddc</load_address>
         <run_address>0x2ddc</run_address>
         <size>0x4c</size>
         <input_file_ref idref="fl-df"/>
      </object_component>
      <object_component id="oc-55f">
         <name>.text:USBDStringIndexFromRequest</name>
         <load_address>0x2e28</load_address>
         <run_address>0x2e28</run_address>
         <size>0x4c</size>
         <input_file_ref idref="fl-d7"/>
      </object_component>
      <object_component id="oc-77d">
         <name>.text:USBEndpointDMAConfigSet</name>
         <load_address>0x2e74</load_address>
         <run_address>0x2e74</run_address>
         <size>0x4c</size>
         <input_file_ref idref="fl-e2"/>
      </object_component>
      <object_component id="oc-68e">
         <name>.text:iDMAUSBChannelEnable</name>
         <load_address>0x2ec0</load_address>
         <run_address>0x2ec0</run_address>
         <size>0x4c</size>
         <input_file_ref idref="fl-db"/>
      </object_component>
      <object_component id="oc-6d6">
         <name>.text:ConfigAlternateInterfaceGet</name>
         <load_address>0x2f0c</load_address>
         <run_address>0x2f0c</run_address>
         <size>0x4a</size>
         <input_file_ref idref="fl-de"/>
      </object_component>
      <object_component id="oc-3df">
         <name>.text:USBDHIDReportWrite</name>
         <load_address>0x2f56</load_address>
         <run_address>0x2f56</run_address>
         <size>0x4a</size>
         <input_file_ref idref="fl-e0"/>
      </object_component>
      <object_component id="oc-556">
         <name>.text:USBDevEndpointStallClear</name>
         <load_address>0x2fa0</load_address>
         <run_address>0x2fa0</run_address>
         <size>0x4a</size>
         <input_file_ref idref="fl-e2"/>
      </object_component>
      <object_component id="oc-616">
         <name>.text:uDMAUSBChannelDisable</name>
         <load_address>0x2fea</load_address>
         <run_address>0x2fea</run_address>
         <size>0x4a</size>
         <input_file_ref idref="fl-db"/>
      </object_component>
      <object_component id="oc-6f8">
         <name>.text:SetIdleTimeout</name>
         <load_address>0x3034</load_address>
         <run_address>0x3034</run_address>
         <size>0x48</size>
         <input_file_ref idref="fl-e0"/>
      </object_component>
      <object_component id="oc-14a">
         <name>.text:USBDeviceEnumResetHandler</name>
         <load_address>0x307c</load_address>
         <run_address>0x307c</run_address>
         <size>0x48</size>
         <input_file_ref idref="fl-d7"/>
      </object_component>
      <object_component id="oc-28b">
         <name>.text:_SysCtlFrequencyGet</name>
         <load_address>0x30c4</load_address>
         <run_address>0x30c4</run_address>
         <size>0x48</size>
         <input_file_ref idref="fl-d2"/>
      </object_component>
      <object_component id="oc-730">
         <name>.text:uDMAChannelAttributeDisable</name>
         <load_address>0x310c</load_address>
         <run_address>0x310c</run_address>
         <size>0x48</size>
         <input_file_ref idref="fl-e1"/>
      </object_component>
      <object_component id="oc-253">
         <name>.text:USBEndpointDataGet</name>
         <load_address>0x3154</load_address>
         <run_address>0x3154</run_address>
         <size>0x46</size>
         <input_file_ref idref="fl-e2"/>
      </object_component>
      <object_component id="oc-69a">
         <name>.text:iDMAUSBUnitSizeSet</name>
         <load_address>0x319a</load_address>
         <run_address>0x319a</run_address>
         <size>0x2</size>
         <input_file_ref idref="fl-db"/>
      </object_component>
      <object_component id="oc-488">
         <name>.text:USBDCDDeviceInfoInit</name>
         <load_address>0x319c</load_address>
         <run_address>0x319c</run_address>
         <size>0x44</size>
         <input_file_ref idref="fl-d7"/>
      </object_component>
      <object_component id="oc-460">
         <name>.text:USBDGetInterface</name>
         <load_address>0x31e0</load_address>
         <run_address>0x31e0</run_address>
         <size>0x44</size>
         <input_file_ref idref="fl-d7"/>
      </object_component>
      <object_component id="oc-1f2">
         <name>.text:__TI_auto_init_nobinit_nopinit:__TI_auto_init_nobinit_nopinit</name>
         <load_address>0x3224</load_address>
         <run_address>0x3224</run_address>
         <size>0x44</size>
         <input_file_ref idref="fl-ca"/>
      </object_component>
      <object_component id="oc-52f">
         <name>.text:ScheduleReportTransmission</name>
         <load_address>0x3268</load_address>
         <run_address>0x3268</run_address>
         <size>0x40</size>
         <input_file_ref idref="fl-e0"/>
      </object_component>
      <object_component id="oc-3c5">
         <name>.text</name>
         <load_address>0x32a8</load_address>
         <run_address>0x32a8</run_address>
         <size>0x40</size>
         <input_file_ref idref="fl-c2"/>
      </object_component>
      <object_component id="oc-3a0">
         <name>.text:HIDKeyboardTxHandler</name>
         <load_address>0x32e8</load_address>
         <run_address>0x32e8</run_address>
         <size>0x3e</size>
         <input_file_ref idref="fl-d9"/>
      </object_component>
      <object_component id="oc-520">
         <name>.text</name>
         <load_address>0x3326</load_address>
         <run_address>0x3326</run_address>
         <size>0x2</size>
         <input_file_ref idref="fl-c7"/>
      </object_component>
      <object_component id="oc-2b4">
         <name>.text:UARTFlushTx</name>
         <load_address>0x3328</load_address>
         <run_address>0x3328</run_address>
         <size>0x3c</size>
         <input_file_ref idref="fl-6"/>
      </object_component>
      <object_component id="oc-3e9">
         <name>.text:USBDCDRemoteWakeupRequest</name>
         <load_address>0x3364</load_address>
         <run_address>0x3364</run_address>
         <size>0x3c</size>
         <input_file_ref idref="fl-d7"/>
      </object_component>
      <object_component id="oc-688">
         <name>.text:iDMAUSBChannelRelease</name>
         <load_address>0x33a0</load_address>
         <run_address>0x33a0</run_address>
         <size>0x3c</size>
         <input_file_ref idref="fl-db"/>
      </object_component>
      <object_component id="oc-6c7">
         <name>.text:USBFIFOConfigSet</name>
         <load_address>0x33dc</load_address>
         <run_address>0x33dc</run_address>
         <size>0x3a</size>
         <input_file_ref idref="fl-e2"/>
      </object_component>
      <object_component id="oc-628">
         <name>.text:uDMAUSBChannelIntDisable</name>
         <load_address>0x3416</load_address>
         <run_address>0x3416</run_address>
         <size>0x2</size>
         <input_file_ref idref="fl-db"/>
      </object_component>
      <object_component id="oc-49a">
         <name>.text:InternalUSBRegisterTickHandler</name>
         <load_address>0x3418</load_address>
         <run_address>0x3418</run_address>
         <size>0x38</size>
         <input_file_ref idref="fl-d5"/>
      </object_component>
      <object_component id="oc-156">
         <name>.text:InternalUSBStartOfFrameTick</name>
         <load_address>0x3450</load_address>
         <run_address>0x3450</run_address>
         <size>0x38</size>
         <input_file_ref idref="fl-d5"/>
      </object_component>
      <object_component id="oc-482">
         <name>.text:USBDCDConfigGetInterfaceEndpoint</name>
         <load_address>0x3488</load_address>
         <run_address>0x3488</run_address>
         <size>0x38</size>
         <input_file_ref idref="fl-de"/>
      </object_component>
      <object_component id="oc-c2">
         <name>.text:USBIntStatusControl</name>
         <load_address>0x34c0</load_address>
         <run_address>0x34c0</run_address>
         <size>0x38</size>
         <input_file_ref idref="fl-e2"/>
      </object_component>
      <object_component id="oc-7a">
         <name>.text:_c_int00_noargs:_c_int00_noargs</name>
         <load_address>0x34f8</load_address>
         <run_address>0x34f8</run_address>
         <size>0x38</size>
         <input_file_ref idref="fl-c6"/>
      </object_component>
      <object_component id="oc-5c7">
         <name>.text:HandleEndpoints</name>
         <load_address>0x3530</load_address>
         <run_address>0x3530</run_address>
         <size>0x36</size>
         <input_file_ref idref="fl-e0"/>
      </object_component>
      <object_component id="oc-34e">
         <name>.text:USBEndpointDataPut</name>
         <load_address>0x3566</load_address>
         <run_address>0x3566</run_address>
         <size>0x36</size>
         <input_file_ref idref="fl-e2"/>
      </object_component>
      <object_component id="oc-4a6">
         <name>.text:HIDTickHandler</name>
         <load_address>0x359c</load_address>
         <run_address>0x359c</run_address>
         <size>0x34</size>
         <input_file_ref idref="fl-e0"/>
      </object_component>
      <object_component id="oc-4bd">
         <name>.text:SysCtlPeripheralEnable</name>
         <load_address>0x35d0</load_address>
         <run_address>0x35d0</run_address>
         <size>0x34</size>
         <input_file_ref idref="fl-d2"/>
      </object_component>
      <object_component id="oc-354">
         <name>.text:USBEndpointDataSend</name>
         <load_address>0x3604</load_address>
         <run_address>0x3604</run_address>
         <size>0x34</size>
         <input_file_ref idref="fl-e2"/>
      </object_component>
      <object_component id="oc-66a">
         <name>.text:iDMAUSBChannelStatus</name>
         <load_address>0x3638</load_address>
         <run_address>0x3638</run_address>
         <size>0x34</size>
         <input_file_ref idref="fl-db"/>
      </object_component>
      <object_component id="oc-529">
         <name>.text:ClearReportTimer</name>
         <load_address>0x366c</load_address>
         <run_address>0x366c</run_address>
         <size>0x32</size>
         <input_file_ref idref="fl-e0"/>
      </object_component>
      <object_component id="oc-59d">
         <name>.text:HandleConfigChange</name>
         <load_address>0x369e</load_address>
         <run_address>0x369e</run_address>
         <size>0x32</size>
         <input_file_ref idref="fl-e0"/>
      </object_component>
      <object_component id="oc-586">
         <name>.text:NextConfigDescGet</name>
         <load_address>0x36d0</load_address>
         <run_address>0x36d0</run_address>
         <size>0x32</size>
         <input_file_ref idref="fl-de"/>
      </object_component>
      <object_component id="oc-427">
         <name>.text:USBDevEndpointStall</name>
         <load_address>0x3702</load_address>
         <run_address>0x3702</run_address>
         <size>0x32</size>
         <input_file_ref idref="fl-e2"/>
      </object_component>
      <object_component id="oc-694">
         <name>.text:iDMAUSBChannelDisable</name>
         <load_address>0x3734</load_address>
         <run_address>0x3734</run_address>
         <size>0x32</size>
         <input_file_ref idref="fl-db"/>
      </object_component>
      <object_component id="oc-3d3">
         <name>.text:AddKeyToPressedList</name>
         <load_address>0x3766</load_address>
         <run_address>0x3766</run_address>
         <size>0x30</size>
         <input_file_ref idref="fl-d9"/>
      </object_component>
      <object_component id="oc-63a">
         <name>.text:DMAUSBIntHandler</name>
         <load_address>0x3796</load_address>
         <run_address>0x3796</run_address>
         <size>0x30</size>
         <input_file_ref idref="fl-db"/>
      </object_component>
      <object_component id="oc-622">
         <name>.text:uDMAUSBChannelIntEnable</name>
         <load_address>0x37c6</load_address>
         <run_address>0x37c6</run_address>
         <size>0x2</size>
         <input_file_ref idref="fl-db"/>
      </object_component>
      <object_component id="oc-494">
         <name>.text:InternalUSBTickInit</name>
         <load_address>0x37c8</load_address>
         <run_address>0x37c8</run_address>
         <size>0x30</size>
         <input_file_ref idref="fl-d5"/>
      </object_component>
      <object_component id="oc-454">
         <name>.text:USBDGetConfiguration</name>
         <load_address>0x37f8</load_address>
         <run_address>0x37f8</run_address>
         <size>0x30</size>
         <input_file_ref idref="fl-d7"/>
      </object_component>
      <object_component id="oc-1c1">
         <name>.text:USBDHIDKeyboardInit</name>
         <load_address>0x3828</load_address>
         <run_address>0x3828</run_address>
         <size>0x30</size>
         <input_file_ref idref="fl-d9"/>
      </object_component>
      <object_component id="oc-2ae">
         <name>.text:UARTFlushRx</name>
         <load_address>0x3858</load_address>
         <run_address>0x3858</run_address>
         <size>0x2c</size>
         <input_file_ref idref="fl-6"/>
      </object_component>
      <object_component id="oc-7cc">
         <name>.text:USBDescGet</name>
         <load_address>0x3884</load_address>
         <run_address>0x3884</run_address>
         <size>0x2c</size>
         <input_file_ref idref="fl-da"/>
      </object_component>
      <object_component id="oc-2f0">
         <name>.text:WaitForSendIdle</name>
         <load_address>0x38b0</load_address>
         <run_address>0x38b0</run_address>
         <size>0x2c</size>
         <input_file_ref idref="fl-2"/>
      </object_component>
      <object_component id="oc-640">
         <name>.text:uDMAUSBIntStatus</name>
         <load_address>0x38dc</load_address>
         <run_address>0x38dc</run_address>
         <size>0x2c</size>
         <input_file_ref idref="fl-db"/>
      </object_component>
      <object_component id="oc-375">
         <name>.text:GPIODirModeSet</name>
         <load_address>0x3908</load_address>
         <run_address>0x3908</run_address>
         <size>0x2a</size>
         <input_file_ref idref="fl-d0"/>
      </object_component>
      <object_component id="oc-570">
         <name>.text:USBDCDConfigDescGetNum</name>
         <load_address>0x3932</load_address>
         <run_address>0x3932</run_address>
         <size>0x2a</size>
         <input_file_ref idref="fl-de"/>
      </object_component>
      <object_component id="oc-6cf">
         <name>.text:USBDescGetNum</name>
         <load_address>0x395c</load_address>
         <run_address>0x395c</run_address>
         <size>0x2a</size>
         <input_file_ref idref="fl-da"/>
      </object_component>
      <object_component id="oc-259">
         <name>.text:USBDevEndpointDataAck</name>
         <load_address>0x3986</load_address>
         <run_address>0x3986</run_address>
         <size>0x2a</size>
         <input_file_ref idref="fl-e2"/>
      </object_component>
      <object_component id="oc-6f2">
         <name>.text:GetIdleTimeout</name>
         <load_address>0x39b0</load_address>
         <run_address>0x39b0</run_address>
         <size>0x28</size>
         <input_file_ref idref="fl-e0"/>
      </object_component>
      <object_component id="oc-5a3">
         <name>.text:HandleEP0DataReceived</name>
         <load_address>0x39d8</load_address>
         <run_address>0x39d8</run_address>
         <size>0x28</size>
         <input_file_ref idref="fl-e0"/>
      </object_component>
      <object_component id="oc-442">
         <name>.text:USBDSetAddress</name>
         <load_address>0x3a00</load_address>
         <run_address>0x3a00</run_address>
         <size>0x28</size>
         <input_file_ref idref="fl-d7"/>
      </object_component>
      <object_component id="oc-505">
         <name>.text:USBIntEnableControl</name>
         <load_address>0x3a28</load_address>
         <run_address>0x3a28</run_address>
         <size>0x28</size>
         <input_file_ref idref="fl-e2"/>
      </object_component>
      <object_component id="oc-762">
         <name>.text:uDMAChannelModeGet</name>
         <load_address>0x3a50</load_address>
         <run_address>0x3a50</run_address>
         <size>0x28</size>
         <input_file_ref idref="fl-e1"/>
      </object_component>
      <object_component id="oc-2d1">
         <name>.text:USBDHIDInit</name>
         <load_address>0x3a78</load_address>
         <run_address>0x3a78</run_address>
         <size>0x26</size>
         <input_file_ref idref="fl-e0"/>
      </object_component>
      <object_component id="oc-736">
         <name>.text:USBEndpointDMADisable</name>
         <load_address>0x3a9e</load_address>
         <run_address>0x3a9e</run_address>
         <size>0x24</size>
         <input_file_ref idref="fl-e2"/>
      </object_component>
      <object_component id="oc-750">
         <name>.text:USBEndpointDMAEnable</name>
         <load_address>0x3ac2</load_address>
         <run_address>0x3ac2</run_address>
         <size>0x24</size>
         <input_file_ref idref="fl-e2"/>
      </object_component>
      <object_component id="oc-1af">
         <name>.text:USBStackModeSet</name>
         <load_address>0x3ae8</load_address>
         <run_address>0x3ae8</run_address>
         <size>0x24</size>
         <input_file_ref idref="fl-d4"/>
      </object_component>
      <object_component id="oc-723">
         <name>.text:uDMAChannelControlSet</name>
         <load_address>0x3b0c</load_address>
         <run_address>0x3b0c</run_address>
         <size>0x24</size>
         <input_file_ref idref="fl-e1"/>
      </object_component>
      <object_component id="oc-5c1">
         <name>.text:HandleDisconnect</name>
         <load_address>0x3b30</load_address>
         <run_address>0x3b30</run_address>
         <size>0x22</size>
         <input_file_ref idref="fl-e0"/>
      </object_component>
      <object_component id="oc-634">
         <name>.text:uDMAUSBChannelStatus</name>
         <load_address>0x3b52</load_address>
         <run_address>0x3b52</run_address>
         <size>0x22</size>
         <input_file_ref idref="fl-db"/>
      </object_component>
      <object_component id="oc-6c1">
         <name>.text:GetEndpointFIFOSize</name>
         <load_address>0x3b74</load_address>
         <run_address>0x3b74</run_address>
         <size>0x20</size>
         <input_file_ref idref="fl-df"/>
      </object_component>
      <object_component id="oc-5a9">
         <name>.text:HandleEP0DataSent</name>
         <load_address>0x3b94</load_address>
         <run_address>0x3b94</run_address>
         <size>0x20</size>
         <input_file_ref idref="fl-e0"/>
      </object_component>
      <object_component id="oc-285">
         <name>.text:_SysCtlMemTimingGet</name>
         <load_address>0x3bb4</load_address>
         <run_address>0x3bb4</run_address>
         <size>0x20</size>
         <input_file_ref idref="fl-d2"/>
      </object_component>
      <object_component id="oc-5ed">
         <name>.text:USBULPIRegRead</name>
         <load_address>0x3bd4</load_address>
         <run_address>0x3bd4</run_address>
         <size>0x1e</size>
         <input_file_ref idref="fl-e2"/>
      </object_component>
      <object_component id="oc-5f3">
         <name>.text:USBULPIRegWrite</name>
         <load_address>0x3bf2</load_address>
         <run_address>0x3bf2</run_address>
         <size>0x1e</size>
         <input_file_ref idref="fl-e2"/>
      </object_component>
      <object_component id="oc-576">
         <name>.text:USBDCDConfigGetInterface</name>
         <load_address>0x3c10</load_address>
         <run_address>0x3c10</run_address>
         <size>0x1c</size>
         <input_file_ref idref="fl-de"/>
      </object_component>
      <object_component id="oc-33b">
         <name>.text:USBDCDStallEP0</name>
         <load_address>0x3c2c</load_address>
         <run_address>0x3c2c</run_address>
         <size>0x1c</size>
         <input_file_ref idref="fl-d7"/>
      </object_component>
      <object_component id="oc-5dd">
         <name>.text:USBEndpointDataAvail</name>
         <load_address>0x3c48</load_address>
         <run_address>0x3c48</run_address>
         <size>0x1c</size>
         <input_file_ref idref="fl-e2"/>
      </object_component>
      <object_component id="oc-48e">
         <name>.text:ClearIdleTimers</name>
         <load_address>0x3c64</load_address>
         <run_address>0x3c64</run_address>
         <size>0x1a</size>
         <input_file_ref idref="fl-e0"/>
      </object_component>
      <object_component id="oc-1c7">
         <name>.text:UARTprintf</name>
         <load_address>0x3c7e</load_address>
         <run_address>0x3c7e</run_address>
         <size>0x1a</size>
         <input_file_ref idref="fl-6"/>
      </object_component>
      <object_component id="oc-348">
         <name>.text:USBDCDConfigDescGetSize</name>
         <load_address>0x3c98</load_address>
         <run_address>0x3c98</run_address>
         <size>0x1a</size>
         <input_file_ref idref="fl-de"/>
      </object_component>
      <object_component id="oc-72a">
         <name>.text:USBEndpointDMAChannel</name>
         <load_address>0x3cb2</load_address>
         <run_address>0x3cb2</run_address>
         <size>0x1a</size>
         <input_file_ref idref="fl-e2"/>
      </object_component>
      <object_component id="oc-a8">
         <name>.text:IsBufferFull</name>
         <load_address>0x3ccc</load_address>
         <run_address>0x3ccc</run_address>
         <size>0x18</size>
         <input_file_ref idref="fl-6"/>
      </object_component>
      <object_component id="oc-714">
         <name>.text:SetDeferredOpFlag</name>
         <load_address>0x3ce4</load_address>
         <run_address>0x3ce4</run_address>
         <size>0x18</size>
         <input_file_ref idref="fl-e0"/>
      </object_component>
      <object_component id="oc-48">
         <name>.text:USB0DeviceIntHandler</name>
         <load_address>0x3cfc</load_address>
         <run_address>0x3cfc</run_address>
         <size>0x18</size>
         <input_file_ref idref="fl-d8"/>
      </object_component>
      <object_component id="oc-44e">
         <name>.text:USBDSetDescriptor</name>
         <load_address>0x3d14</load_address>
         <run_address>0x3d14</run_address>
         <size>0x18</size>
         <input_file_ref idref="fl-d7"/>
      </object_component>
      <object_component id="oc-46c">
         <name>.text:USBDSyncFrame</name>
         <load_address>0x3d2c</load_address>
         <run_address>0x3d2c</run_address>
         <size>0x18</size>
         <input_file_ref idref="fl-d7"/>
      </object_component>
      <object_component id="oc-73d">
         <name>.text:uDMAChannelDisable</name>
         <load_address>0x3d44</load_address>
         <run_address>0x3d44</run_address>
         <size>0x18</size>
         <input_file_ref idref="fl-e1"/>
      </object_component>
      <object_component id="oc-756">
         <name>.text:uDMAChannelEnable</name>
         <load_address>0x3d5c</load_address>
         <run_address>0x3d5c</run_address>
         <size>0x18</size>
         <input_file_ref idref="fl-e1"/>
      </object_component>
      <object_component id="oc-50b">
         <name>.text:USBIntEnableEndpoint</name>
         <load_address>0x3d74</load_address>
         <run_address>0x3d74</run_address>
         <size>0x16</size>
         <input_file_ref idref="fl-e2"/>
      </object_component>
      <object_component id="oc-4c3">
         <name>.text:SysCtlUSBPLLEnable</name>
         <load_address>0x3d8c</load_address>
         <run_address>0x3d8c</run_address>
         <size>0x14</size>
         <input_file_ref idref="fl-d2"/>
      </object_component>
      <object_component id="oc-6ec">
         <name>.text:USBDCDRequestDataEP0</name>
         <load_address>0x3da0</load_address>
         <run_address>0x3da0</run_address>
         <size>0x14</size>
         <input_file_ref idref="fl-d7"/>
      </object_component>
      <object_component id="oc-6e5">
         <name>.text:USBDCDSendDataEP0</name>
         <load_address>0x3db4</load_address>
         <run_address>0x3db4</run_address>
         <size>0x14</size>
         <input_file_ref idref="fl-d7"/>
      </object_component>
      <object_component id="oc-7b5">
         <name>.text:USBDMAChannelConfigSet</name>
         <load_address>0x3dc8</load_address>
         <run_address>0x3dc8</run_address>
         <size>0x14</size>
         <input_file_ref idref="fl-e2"/>
      </object_component>
      <object_component id="oc-232">
         <name>.text:USBHostResume</name>
         <load_address>0x3ddc</load_address>
         <run_address>0x3ddc</run_address>
         <size>0x14</size>
         <input_file_ref idref="fl-e2"/>
      </object_component>
      <object_component id="oc-7d6">
         <name>.text:_USBIndexWrite</name>
         <load_address>0x3df0</load_address>
         <run_address>0x3df0</run_address>
         <size>0x14</size>
         <input_file_ref idref="fl-e2"/>
      </object_component>
      <object_component id="oc-2a2">
         <name>.text:GPIOPinTypeEthernetLED</name>
         <load_address>0x3e04</load_address>
         <run_address>0x3e04</run_address>
         <size>0x12</size>
         <input_file_ref idref="fl-d0"/>
      </object_component>
      <object_component id="oc-5bb">
         <name>.text:HandleResume</name>
         <load_address>0x3e16</load_address>
         <run_address>0x3e16</run_address>
         <size>0x12</size>
         <input_file_ref idref="fl-e0"/>
      </object_component>
      <object_component id="oc-5b5">
         <name>.text:HandleSuspend</name>
         <load_address>0x3e28</load_address>
         <run_address>0x3e28</run_address>
         <size>0x12</size>
         <input_file_ref idref="fl-e0"/>
      </object_component>
      <object_component id="oc-786">
         <name>.text:USBDMAChannelDisable</name>
         <load_address>0x3e3a</load_address>
         <run_address>0x3e3a</run_address>
         <size>0x12</size>
         <input_file_ref idref="fl-e2"/>
      </object_component>
      <object_component id="oc-7bb">
         <name>.text:USBDMAChannelEnable</name>
         <load_address>0x3e4c</load_address>
         <run_address>0x3e4c</run_address>
         <size>0x12</size>
         <input_file_ref idref="fl-e2"/>
      </object_component>
      <object_component id="oc-7a2">
         <name>.text:USBDMAChannelIntDisable</name>
         <load_address>0x3e5e</load_address>
         <run_address>0x3e5e</run_address>
         <size>0x12</size>
         <input_file_ref idref="fl-e2"/>
      </object_component>
      <object_component id="oc-79b">
         <name>.text:USBDMAChannelIntEnable</name>
         <load_address>0x3e70</load_address>
         <run_address>0x3e70</run_address>
         <size>0x12</size>
         <input_file_ref idref="fl-e2"/>
      </object_component>
      <object_component id="oc-3c">
         <name>.text:SysTickIntHandler</name>
         <load_address>0x3e84</load_address>
         <run_address>0x3e84</run_address>
         <size>0x10</size>
         <input_file_ref idref="fl-2"/>
      </object_component>
      <object_component id="oc-241">
         <name>.text:USBEndpointStatus</name>
         <load_address>0x3e94</load_address>
         <run_address>0x3e94</run_address>
         <size>0x10</size>
         <input_file_ref idref="fl-e2"/>
      </object_component>
      <object_component id="oc-646">
         <name>.text:DMAUSBIntStatusClear</name>
         <load_address>0x3ea4</load_address>
         <run_address>0x3ea4</run_address>
         <size>0xe</size>
         <input_file_ref idref="fl-db"/>
      </object_component>
      <object_component id="oc-9c">
         <name>.text:IsBufferEmpty</name>
         <load_address>0x3eb2</load_address>
         <run_address>0x3eb2</run_address>
         <size>0xe</size>
         <input_file_ref idref="fl-6"/>
      </object_component>
      <object_component id="oc-3d9">
         <name>.text:USBDHIDTxPacketAvailable</name>
         <load_address>0x3ec0</load_address>
         <run_address>0x3ec0</run_address>
         <size>0xe</size>
         <input_file_ref idref="fl-e0"/>
      </object_component>
      <object_component id="oc-78d">
         <name>.text:USBDMAChannelStatus</name>
         <load_address>0x3ece</load_address>
         <run_address>0x3ece</run_address>
         <size>0xe</size>
         <input_file_ref idref="fl-e2"/>
      </object_component>
      <object_component id="oc-4ed">
         <name>.text:USBDevLPMDisable</name>
         <load_address>0x3edc</load_address>
         <run_address>0x3edc</run_address>
         <size>0xe</size>
         <input_file_ref idref="fl-e2"/>
      </object_component>
      <object_component id="oc-162">
         <name>.text:USBDevLPMEnable</name>
         <load_address>0x3eea</load_address>
         <run_address>0x3eea</run_address>
         <size>0xe</size>
         <input_file_ref idref="fl-e2"/>
      </object_component>
      <object_component id="oc-4db">
         <name>.text:USBULPIDisable</name>
         <load_address>0x3ef8</load_address>
         <run_address>0x3ef8</run_address>
         <size>0xe</size>
         <input_file_ref idref="fl-e2"/>
      </object_component>
      <object_component id="oc-4cf">
         <name>.text:USBULPIEnable</name>
         <load_address>0x3f06</load_address>
         <run_address>0x3f06</run_address>
         <size>0xe</size>
         <input_file_ref idref="fl-e2"/>
      </object_component>
      <object_component id="oc-18">
         <name>.text:decompress:none:__TI_decompress_none</name>
         <load_address>0x3f14</load_address>
         <run_address>0x3f14</run_address>
         <size>0xe</size>
         <input_file_ref idref="fl-c4"/>
      </object_component>
      <object_component id="oc-777">
         <name>.text:USBEndpointPacketCountSet</name>
         <load_address>0x3f22</load_address>
         <run_address>0x3f22</run_address>
         <size>0xc</size>
         <input_file_ref idref="fl-e2"/>
      </object_component>
      <object_component id="oc-4f9">
         <name>.text:USBLPMIntEnable</name>
         <load_address>0x3f2e</load_address>
         <run_address>0x3f2e</run_address>
         <size>0xc</size>
         <input_file_ref idref="fl-e2"/>
      </object_component>
      <object_component id="oc-6e">
         <name>.text:decompress:ZI:__TI_zero_init</name>
         <load_address>0x3f3a</load_address>
         <run_address>0x3f3a</run_address>
         <size>0xc</size>
         <input_file_ref idref="fl-c3"/>
      </object_component>
      <object_component id="oc-4c9">
         <name>.text:USBClockEnable</name>
         <load_address>0x3f46</load_address>
         <run_address>0x3f46</run_address>
         <size>0xa</size>
         <input_file_ref idref="fl-e2"/>
      </object_component>
      <object_component id="oc-601">
         <name>.text:USBControllerVersion</name>
         <load_address>0x3f50</load_address>
         <run_address>0x3f50</run_address>
         <size>0xa</size>
         <input_file_ref idref="fl-e2"/>
      </object_component>
      <object_component id="oc-7a9">
         <name>.text:USBDMAChannelAddressSet</name>
         <load_address>0x3f5a</load_address>
         <run_address>0x3f5a</run_address>
         <size>0xa</size>
         <input_file_ref idref="fl-e2"/>
      </object_component>
      <object_component id="oc-7af">
         <name>.text:USBDMAChannelCountSet</name>
         <load_address>0x3f64</load_address>
         <run_address>0x3f64</run_address>
         <size>0xa</size>
         <input_file_ref idref="fl-e2"/>
      </object_component>
      <object_component id="oc-511">
         <name>.text:USBDevConnect</name>
         <load_address>0x3f6e</load_address>
         <run_address>0x3f6e</run_address>
         <size>0xa</size>
         <input_file_ref idref="fl-e2"/>
      </object_component>
      <object_component id="oc-174">
         <name>.text:USBDevDisconnect</name>
         <load_address>0x3f78</load_address>
         <run_address>0x3f78</run_address>
         <size>0xa</size>
         <input_file_ref idref="fl-e2"/>
      </object_component>
      <object_component id="oc-168">
         <name>.text:USBIntStatusEndpoint</name>
         <load_address>0x3f82</load_address>
         <run_address>0x3f82</run_address>
         <size>0xa</size>
         <input_file_ref idref="fl-e2"/>
      </object_component>
      <object_component id="oc-4e7">
         <name>.text:USBDevMode</name>
         <load_address>0x3f8c</load_address>
         <run_address>0x3f8c</run_address>
         <size>0x8</size>
         <input_file_ref idref="fl-e2"/>
      </object_component>
      <object_component id="oc-76b">
         <name>.text:USBFIFOAddrGet</name>
         <load_address>0x3f94</load_address>
         <run_address>0x3f94</run_address>
         <size>0x8</size>
         <input_file_ref idref="fl-e2"/>
      </object_component>
      <object_component id="oc-4e1">
         <name>.text:USBOTGMode</name>
         <load_address>0x3f9c</load_address>
         <run_address>0x3f9c</run_address>
         <size>0x8</size>
         <input_file_ref idref="fl-e2"/>
      </object_component>
      <object_component id="oc-67c">
         <name>.text:iDMAUSBChannelIntDisable</name>
         <load_address>0x3fa4</load_address>
         <run_address>0x3fa4</run_address>
         <size>0x8</size>
         <input_file_ref idref="fl-db"/>
      </object_component>
      <object_component id="oc-676">
         <name>.text:iDMAUSBChannelIntEnable</name>
         <load_address>0x3fac</load_address>
         <run_address>0x3fac</run_address>
         <size>0x8</size>
         <input_file_ref idref="fl-db"/>
      </object_component>
      <object_component id="oc-24">
         <name>.text:ResetISR</name>
         <load_address>0x3fb4</load_address>
         <run_address>0x3fb4</run_address>
         <size>0x6</size>
         <input_file_ref idref="fl-1"/>
      </object_component>
      <object_component id="oc-1d9">
         <name>.text:USBDHIDKeyboardRemoteWakeupRequest</name>
         <load_address>0x3fba</load_address>
         <run_address>0x3fba</run_address>
         <size>0x6</size>
         <input_file_ref idref="fl-d9"/>
      </object_component>
      <object_component id="oc-2fa">
         <name>.text:USBDHIDRemoteWakeupRequest</name>
         <load_address>0x3fc0</load_address>
         <run_address>0x3fc0</run_address>
         <size>0x6</size>
         <input_file_ref idref="fl-e0"/>
      </object_component>
      <object_component id="oc-794">
         <name>.text:USBDMAChannelIntStatus</name>
         <load_address>0x3fc6</load_address>
         <run_address>0x3fc6</run_address>
         <size>0x6</size>
         <input_file_ref idref="fl-e2"/>
      </object_component>
      <object_component id="oc-4f3">
         <name>.text:USBDevLPMConfig</name>
         <load_address>0x3fcc</load_address>
         <run_address>0x3fcc</run_address>
         <size>0x6</size>
         <input_file_ref idref="fl-e2"/>
      </object_component>
      <object_component id="oc-15c">
         <name>.text:USBLPMIntStatus</name>
         <load_address>0x3fd2</load_address>
         <run_address>0x3fd2</run_address>
         <size>0x6</size>
         <input_file_ref idref="fl-e2"/>
      </object_component>
      <object_component id="oc-670">
         <name>.text:iDMAUSBIntStatus</name>
         <load_address>0x3fd8</load_address>
         <run_address>0x3fd8</run_address>
         <size>0x6</size>
         <input_file_ref idref="fl-db"/>
      </object_component>
      <object_component id="oc-64c">
         <name>.text:DMAUSBStatus</name>
         <load_address>0x3fde</load_address>
         <run_address>0x3fde</run_address>
         <size>0x4</size>
         <input_file_ref idref="fl-db"/>
      </object_component>
      <object_component id="oc-5af">
         <name>.text:HandleReset</name>
         <load_address>0x3fe2</load_address>
         <run_address>0x3fe2</run_address>
         <size>0x4</size>
         <input_file_ref idref="fl-e0"/>
      </object_component>
      <object_component id="oc-24d">
         <name>.text:USBDevAddrSet</name>
         <load_address>0x3fe6</load_address>
         <run_address>0x3fe6</run_address>
         <size>0x4</size>
         <input_file_ref idref="fl-e2"/>
      </object_component>
      <object_component id="oc-f6">
         <name>.text:_system_pre_init</name>
         <load_address>0x3fea</load_address>
         <run_address>0x3fea</run_address>
         <size>0x4</size>
         <input_file_ref idref="fl-cb"/>
      </object_component>
      <object_component id="oc-1e6">
         <name>.text:abort:abort</name>
         <load_address>0x3fee</load_address>
         <run_address>0x3fee</run_address>
         <size>0x4</size>
         <input_file_ref idref="fl-cd"/>
      </object_component>
      <object_component id="oc-294">
         <name>.const:g_pppui32XTALtoVCO</name>
         <load_address>0x3ff4</load_address>
         <run_address>0x3ff4</run_address>
         <size>0x1b0</size>
         <input_file_ref idref="fl-d2"/>
      </object_component>
      <object_component id="oc-2f6">
         <name>.const:g_ppi8KeyUsageCodes</name>
         <load_address>0x41a4</load_address>
         <run_address>0x41a4</run_address>
         <size>0xbe</size>
         <input_file_ref idref="fl-2"/>
      </object_component>
      <object_component id="oc-6a5">
         <name>.const</name>
         <load_address>0x4264</load_address>
         <run_address>0x4264</run_address>
         <size>0x70</size>
         <input_file_ref idref="fl-d1"/>
      </object_component>
      <object_component id="oc-291">
         <name>.const:g_pui32Xtals</name>
         <load_address>0x42d4</load_address>
         <run_address>0x42d4</run_address>
         <size>0x6c</size>
         <input_file_ref idref="fl-d2"/>
      </object_component>
      <object_component id="oc-4b2">
         <name>.const:.string:g_pui8KeybReportDescriptor</name>
         <load_address>0x4340</load_address>
         <run_address>0x4340</run_address>
         <size>0x3f</size>
         <input_file_ref idref="fl-d9"/>
      </object_component>
      <object_component id="oc-400">
         <name>.const:.string:g_pui8ConfigString</name>
         <load_address>0x437f</load_address>
         <run_address>0x437f</run_address>
         <size>0x36</size>
         <input_file_ref idref="fl-3"/>
      </object_component>
      <object_component id="oc-344">
         <name>.const:g_psUSBDStdRequests</name>
         <load_address>0x43b8</load_address>
         <run_address>0x43b8</run_address>
         <size>0x34</size>
         <input_file_ref idref="fl-d7"/>
      </object_component>
      <object_component id="oc-3a6">
         <name>.const</name>
         <load_address>0x43ec</load_address>
         <run_address>0x43ec</run_address>
         <size>0x34</size>
         <input_file_ref idref="fl-d9"/>
      </object_component>
      <object_component id="oc-4a0">
         <name>.const:g_sHIDHandlers</name>
         <load_address>0x4420</load_address>
         <run_address>0x4420</run_address>
         <size>0x30</size>
         <input_file_ref idref="fl-e0"/>
      </object_component>
      <object_component id="oc-361">
         <name>.const:g_sXTALtoMEMTIM</name>
         <load_address>0x4450</load_address>
         <run_address>0x4450</run_address>
         <size>0x30</size>
         <input_file_ref idref="fl-d2"/>
      </object_component>
      <object_component id="oc-3fd">
         <name>.const:.string:g_pui8HIDInterfaceString</name>
         <load_address>0x4480</load_address>
         <run_address>0x4480</run_address>
         <size>0x2e</size>
         <input_file_ref idref="fl-3"/>
      </object_component>
      <object_component id="oc-3f4">
         <name>.const:.string:g_pui8ManufacturerString</name>
         <load_address>0x44ae</load_address>
         <run_address>0x44ae</run_address>
         <size>0x24</size>
         <input_file_ref idref="fl-3"/>
      </object_component>
      <object_component id="oc-3f7">
         <name>.const:.string:g_pui8ProductString</name>
         <load_address>0x44d2</load_address>
         <run_address>0x44d2</run_address>
         <size>0x22</size>
         <input_file_ref idref="fl-3"/>
      </object_component>
      <object_component id="oc-309">
         <name>.const:g_ppui8StringDescriptors</name>
         <load_address>0x44f4</load_address>
         <run_address>0x44f4</run_address>
         <size>0x18</size>
         <input_file_ref idref="fl-3"/>
      </object_component>
      <object_component id="oc-3fa">
         <name>.const:.string:g_pui8SeriailNumberString</name>
         <load_address>0x450c</load_address>
         <run_address>0x450c</run_address>
         <size>0x12</size>
         <input_file_ref idref="fl-3"/>
      </object_component>
      <object_component id="oc-4af">
         <name>.const:.string</name>
         <load_address>0x451e</load_address>
         <run_address>0x451e</run_address>
         <size>0xe</size>
         <input_file_ref idref="fl-d9"/>
      </object_component>
      <object_component id="oc-2bd">
         <name>.const:g_ui32UARTBase</name>
         <load_address>0x452c</load_address>
         <run_address>0x452c</run_address>
         <size>0xc</size>
         <input_file_ref idref="fl-6"/>
      </object_component>
      <object_component id="oc-132">
         <name>.const:g_ui32UARTInt</name>
         <load_address>0x4538</load_address>
         <run_address>0x4538</run_address>
         <size>0xc</size>
         <input_file_ref idref="fl-6"/>
      </object_component>
      <object_component id="oc-2ba">
         <name>.const:g_ui32UARTPeriph</name>
         <load_address>0x4544</load_address>
         <run_address>0x4544</run_address>
         <size>0xc</size>
         <input_file_ref idref="fl-6"/>
      </object_component>
      <object_component id="oc-297">
         <name>.const</name>
         <load_address>0x4550</load_address>
         <run_address>0x4550</run_address>
         <size>0x8</size>
         <input_file_ref idref="fl-d2"/>
      </object_component>
      <object_component id="oc-3f1">
         <name>.const:.string:g_pui8LangDescriptor</name>
         <load_address>0x4558</load_address>
         <run_address>0x4558</run_address>
         <size>0x4</size>
         <input_file_ref idref="fl-3"/>
      </object_component>
      <object_component id="oc-840">
         <name>.cinit..data.load</name>
         <load_address>0x4560</load_address>
         <run_address>0x4560</run_address>
         <size>0x7a</size>
      </object_component>
      <object_component id="oc-83e">
         <name>__TI_handler_table</name>
         <load_address>0x45dc</load_address>
         <run_address>0x45dc</run_address>
         <size>0xc</size>
      </object_component>
      <object_component id="oc-841">
         <name>.cinit..bss.load</name>
         <load_address>0x45e8</load_address>
         <run_address>0x45e8</run_address>
         <size>0x8</size>
      </object_component>
      <object_component id="oc-83f">
         <name>__TI_cinit_table</name>
         <load_address>0x45f0</load_address>
         <run_address>0x45f0</run_address>
         <size>0x10</size>
      </object_component>
      <object_component id="oc-1df">
         <name>.data</name>
         <load_address>0x20000b8c</load_address>
         <run_address>0x20000b8c</run_address>
         <size>0x3</size>
         <input_file_ref idref="fl-2"/>
      </object_component>
      <object_component id="oc-1e2">
         <name>.data:g_sKeyboardDevice</name>
         <load_address>0x20000a68</load_address>
         <run_address>0x20000a68</run_address>
         <size>0xa4</size>
         <input_file_ref idref="fl-3"/>
      </object_component>
      <object_component id="oc-2aa">
         <name>.data</name>
         <load_address>0x20000b81</load_address>
         <run_address>0x20000b81</run_address>
         <size>0x3</size>
         <input_file_ref idref="fl-4"/>
      </object_component>
      <object_component id="oc-ae">
         <name>.data</name>
         <load_address>0x20000b44</load_address>
         <run_address>0x20000b44</run_address>
         <size>0x15</size>
         <input_file_ref idref="fl-6"/>
      </object_component>
      <object_component id="oc-2c1">
         <name>.data</name>
         <load_address>0x20000b78</load_address>
         <run_address>0x20000b78</run_address>
         <size>0x9</size>
         <input_file_ref idref="fl-d4"/>
      </object_component>
      <object_component id="oc-180">
         <name>.data</name>
         <load_address>0x20000b6c</load_address>
         <run_address>0x20000b6c</run_address>
         <size>0xc</size>
         <input_file_ref idref="fl-d5"/>
      </object_component>
      <object_component id="oc-183">
         <name>.data</name>
         <load_address>0x20000b84</load_address>
         <run_address>0x20000b84</run_address>
         <size>0x8</size>
         <input_file_ref idref="fl-d7"/>
      </object_component>
      <object_component id="oc-2d7">
         <name>.data</name>
         <load_address>0x20000b0c</load_address>
         <run_address>0x20000b0c</run_address>
         <size>0x38</size>
         <input_file_ref idref="fl-d9"/>
      </object_component>
      <object_component id="oc-4a3">
         <name>.data</name>
         <load_address>0x20000b59</load_address>
         <run_address>0x20000b59</run_address>
         <size>0x12</size>
         <input_file_ref idref="fl-e0"/>
      </object_component>
      <object_component id="oc-b1">
         <name>.bss</name>
         <uninitialized>true</uninitialized>
         <run_address>0x20000650</run_address>
         <size>0x8</size>
         <input_file_ref idref="fl-6"/>
      </object_component>
      <object_component id="oc-135">
         <name>.bss:g_pcUARTTxBuffer</name>
         <uninitialized>true</uninitialized>
         <run_address>0x20000000</run_address>
         <size>0x400</size>
         <input_file_ref idref="fl-6"/>
      </object_component>
      <object_component id="oc-b4">
         <name>.bss:g_pcUARTRxBuffer</name>
         <uninitialized>true</uninitialized>
         <run_address>0x20000510</run_address>
         <size>0x80</size>
         <input_file_ref idref="fl-6"/>
      </object_component>
      <object_component id="oc-341">
         <name>.bss:g_pui8DataBufferIn</name>
         <uninitialized>true</uninitialized>
         <run_address>0x200005e0</run_address>
         <size>0x40</size>
         <input_file_ref idref="fl-d7"/>
      </object_component>
      <object_component id="oc-17d">
         <name>.bss:g_psDCDInst</name>
         <uninitialized>true</uninitialized>
         <run_address>0x20000590</run_address>
         <size>0x50</size>
         <input_file_ref idref="fl-d7"/>
      </object_component>
      <object_component id="oc-607">
         <name>.bss:g_psUSBDMAInst</name>
         <uninitialized>true</uninitialized>
         <run_address>0x20000400</run_address>
         <size>0x110</size>
         <input_file_ref idref="fl-db"/>
      </object_component>
      <object_component id="oc-92">
         <name>.common:g_ui32SysTickCount</name>
         <uninitialized>true</uninitialized>
         <run_address>0x20000660</run_address>
         <size>0x4</size>
      </object_component>
      <object_component id="oc-2c4">
         <name>.common:g_pfnUSBModeCallback</name>
         <uninitialized>true</uninitialized>
         <run_address>0x20000658</run_address>
         <size>0x4</size>
      </object_component>
      <object_component id="oc-239">
         <name>.common:g_pfnTickHandlers</name>
         <uninitialized>true</uninitialized>
         <run_address>0x20000620</run_address>
         <size>0x18</size>
      </object_component>
      <object_component id="oc-23c">
         <name>.common:g_pvTickInstance</name>
         <uninitialized>true</uninitialized>
         <run_address>0x20000638</run_address>
         <size>0x18</size>
      </object_component>
      <object_component id="oc-2c9">
         <name>.common:g_ui32ULPISupport</name>
         <uninitialized>true</uninitialized>
         <run_address>0x20000664</run_address>
         <size>0x4</size>
      </object_component>
      <object_component id="oc-17a">
         <name>.common:g_ppsDevInfo</name>
         <uninitialized>true</uninitialized>
         <run_address>0x2000065c</run_address>
         <size>0x4</size>
      </object_component>
      <object_component id="oc-21">
         <name>.stack</name>
         <uninitialized>true</uninitialized>
         <run_address>0x20000668</run_address>
         <size>0x4</size>
         <input_file_ref idref="fl-c6"/>
      </object_component>
      <object_component id="oc-842">
         <name>.stack</name>
         <uninitialized>true</uninitialized>
         <run_address>0x20000668</run_address>
         <size>0x0</size>
      </object_component>
      <object_component id="oc-50">
         <name>.debug_info</name>
         <load_address>0x0</load_address>
         <run_address>0x0</run_address>
         <size>0x328</size>
         <input_file_ref idref="fl-1"/>
      </object_component>
      <object_component id="oc-10">
         <name>.debug_info</name>
         <load_address>0x328</load_address>
         <run_address>0x328</run_address>
         <size>0xdf</size>
         <input_file_ref idref="fl-1"/>
      </object_component>
      <object_component id="oc-25">
         <name>.debug_info</name>
         <load_address>0x407</load_address>
         <run_address>0x407</run_address>
         <size>0x10f</size>
         <input_file_ref idref="fl-1"/>
      </object_component>
      <object_component id="oc-2b">
         <name>.debug_info</name>
         <load_address>0x516</load_address>
         <run_address>0x516</run_address>
         <size>0xfd</size>
         <input_file_ref idref="fl-1"/>
      </object_component>
      <object_component id="oc-37">
         <name>.debug_info</name>
         <load_address>0x613</load_address>
         <run_address>0x613</run_address>
         <size>0x118</size>
         <input_file_ref idref="fl-1"/>
      </object_component>
      <object_component id="oc-31">
         <name>.debug_info</name>
         <load_address>0x72b</load_address>
         <run_address>0x72b</run_address>
         <size>0x104</size>
         <input_file_ref idref="fl-1"/>
      </object_component>
      <object_component id="oc-d6">
         <name>.debug_info</name>
         <load_address>0x82f</load_address>
         <run_address>0x82f</run_address>
         <size>0x26b</size>
         <input_file_ref idref="fl-1"/>
      </object_component>
      <object_component id="oc-57">
         <name>.debug_info</name>
         <load_address>0xa9a</load_address>
         <run_address>0xa9a</run_address>
         <size>0x84</size>
         <input_file_ref idref="fl-1"/>
      </object_component>
      <object_component id="oc-143">
         <name>.debug_info</name>
         <load_address>0xb1e</load_address>
         <run_address>0xb1e</run_address>
         <size>0x297</size>
         <input_file_ref idref="fl-1"/>
      </object_component>
      <object_component id="oc-12d">
         <name>.debug_info</name>
         <load_address>0xdb5</load_address>
         <run_address>0xdb5</run_address>
         <size>0xef</size>
         <input_file_ref idref="fl-1"/>
      </object_component>
      <object_component id="oc-bd">
         <name>.debug_info</name>
         <load_address>0xea4</load_address>
         <run_address>0xea4</run_address>
         <size>0xbb</size>
         <input_file_ref idref="fl-1"/>
      </object_component>
      <object_component id="oc-93">
         <name>.debug_info</name>
         <load_address>0xf5f</load_address>
         <run_address>0xf5f</run_address>
         <size>0x829</size>
         <input_file_ref idref="fl-2"/>
      </object_component>
      <object_component id="oc-2f7">
         <name>.debug_info</name>
[...]
         <value>0x2313</value>
         <object_component_ref idref="oc-f0"/>
      </symbol>
      <symbol id="sm-323">
         <name>__aeabi_memclr</name>
         <value>0x2313</value>
         <object_component_ref idref="oc-f0"/>
      </symbol>
      <symbol id="sm-33e">
         <name>memcpy</name>
         <value>0x1c0d</value>
         <object_component_ref idref="oc-5c"/>
      </symbol>
      <symbol id="sm-33f">
         <name>__aeabi_memcpy</name>
         <value>0x1c0d</value>
         <object_component_ref idref="oc-5c"/>
      </symbol>
      <symbol id="sm-340">
         <name>__aeabi_memcpy8</name>
         <value>0x1c0d</value>
         <object_component_ref idref="oc-5c"/>
      </symbol>
      <symbol id="sm-341">
         <name>__aeabi_memcpy4</name>
         <value>0x1c0d</value>
         <object_component_ref idref="oc-5c"/>
      </symbol>
      <symbol id="sm-369">
         <name>__TI_auto_init_nobinit_nopinit</name>
         <value>0x3225</value>
         <object_component_ref idref="oc-1f2"/>
      </symbol>
      <symbol id="sm-373">
         <name>_system_pre_init</name>
         <value>0x3feb</value>
         <object_component_ref idref="oc-f6"/>
      </symbol>
      <symbol id="sm-37f">
         <name>C$$EXIT</name>
         <value>0x3fef</value>
         <object_component_ref idref="oc-1e6"/>
      </symbol>
      <symbol id="sm-380">
         <name>abort</name>
         <value>0x3fef</value>
         <object_component_ref idref="oc-1e6"/>
      </symbol>
      <symbol id="sm-3a6">
         <name>GPIODirModeSet</name>
         <value>0x3909</value>
         <object_component_ref idref="oc-375"/>
      </symbol>
      <symbol id="sm-3a7">
         <name>GPIOPadConfigSet</name>
         <value>0x1219</value>
         <object_component_ref idref="oc-29c"/>
      </symbol>
      <symbol id="sm-3a8">
         <name>GPIOPinTypeEthernetLED</name>
         <value>0x3e05</value>
         <object_component_ref idref="oc-2a2"/>
      </symbol>
      <symbol id="sm-3f3">
         <name>IntIsEnabled</name>
         <value>0x28ad</value>
         <object_component_ref idref="oc-744"/>
      </symbol>
      <symbol id="sm-3f4">
         <name>IntEnable</name>
         <value>0x2711</value>
         <object_component_ref idref="oc-517"/>
      </symbol>
      <symbol id="sm-3f5">
         <name>IntDisable</name>
         <value>0x26a9</value>
         <object_component_ref idref="oc-74a"/>
      </symbol>
      <symbol id="sm-48a">
         <name>SysCtlPeripheralEnable</name>
         <value>0x35d1</value>
         <object_component_ref idref="oc-4bd"/>
      </symbol>
      <symbol id="sm-48b">
         <name>SysCtlVCOGet</name>
         <value>0x247d</value>
         <object_component_ref idref="oc-1b5"/>
      </symbol>
      <symbol id="sm-48c">
         <name>SysCtlUSBPLLEnable</name>
         <value>0x3d8d</value>
         <object_component_ref idref="oc-4c3"/>
      </symbol>
      <symbol id="sm-48d">
         <name>SysCtlClockFreqSet</name>
         <value>0x635</value>
         <object_component_ref idref="oc-197"/>
      </symbol>
      <symbol id="sm-48e">
         <name>SysCtlPeripheralReset</name>
         <value>0x2ca1</value>
         <object_component_ref idref="oc-4b7"/>
      </symbol>
      <symbol id="sm-4ce">
         <name>g_iUSBMode</name>
         <value>0x20000b78</value>
         <object_component_ref idref="oc-2c1"/>
      </symbol>
      <symbol id="sm-4cf">
         <name>USBStackModeSet</name>
         <value>0x3ae9</value>
         <object_component_ref idref="oc-1af"/>
      </symbol>
      <symbol id="sm-4d0">
         <name>g_ui32WaitTicks</name>
         <value>0x20000b7c</value>
         <object_component_ref idref="oc-2c1"/>
      </symbol>
      <symbol id="sm-508">
         <name>g_pfnTickHandlers</name>
         <value>0x20000620</value>
      </symbol>
      <symbol id="sm-509">
         <name>g_pvTickInstance</name>
         <value>0x20000638</value>
      </symbol>
      <symbol id="sm-50a">
         <name>g_ui32USBSOFCount</name>
         <value>0x20000b74</value>
         <object_component_ref idref="oc-180"/>
      </symbol>
      <symbol id="sm-50b">
         <name>g_bUSBTimerInitialized</name>
         <value>0x20000b6c</value>
         <object_component_ref idref="oc-180"/>
      </symbol>
      <symbol id="sm-50c">
         <name>g_ui32CurrentUSBTick</name>
         <value>0x20000b70</value>
         <object_component_ref idref="oc-180"/>
      </symbol>
      <symbol id="sm-50d">
         <name>InternalUSBStartOfFrameTick</name>
         <value>0x3451</value>
         <object_component_ref idref="oc-156"/>
      </symbol>
      <symbol id="sm-50e">
         <name>InternalUSBRegisterTickHandler</name>
         <value>0x3419</value>
         <object_component_ref idref="oc-49a"/>
      </symbol>
      <symbol id="sm-50f">
         <name>InternalUSBTickInit</name>
         <value>0x37c9</value>
         <object_component_ref idref="oc-494"/>
      </symbol>
      <symbol id="sm-6cd">
         <name>g_ppsDevInfo</name>
         <value>0x2000065c</value>
      </symbol>
      <symbol id="sm-6ce">
         <name>USBDCDSendDataEP0</name>
         <value>0x3db5</value>
         <object_component_ref idref="oc-6e5"/>
      </symbol>
      <symbol id="sm-6cf">
         <name>USBDCDFeatureSet</name>
         <value>0x1d41</value>
         <object_component_ref idref="oc-1bb"/>
      </symbol>
      <symbol id="sm-6d0">
         <name>USBDCDStallEP0</name>
         <value>0x3c2d</value>
         <object_component_ref idref="oc-33b"/>
      </symbol>
      <symbol id="sm-6d1">
         <name>USBDCDRequestDataEP0</name>
         <value>0x3da1</value>
         <object_component_ref idref="oc-6ec"/>
      </symbol>
      <symbol id="sm-6d2">
         <name>USBDeviceEnumHandler</name>
         <value>0x1719</value>
         <object_component_ref idref="oc-16e"/>
      </symbol>
      <symbol id="sm-6d3">
         <name>USBDCDInit</name>
         <value>0xce1</value>
         <object_component_ref idref="oc-3aa"/>
      </symbol>
      <symbol id="sm-6d4">
         <name>USBDeviceEnumResetHandler</name>
         <value>0x307d</value>
         <object_component_ref idref="oc-14a"/>
      </symbol>
      <symbol id="sm-6d5">
         <name>g_psDCDInst</name>
         <value>0x20000590</value>
         <object_component_ref idref="oc-17d"/>
      </symbol>
      <symbol id="sm-6d6">
         <name>USBDCDDeviceInfoInit</name>
         <value>0x319d</value>
         <object_component_ref idref="oc-488"/>
      </symbol>
      <symbol id="sm-6d7">
         <name>USBDeviceIntHandlerInternal</name>
         <value>0xf81</value>
         <object_component_ref idref="oc-c8"/>
      </symbol>
      <symbol id="sm-6d8">
         <name>USBDCDRemoteWakeupRequest</name>
         <value>0x3365</value>
         <object_component_ref idref="oc-3e9"/>
      </symbol>
      <symbol id="sm-6d9">
         <name>USBDeviceResumeTickHandler</name>
         <value>0x2d41</value>
         <object_component_ref idref="oc-150"/>
      </symbol>
      <symbol id="sm-6e5">
         <name>USB0DeviceIntHandler</name>
         <value>0x3cfd</value>
         <object_component_ref idref="oc-48"/>
      </symbol>
      <symbol id="sm-79b">
         <name>USBDHIDKeyboardInit</name>
         <value>0x3829</value>
         <object_component_ref idref="oc-1c1"/>
      </symbol>
      <symbol id="sm-79c">
         <name>USBDHIDKeyboardRemoteWakeupRequest</name>
         <value>0x3fbb</value>
         <object_component_ref idref="oc-1d9"/>
      </symbol>
      <symbol id="sm-79d">
         <name>USBDHIDKeyboardCompositeInit</name>
         <value>0x1b71</value>
         <object_component_ref idref="oc-2cb"/>
      </symbol>
      <symbol id="sm-79e">
         <name>USBDHIDKeyboardKeyStateChange</name>
         <value>0x2089</value>
         <object_component_ref idref="oc-2ea"/>
      </symbol>
      <symbol id="sm-7c1">
         <name>USBDescGet</name>
         <value>0x3885</value>
         <object_component_ref idref="oc-7cc"/>
      </symbol>
      <symbol id="sm-7c2">
         <name>USBDescGetNum</name>
         <value>0x395d</value>
         <object_component_ref idref="oc-6cf"/>
      </symbol>
      <symbol id="sm-907">
         <name>USBLibDMAInit</name>
         <value>0xb81</value>
         <object_component_ref idref="oc-4ff"/>
      </symbol>
      <symbol id="sm-914">
         <name>ULPIConfigSet</name>
         <value>0x2c4f</value>
         <object_component_ref idref="oc-4d5"/>
      </symbol>
      <symbol id="sm-965">
         <name>USBDCDConfigDescGet</name>
         <value>0x2cf1</value>
         <object_component_ref idref="oc-6af"/>
      </symbol>
      <symbol id="sm-966">
         <name>USBDCDConfigGetInterface</name>
         <value>0x3c11</value>
         <object_component_ref idref="oc-576"/>
      </symbol>
      <symbol id="sm-967">
         <name>USBDCDConfigDescGetSize</name>
         <value>0x3c99</value>
         <object_component_ref idref="oc-348"/>
      </symbol>
      <symbol id="sm-968">
         <name>USBDCDConfigGetInterfaceEndpoint</name>
         <value>0x3489</value>
         <object_component_ref idref="oc-482"/>
      </symbol>
      <symbol id="sm-969">
         <name>USBDCDConfigDescGetNum</name>
         <value>0x3933</value>
         <object_component_ref idref="oc-570"/>
      </symbol>
      <symbol id="sm-9b6">
         <name>USBDeviceConfigAlternate</name>
         <value>0x1eed</value>
         <object_component_ref idref="oc-57c"/>
      </symbol>
      <symbol id="sm-9b7">
         <name>USBDeviceConfig</name>
         <value>0x10d1</value>
         <object_component_ref idref="oc-568"/>
      </symbol>
      <symbol id="sm-b03">
         <name>USBDHIDInit</name>
         <value>0x3a79</value>
         <object_component_ref idref="oc-2d1"/>
      </symbol>
      <symbol id="sm-b04">
         <name>USBDHIDReportWrite</name>
         <value>0x2f57</value>
         <object_component_ref idref="oc-3df"/>
      </symbol>
      <symbol id="sm-b05">
         <name>g_sHIDHandlers</name>
         <value>0x4420</value>
         <object_component_ref idref="oc-4a0"/>
      </symbol>
      <symbol id="sm-b06">
         <name>USBDHIDCompositeInit</name>
         <value>0x1639</value>
         <object_component_ref idref="oc-394"/>
      </symbol>
      <symbol id="sm-b07">
         <name>g_pui8HIDDeviceDescriptor</name>
         <value>0x20000b59</value>
         <object_component_ref idref="oc-4a3"/>
      </symbol>
      <symbol id="sm-b08">
         <name>USBDHIDRemoteWakeupRequest</name>
         <value>0x3fc1</value>
         <object_component_ref idref="oc-2fa"/>
      </symbol>
      <symbol id="sm-b09">
         <name>USBDHIDTxPacketAvailable</name>
         <value>0x3ec1</value>
         <object_component_ref idref="oc-3d9"/>
      </symbol>
      <symbol id="sm-b54">
         <name>uDMAChannelControlSet</name>
         <value>0x3b0d</value>
         <object_component_ref idref="oc-723"/>
      </symbol>
      <symbol id="sm-b55">
         <name>uDMAChannelDisable</name>
         <value>0x3d45</value>
         <object_component_ref idref="oc-73d"/>
      </symbol>
      <symbol id="sm-b56">
         <name>uDMAChannelModeGet</name>
         <value>0x3a51</value>
         <object_component_ref idref="oc-762"/>
      </symbol>
      <symbol id="sm-b57">
         <name>uDMAChannelTransferSet</name>
         <value>0x2195</value>
         <object_component_ref idref="oc-771"/>
      </symbol>
      <symbol id="sm-b58">
         <name>uDMAChannelAttributeDisable</name>
         <value>0x310d</value>
         <object_component_ref idref="oc-730"/>
      </symbol>
      <symbol id="sm-b59">
         <name>uDMAChannelEnable</name>
         <value>0x3d5d</value>
         <object_component_ref idref="oc-756"/>
      </symbol>
      <symbol id="sm-d08">
         <name>USBLPMIntEnable</name>
         <value>0x3f2f</value>
         <object_component_ref idref="oc-4f9"/>
      </symbol>
      <symbol id="sm-d09">
         <name>USBEndpointDataAvail</name>
         <value>0x3c49</value>
         <object_component_ref idref="oc-5dd"/>
      </symbol>
      <symbol id="sm-d0a">
         <name>USBClockEnable</name>
         <value>0x3f47</value>
         <object_component_ref idref="oc-4c9"/>
      </symbol>
      <symbol id="sm-d0b">
         <name>USBDevDisconnect</name>
         <value>0x3f79</value>
         <object_component_ref idref="oc-174"/>
      </symbol>
      <symbol id="sm-d0c">
         <name>USBDevEndpointStallClear</name>
         <value>0x2fa1</value>
         <object_component_ref idref="oc-556"/>
      </symbol>
      <symbol id="sm-d0d">
         <name>USBEndpointDataPut</name>
         <value>0x3567</value>
         <object_component_ref idref="oc-34e"/>
      </symbol>
      <symbol id="sm-d0e">
         <name>USBDMAChannelIntStatus</name>
         <value>0x3fc7</value>
         <object_component_ref idref="oc-794"/>
      </symbol>
      <symbol id="sm-d0f">
         <name>USBDevAddrSet</name>
         <value>0x3fe7</value>
         <object_component_ref idref="oc-24d"/>
      </symbol>
      <symbol id="sm-d10">
         <name>USBDMAChannelCountSet</name>
         <value>0x3f65</value>
         <object_component_ref idref="oc-7af"/>
      </symbol>
      <symbol id="sm-d11">
         <name>USBLPMIntStatus</name>
         <value>0x3fd3</value>
         <object_component_ref idref="oc-15c"/>
      </symbol>
      <symbol id="sm-d12">
         <name>USBDMAChannelAddressSet</name>
         <value>0x3f5b</value>
         <object_component_ref idref="oc-7a9"/>
      </symbol>
      <symbol id="sm-d13">
         <name>USBULPIDisable</name>
         <value>0x3ef9</value>
         <object_component_ref idref="oc-4db"/>
      </symbol>
      <symbol id="sm-d14">
         <name>USBIntStatusControl</name>
         <value>0x34c1</value>
         <object_component_ref idref="oc-c2"/>
      </symbol>
      <symbol id="sm-d15">
         <name>USBEndpointDMADisable</name>
         <value>0x3a9f</value>
         <object_component_ref idref="oc-736"/>
      </symbol>
      <symbol id="sm-d16">
         <name>USBDevEndpointDataAck</name>
         <value>0x3987</value>
         <object_component_ref idref="oc-259"/>
      </symbol>
      <symbol id="sm-d17">
         <name>USBOTGMode</name>
         <value>0x3f9d</value>
         <object_component_ref idref="oc-4e1"/>
      </symbol>
      <symbol id="sm-d18">
         <name>USBDMAChannelConfigSet</name>
         <value>0x3dc9</value>
         <object_component_ref idref="oc-7b5"/>
      </symbol>
      <symbol id="sm-d19">
         <name>USBULPIRegRead</name>
         <value>0x3bd5</value>
         <object_component_ref idref="oc-5ed"/>
      </symbol>
      <symbol id="sm-d1a">
         <name>USBDevMode</name>
         <value>0x3f8d</value>
         <object_component_ref idref="oc-4e7"/>
      </symbol>
      <symbol id="sm-d1b">
         <name>USBIntEnableEndpoint</name>
         <value>0x3d75</value>
         <object_component_ref idref="oc-50b"/>
      </symbol>
      <symbol id="sm-d1c">
         <name>USBEndpointDataGet</name>
         <value>0x3155</value>
         <object_component_ref idref="oc-253"/>
      </symbol>
      <symbol id="sm-d1d">
         <name>USBDevEndpointStatusClear</name>
         <value>0x2a95</value>
         <object_component_ref idref="oc-247"/>
      </symbol>
      <symbol id="sm-d1e">
         <name>USBULPIEnable</name>
         <value>0x3f07</value>
         <object_component_ref idref="oc-4cf"/>
      </symbol>
      <symbol id="sm-d1f">
         <name>USBFIFOAddrGet</name>
         <value>0x3f95</value>
         <object_component_ref idref="oc-76b"/>
      </symbol>
      <symbol id="sm-d20">
         <name>USBDMAChannelStatus</name>
         <value>0x3ecf</value>
         <object_component_ref idref="oc-78d"/>
      </symbol>
      <symbol id="sm-d21">
         <name>USBULPIRegWrite</name>
         <value>0x3bf3</value>
         <object_component_ref idref="oc-5f3"/>
      </symbol>
      <symbol id="sm-d22">
         <name>USBDMAChannelIntEnable</name>
         <value>0x3e71</value>
         <object_component_ref idref="oc-79b"/>
      </symbol>
      <symbol id="sm-d23">
         <name>USBDevLPMConfig</name>
         <value>0x3fcd</value>
         <object_component_ref idref="oc-4f3"/>
      </symbol>
      <symbol id="sm-d24">
         <name>USBDevLPMEnable</name>
         <value>0x3eeb</value>
         <object_component_ref idref="oc-162"/>
      </symbol>
      <symbol id="sm-d25">
         <name>USBControllerVersion</name>
         <value>0x3f51</value>
         <object_component_ref idref="oc-601"/>
      </symbol>
      <symbol id="sm-d26">
         <name>USBFIFOConfigSet</name>
         <value>0x33dd</value>
         <object_component_ref idref="oc-6c7"/>
      </symbol>
      <symbol id="sm-d27">
         <name>USBEndpointDMAEnable</name>
         <value>0x3ac3</value>
         <object_component_ref idref="oc-750"/>
      </symbol>
      <symbol id="sm-d28">
         <name>USBDevLPMDisable</name>
         <value>0x3edd</value>
         <object_component_ref idref="oc-4ed"/>
      </symbol>
      <symbol id="sm-d29">
         <name>USBEndpointDataSend</name>
         <value>0x3605</value>
         <object_component_ref idref="oc-354"/>
      </symbol>
      <symbol id="sm-d2a">
         <name>USBIntStatusEndpoint</name>
         <value>0x3f83</value>
         <object_component_ref idref="oc-168"/>
      </symbol>
      <symbol id="sm-d2b">
         <name>USBEndpointStatus</name>
         <value>0x3e95</value>
         <object_component_ref idref="oc-241"/>
      </symbol>
      <symbol id="sm-d2c">
         <name>USBEndpointPacketCountSet</name>
         <value>0x3f23</value>
         <object_component_ref idref="oc-777"/>
      </symbol>
      <symbol id="sm-d2d">
         <name>USBDMAChannelIntDisable</name>
         <value>0x3e5f</value>
         <object_component_ref idref="oc-7a2"/>
      </symbol>
      <symbol id="sm-d2e">
         <name>USBEndpointDMAConfigSet</name>
         <value>0x2e75</value>
         <object_component_ref idref="oc-77d"/>
      </symbol>
      <symbol id="sm-d2f">
         <name>USBDevEndpointStall</name>
         <value>0x3703</value>
         <object_component_ref idref="oc-427"/>
      </symbol>
      <symbol id="sm-d30">
         <name>USBDevConnect</name>
         <value>0x3f6f</value>
         <object_component_ref idref="oc-511"/>
      </symbol>
      <symbol id="sm-d31">
         <name>USBDevEndpointConfigSet</name>
         <value>0x2299</value>
         <object_component_ref idref="oc-6bb"/>
      </symbol>
      <symbol id="sm-d32">
         <name>USBDMAChannelDisable</name>
         <value>0x3e3b</value>
         <object_component_ref idref="oc-786"/>
      </symbol>
      <symbol id="sm-d33">
         <name>USBDMAChannelEnable</name>
         <value>0x3e4d</value>
         <object_component_ref idref="oc-7bb"/>
      </symbol>
      <symbol id="sm-d34">
         <name>USBHostResume</name>
         <value>0x3ddd</value>
         <object_component_ref idref="oc-232"/>
      </symbol>
      <symbol id="sm-d35">
         <name>USBIntEnableControl</name>
         <value>0x3a29</value>
         <object_component_ref idref="oc-505"/>
      </symbol>
      <symbol id="sm-d36">
         <name>USBEndpointDMAChannel</name>
         <value>0x3cb3</value>
         <object_component_ref idref="oc-72a"/>
      </symbol>
      <symbol id="sm-d37">
         <name>__TI_static_base__</name>
         <value>0x0</value>
      </symbol>
      <symbol id="sm-d3a">
         <name>__mpu_init</name>
         <value>0x0</value>
      </symbol>
      <symbol id="sm-d3b">
         <name>_system_post_cinit</name>
         <value>0x0</value>
      </symbol>
   </symbol_table>
   <title>Link successful</title>
</link_info>
