<?xml version="1.0" encoding="ISO-8859-1" ?>
<link_info>
   <banner>TI ARM Linker Unix v18.1.3.LTS</banner>
   <copyright>Copyright (c) 1996-2017 Texas Instruments Incorporated</copyright>
   <link_time>0x5c4e2e10</link_time>
   <link_errors>0x0</link_errors>
   <output_file>usb_dev_mouse.out</output_file>
   <entry_point>
      <name>_c_int00_noargs</name>
      <address>0x23b9</address>
   </entry_point>
   <input_file_list>
      <input_file id="fl-1">
         <path>./</path>
         <kind>object</kind>
         <file>startup_ccs.obj</file>
         <name>startup_ccs.obj</name>
      </input_file>
      <input_file id="fl-2">
         <path>./</path>
         <kind>object</kind>
         <file>usb_dev_mouse.obj</file>
         <name>usb_dev_mouse.obj</name>
      </input_file>
      <input_file id="fl-3">
         <path>./</path>
         <kind>object</kind>
         <file>usb_mouse_structs.obj</file>
         <name>usb_mouse_structs.obj</name>
      </input_file>
      <input_file id="fl-4">
         <path>./drivers/</path>
         <kind>object</kind>
         <file>buttons.obj</file>
         <name>buttons.obj</name>
      </input_file>
      <input_file id="fl-5">
         <path>./drivers/</path>
         <kind>object</kind>
         <file>pinout.obj</file>
         <name>pinout.obj</name>
      </input_file>
      <input_file id="fl-6">
         <path>./utils/</path>
         <kind>object</kind>
         <file>uartstdio.obj</file>
         <name>uartstdio.obj</name>
      </input_file>
      <input_file id="fl-b">
         <kind>object</kind>
         <file>&lt;internal&gt;</file>
         <name>&lt;internal&gt;</name>
      </input_file>
      <input_file id="fl-c1">
         <path>/home/richard/ti/ccsv8/tools/compiler/ti-cgt-arm_18.1.3.LTS/lib/</path>
         <kind>archive</kind>
         <file>rtsv7M4_T_le_v4SPD16_eabi.lib</file>
         <name>u_divt2.asm.obj</name>
      </input_file>
      <input_file id="fl-c2">
         <path>/home/richard/ti/ccsv8/tools/compiler/ti-cgt-arm_18.1.3.LTS/lib/</path>
         <kind>archive</kind>
         <file>rtsv7M4_T_le_v4SPD16_eabi.lib</file>
         <name>copy_zero_init.c.obj</name>
      </input_file>
      <input_file id="fl-c3">
         <path>/home/richard/ti/ccsv8/tools/compiler/ti-cgt-arm_18.1.3.LTS/lib/</path>
         <kind>archive</kind>
         <file>rtsv7M4_T_le_v4SPD16_eabi.lib</file>
         <name>copy_decompress_none.c.obj</name>
      </input_file>
      <input_file id="fl-c4">
         <path>/home/richard/ti/ccsv8/tools/compiler/ti-cgt-arm_18.1.3.LTS/lib/</path>
         <kind>archive</kind>
         <file>rtsv7M4_T_le_v4SPD16_eabi.lib</file>
         <name>copy_decompress_lzss.c.obj</name>
      </input_file>
      <input_file id="fl-c5">
         <path>/home/richard/ti/ccsv8/tools/compiler/ti-cgt-arm_18.1.3.LTS/lib/</path>
         <kind>archive</kind>
         <file>rtsv7M4_T_le_v4SPD16_eabi.lib</file>
         <name>boot_cortex_m.c.obj</name>
      </input_file>
      <input_file id="fl-c6">
         <path>/home/richard/ti/ccsv8/tools/compiler/ti-cgt-arm_18.1.3.LTS/lib/</path>
         <kind>archive</kind>
         <file>rtsv7M4_T_le_v4SPD16_eabi.lib</file>
         <name>div0.asm.obj</name>
      </input_file>
      <input_file id="fl-c7">
         <path>/home/richard/ti/ccsv8/tools/compiler/ti-cgt-arm_18.1.3.LTS/lib/</path>
         <kind>archive</kind>
         <file>rtsv7M4_T_le_v4SPD16_eabi.lib</file>
         <name>memset_t2.asm.obj</name>
      </input_file>
      <input_file id="fl-c8">
         <path>/home/richard/ti/ccsv8/tools/compiler/ti-cgt-arm_18.1.3.LTS/lib/</path>
         <kind>archive</kind>
         <file>rtsv7M4_T_le_v4SPD16_eabi.lib</file>
         <name>memcpy_t2.asm.obj</name>
      </input_file>
      <input_file id="fl-c9">
         <path>/home/richard/ti/ccsv8/tools/compiler/ti-cgt-arm_18.1.3.LTS/lib/</path>
         <kind>archive</kind>
         <file>rtsv7M4_T_le_v4SPD16_eabi.lib</file>
         <name>autoinit.c.obj</name>
      </input_file>
      <input_file id="fl-ca">
         <path>/home/richard/ti/ccsv8/tools/compiler/ti-cgt-arm_18.1.3.LTS/lib/</path>
         <kind>archive</kind>
         <file>rtsv7M4_T_le_v4SPD16_eabi.lib</file>
         <name>pre_init.c.obj</name>
      </input_file>
      <input_file id="fl-cb">
         <path>/home/richard/ti/ccsv8/tools/compiler/ti-cgt-arm_18.1.3.LTS/lib/</path>
         <kind>archive</kind>
         <file>rtsv7M4_T_le_v4SPD16_eabi.lib</file>
         <name>cpy_tbl.c.obj</name>
      </input_file>
      <input_file id="fl-cc">
         <path>/home/richard/ti/ccsv8/tools/compiler/ti-cgt-arm_18.1.3.LTS/lib/</path>
         <kind>archive</kind>
         <file>rtsv7M4_T_le_v4SPD16_eabi.lib</file>
         <name>exit.c.obj</name>
      </input_file>
      <input_file id="fl-cd">
         <path>/home/richard/ti/ccsv8/tools/compiler/ti-cgt-arm_18.1.3.LTS/lib/</path>
         <kind>archive</kind>
         <file>rtsv7M4_T_le_v4SPD16_eabi.lib</file>
         <name>_lock.c.obj</name>
      </input_file>
      <input_file id="fl-ce">
         <path>/home/richard/ti/ccsv8/tools/compiler/ti-cgt-arm_18.1.3.LTS/lib/</path>
         <kind>archive</kind>
         <file>rtsv7M4_T_le_v4SPD16_eabi.lib</file>
         <name>args_main.c.obj</name>
      </input_file>
      <input_file id="fl-cf">
         <path>/home/richard/ti/tivaware_c_series_2_1_4_178/driverlib/ccs/Debug/</path>
         <kind>archive</kind>
         <file>driverlib.lib</file>
         <name>gpio.obj</name>
      </input_file>
      <input_file id="fl-d0">
         <path>/home/richard/ti/tivaware_c_series_2_1_4_178/driverlib/ccs/Debug/</path>
         <kind>archive</kind>
         <file>driverlib.lib</file>
         <name>interrupt.obj</name>
      </input_file>
      <input_file id="fl-d1">
         <path>/home/richard/ti/tivaware_c_series_2_1_4_178/driverlib/ccs/Debug/</path>
         <kind>archive</kind>
         <file>driverlib.lib</file>
         <name>sysctl.obj</name>
      </input_file>
      <input_file id="fl-d2">
         <path>/home/richard/ti/tivaware_c_series_2_1_4_178/driverlib/ccs/Debug/</path>
         <kind>archive</kind>
         <file>driverlib.lib</file>
         <name>cpu.obj</name>
      </input_file>
      <input_file id="fl-d3">
         <path>/home/richard/ti/tivaware_c_series_2_1_4_178/usblib/ccs/Debug/</path>
         <kind>archive</kind>
         <file>usblib.lib</file>
         <name>usbmode.obj</name>
      </input_file>
      <input_file id="fl-d4">
         <path>/home/richard/ti/tivaware_c_series_2_1_4_178/usblib/ccs/Debug/</path>
         <kind>archive</kind>
         <file>usblib.lib</file>
         <name>usbtick.obj</name>
      </input_file>
      <input_file id="fl-d5">
         <path>/home/richard/ti/tivaware_c_series_2_1_4_178/usblib/ccs/Debug/</path>
         <kind>archive</kind>
         <file>usblib.lib</file>
         <name>usbhostenum.obj</name>
      </input_file>
      <input_file id="fl-d6">
         <path>/home/richard/ti/tivaware_c_series_2_1_4_178/usblib/ccs/Debug/</path>
         <kind>archive</kind>
         <file>usblib.lib</file>
         <name>usbdenum.obj</name>
      </input_file>
      <input_file id="fl-d7">
         <path>/home/richard/ti/tivaware_c_series_2_1_4_178/usblib/ccs/Debug/</path>
         <kind>archive</kind>
         <file>usblib.lib</file>
         <name>usbdhandler.obj</name>
      </input_file>
      <input_file id="fl-d8">
         <path>/home/richard/ti/tivaware_c_series_2_1_4_178/usblib/ccs/Debug/</path>
         <kind>archive</kind>
         <file>usblib.lib</file>
         <name>usbdhidmouse.obj</name>
      </input_file>
      <input_file id="fl-d9">
         <path>/home/richard/ti/tivaware_c_series_2_1_4_178/usblib/ccs/Debug/</path>
         <kind>archive</kind>
         <file>usblib.lib</file>
         <name>usbdesc.obj</name>
      </input_file>
      <input_file id="fl-da">
         <path>/home/richard/ti/tivaware_c_series_2_1_4_178/usblib/ccs/Debug/</path>
         <kind>archive</kind>
         <file>usblib.lib</file>
         <name>usbdma.obj</name>
      </input_file>
      <input_file id="fl-db">
         <path>/home/richard/ti/tivaware_c_series_2_1_4_178/usblib/ccs/Debug/</path>
         <kind>archive</kind>
         <file>usblib.lib</file>
         <name>usbulpi.obj</name>
      </input_file>
      <input_file id="fl-dc">
         <path>/home/richard/ti/tivaware_c_series_2_1_4_178/usblib/ccs/Debug/</path>
         <kind>archive</kind>
         <file>usblib.lib</file>
         <name>usbhhub.obj</name>
      </input_file>
      <input_file id="fl-dd">
         <path>/home/richard/ti/tivaware_c_series_2_1_4_178/usblib/ccs/Debug/</path>
         <kind>archive</kind>
         <file>usblib.lib</file>
         <name>usbdcdesc.obj</name>
      </input_file>
      <input_file id="fl-de">
         <path>/home/richard/ti/tivaware_c_series_2_1_4_178/usblib/ccs/Debug/</path>
         <kind>archive</kind>
         <file>usblib.lib</file>
         <name>usbdconfig.obj</name>
      </input_file>
      <input_file id="fl-df">
         <path>/home/richard/ti/tivaware_c_series_2_1_4_178/usblib/ccs/Debug/</path>
         <kind>archive</kind>
         <file>usblib.lib</file>
         <name>usbdhid.obj</name>
      </input_file>
      <input_file id="fl-e0">
         <path>/home/richard/ti/tivaware_c_series_2_1_4_178/driverlib/ccs/Debug/</path>
         <kind>archive</kind>
         <file>driverlib.lib</file>
         <name>udma.obj</name>
      </input_file>
      <input_file id="fl-e1">
         <path>/home/richard/ti/tivaware_c_series_2_1_4_178/driverlib/ccs/Debug/</path>
         <kind>archive</kind>
         <file>driverlib.lib</file>
         <name>usb.obj</name>
      </input_file>
   </input_file_list>
   <object_component_list>
      <object_component id="oc-72">
         <name>.text:main</name>
         <load_address>0x20</load_address>
         <run_address>0x20</run_address>
         <size>0x21c</size>
         <input_file_ref idref="fl-2"/>
      </object_component>
      <object_component id="oc-9a">
         <name>.text:PinoutSet</name>
         <load_address>0x23c</load_address>
         <run_address>0x23c</run_address>
         <size>0x218</size>
         <input_file_ref idref="fl-5"/>
      </object_component>
      <object_component id="oc-94">
         <name>.text:SysCtlClockFreqSet</name>
         <load_address>0x454</load_address>
         <run_address>0x454</run_address>
         <size>0x200</size>
         <input_file_ref idref="fl-d1"/>
      </object_component>
      <object_component id="oc-1a4">
         <name>.text:UARTvprintf</name>
         <load_address>0x654</load_address>
         <run_address>0x654</run_address>
         <size>0x1ea</size>
         <input_file_ref idref="fl-6"/>
      </object_component>
      <object_component id="oc-4ed">
         <name>.text:iDMAUSBArbSizeSet</name>
         <load_address>0x83e</load_address>
         <run_address>0x83e</run_address>
         <size>0x2</size>
         <input_file_ref idref="fl-da"/>
      </object_component>
      <object_component id="oc-38f">
         <name>.text:USBLibDMAInit</name>
         <load_address>0x840</load_address>
         <run_address>0x840</run_address>
         <size>0x160</size>
         <input_file_ref idref="fl-da"/>
      </object_component>
      <object_component id="oc-269">
         <name>.text:USBDCDInit</name>
         <load_address>0x9a0</load_address>
         <run_address>0x9a0</run_address>
         <size>0x150</size>
         <input_file_ref idref="fl-d6"/>
      </object_component>
      <object_component id="oc-147">
         <name>.text:GPIOPadConfigSet</name>
         <load_address>0xaf0</load_address>
         <run_address>0xaf0</run_address>
         <size>0x132</size>
         <input_file_ref idref="fl-cf"/>
      </object_component>
      <object_component id="oc-424">
         <name>.text:HandleRequest</name>
         <load_address>0xc22</load_address>
         <run_address>0xc22</run_address>
         <size>0x114</size>
         <input_file_ref idref="fl-df"/>
      </object_component>
      <object_component id="oc-511">
         <name>.text:iDMAUSBTransfer</name>
         <load_address>0xd36</load_address>
         <run_address>0xd36</run_address>
         <size>0xf4</size>
         <input_file_ref idref="fl-da"/>
      </object_component>
      <object_component id="oc-529">
         <name>.text:iDMAUSBUnitSizeSet</name>
         <load_address>0xe2a</load_address>
         <run_address>0xe2a</run_address>
         <size>0x2</size>
         <input_file_ref idref="fl-da"/>
      </object_component>
      <object_component id="oc-253">
         <name>.text:USBDHIDCompositeInit</name>
         <load_address>0xe2c</load_address>
         <run_address>0xe2c</run_address>
         <size>0xe0</size>
         <input_file_ref idref="fl-df"/>
      </object_component>
      <object_component id="oc-49f">
         <name>.text:uDMAUSBChannelAllocate</name>
         <load_address>0xf0c</load_address>
         <run_address>0xf0c</run_address>
         <size>0xc4</size>
         <input_file_ref idref="fl-da"/>
      </object_component>
      <object_component id="oc-4e1">
         <name>.text:uDMAUSBTransfer</name>
         <load_address>0xfd0</load_address>
         <run_address>0xfd0</run_address>
         <size>0xbc</size>
         <input_file_ref idref="fl-da"/>
      </object_component>
      <object_component id="oc-a6">
         <name>.text:UARTStdioConfig</name>
         <load_address>0x108c</load_address>
         <run_address>0x108c</run_address>
         <size>0xb0</size>
         <input_file_ref idref="fl-6"/>
      </object_component>
      <object_component id="oc-289">
         <name>.text:UARTwrite</name>
         <load_address>0x113c</load_address>
         <run_address>0x113c</run_address>
         <size>0xa8</size>
         <input_file_ref idref="fl-6"/>
      </object_component>
      <object_component id="oc-1f">
         <name>.text</name>
         <load_address>0x11e4</load_address>
         <run_address>0x11e4</run_address>
         <size>0x9c</size>
         <input_file_ref idref="fl-c8"/>
      </object_component>
      <object_component id="oc-b8">
         <name>.text:USBDCDFeatureSet</name>
         <load_address>0x1280</load_address>
         <run_address>0x1280</run_address>
         <size>0x90</size>
         <input_file_ref idref="fl-d6"/>
      </object_component>
      <object_component id="oc-3c3">
         <name>.text:UARTPrimeTransmit</name>
         <load_address>0x1310</load_address>
         <run_address>0x1310</run_address>
         <size>0x8c</size>
         <input_file_ref idref="fl-6"/>
      </object_component>
      <object_component id="oc-ca">
         <name>.text:ButtonsPoll</name>
         <load_address>0x139c</load_address>
         <run_address>0x139c</run_address>
         <size>0x88</size>
         <input_file_ref idref="fl-4"/>
      </object_component>
      <object_component id="oc-464">
         <name>.text:ProcessIdleTimers</name>
         <load_address>0x1424</load_address>
         <run_address>0x1424</run_address>
         <size>0x88</size>
         <input_file_ref idref="fl-df"/>
      </object_component>
      <object_component id="oc-193">
         <name>.text:USBDHIDMouseCompositeInit</name>
         <load_address>0x14ac</load_address>
         <run_address>0x14ac</run_address>
         <size>0x84</size>
         <input_file_ref idref="fl-d8"/>
      </object_component>
      <object_component id="oc-4f3">
         <name>.text:iDMAUSBChannelAllocate</name>
         <load_address>0x1530</load_address>
         <run_address>0x1530</run_address>
         <size>0x84</size>
         <input_file_ref idref="fl-da"/>
      </object_component>
      <object_component id="oc-5f6">
         <name>.text:uDMAChannelTransferSet</name>
         <load_address>0x15b4</load_address>
         <run_address>0x15b4</run_address>
         <size>0x84</size>
         <input_file_ref idref="fl-e0"/>
      </object_component>
      <object_component id="oc-66">
         <name>.text</name>
         <load_address>0x1638</load_address>
         <run_address>0x1638</run_address>
         <size>0x7a</size>
         <input_file_ref idref="fl-c7"/>
      </object_component>
      <object_component id="oc-259">
         <name>.text:HIDMouseRxHandler</name>
         <load_address>0x16b2</load_address>
         <run_address>0x16b2</run_address>
         <size>0x76</size>
         <input_file_ref idref="fl-d8"/>
      </object_component>
      <object_component id="oc-b2">
         <name>.text:SysCtlVCOGet</name>
         <load_address>0x1728</load_address>
         <run_address>0x1728</run_address>
         <size>0x70</size>
         <input_file_ref idref="fl-d1"/>
      </object_component>
      <object_component id="oc-660">
         <name>.text:USBDEP0StateTx</name>
         <load_address>0x1798</load_address>
         <run_address>0x1798</run_address>
         <size>0x70</size>
         <input_file_ref idref="fl-d6"/>
      </object_component>
      <object_component id="oc-499">
         <name>.text:uDMAUSBArbSizeSet</name>
         <load_address>0x1808</load_address>
         <run_address>0x1808</run_address>
         <size>0x70</size>
         <input_file_ref idref="fl-da"/>
      </object_component>
      <object_component id="oc-4e7">
         <name>.text:uDMAUSBUnitSizeSet</name>
         <load_address>0x1878</load_address>
         <run_address>0x1878</run_address>
         <size>0x70</size>
         <input_file_ref idref="fl-da"/>
      </object_component>
      <object_component id="oc-5cf">
         <name>.text:IntDisable</name>
         <load_address>0x18e8</load_address>
         <run_address>0x18e8</run_address>
         <size>0x68</size>
         <input_file_ref idref="fl-d0"/>
      </object_component>
      <object_component id="oc-3b3">
         <name>.text:IntEnable</name>
         <load_address>0x1950</load_address>
         <run_address>0x1950</run_address>
         <size>0x68</size>
         <input_file_ref idref="fl-d0"/>
      </object_component>
      <object_component id="oc-3">
         <name>.text:decompress:lzss:__TI_decompress_lzss</name>
         <load_address>0x19b8</load_address>
         <run_address>0x19b8</run_address>
         <size>0x68</size>
         <input_file_ref idref="fl-c4"/>
      </object_component>
      <object_component id="oc-41e">
         <name>.text:HandleGetDescriptor</name>
         <load_address>0x1a20</load_address>
         <run_address>0x1a20</run_address>
         <size>0x64</size>
         <input_file_ref idref="fl-df"/>
      </object_component>
      <object_component id="oc-5c9">
         <name>.text:IntIsEnabled</name>
         <load_address>0x1a84</load_address>
         <run_address>0x1a84</run_address>
         <size>0x64</size>
         <input_file_ref idref="fl-d0"/>
      </object_component>
      <object_component id="oc-4ab">
         <name>.text:uDMAUSBChannelEnable</name>
         <load_address>0x1ae8</load_address>
         <run_address>0x1ae8</run_address>
         <size>0x64</size>
         <input_file_ref idref="fl-da"/>
      </object_component>
      <object_component id="oc-45a">
         <name>.text:HandleDevice</name>
         <load_address>0x1b4c</load_address>
         <run_address>0x1b4c</run_address>
         <size>0x60</size>
         <input_file_ref idref="fl-df"/>
      </object_component>
      <object_component id="oc-589">
         <name>.text:ProcessDataFromHost</name>
         <load_address>0x1bac</load_address>
         <run_address>0x1bac</run_address>
         <size>0x60</size>
         <input_file_ref idref="fl-df"/>
      </object_component>
      <object_component id="oc-678">
         <name>.text:USBDevEndpointStatusClear</name>
         <load_address>0x1c0c</load_address>
         <run_address>0x1c0c</run_address>
         <size>0x5e</size>
         <input_file_ref idref="fl-e1"/>
      </object_component>
      <object_component id="oc-556">
         <name>.text:FindHIDDescriptor</name>
         <load_address>0x1c6a</load_address>
         <run_address>0x1c6a</run_address>
         <size>0x5c</size>
         <input_file_ref idref="fl-df"/>
      </object_component>
      <object_component id="oc-4bd">
         <name>.text:uDMAUSBChannelRelease</name>
         <load_address>0x1cc6</load_address>
         <run_address>0x1cc6</run_address>
         <size>0x56</size>
         <input_file_ref idref="fl-da"/>
      </object_component>
      <object_component id="oc-58f">
         <name>.text:ProcessDataToHost</name>
         <load_address>0x1d1c</load_address>
         <run_address>0x1d1c</run_address>
         <size>0x54</size>
         <input_file_ref idref="fl-df"/>
      </object_component>
      <object_component id="oc-35f">
         <name>.text:ULPIConfigSet</name>
         <load_address>0x1d70</load_address>
         <run_address>0x1d70</run_address>
         <size>0x52</size>
         <input_file_ref idref="fl-db"/>
      </object_component>
      <object_component id="oc-3cd">
         <name>.text</name>
         <load_address>0x1dc2</load_address>
         <run_address>0x1dc2</run_address>
         <size>0x2</size>
         <input_file_ref idref="fl-c6"/>
      </object_component>
      <object_component id="oc-1c5">
         <name>.text:HIDMouseHandler</name>
         <load_address>0x1dc4</load_address>
         <run_address>0x1dc4</run_address>
         <size>0x50</size>
         <input_file_ref idref="fl-2"/>
      </object_component>
      <object_component id="oc-341">
         <name>.text:SysCtlPeripheralReset</name>
         <load_address>0x1e14</load_address>
         <run_address>0x1e14</run_address>
         <size>0x50</size>
         <input_file_ref idref="fl-d1"/>
      </object_component>
      <object_component id="oc-542">
         <name>.text:USBDCDConfigDescGet</name>
         <load_address>0x1e64</load_address>
         <run_address>0x1e64</run_address>
         <size>0x50</size>
         <input_file_ref idref="fl-dd"/>
      </object_component>
      <object_component id="oc-a0">
         <name>.text:ButtonsInit</name>
         <load_address>0x1eb4</load_address>
         <run_address>0x1eb4</run_address>
         <size>0x4c</size>
         <input_file_ref idref="fl-4"/>
      </object_component>
      <object_component id="oc-602">
         <name>.text:USBEndpointDMAConfigSet</name>
         <load_address>0x1f00</load_address>
         <run_address>0x1f00</run_address>
         <size>0x4c</size>
         <input_file_ref idref="fl-e1"/>
      </object_component>
      <object_component id="oc-51d">
         <name>.text:iDMAUSBChannelEnable</name>
         <load_address>0x1f4c</load_address>
         <run_address>0x1f4c</run_address>
         <size>0x4c</size>
         <input_file_ref idref="fl-da"/>
      </object_component>
      <object_component id="oc-548">
         <name>.text:ConfigAlternateInterfaceGet</name>
         <load_address>0x1f98</load_address>
         <run_address>0x1f98</run_address>
         <size>0x4a</size>
         <input_file_ref idref="fl-dd"/>
      </object_component>
      <object_component id="oc-1ba">
         <name>.text:USBDHIDReportWrite</name>
         <load_address>0x1fe2</load_address>
         <run_address>0x1fe2</run_address>
         <size>0x4a</size>
         <input_file_ref idref="fl-df"/>
      </object_component>
      <object_component id="oc-4a5">
         <name>.text:uDMAUSBChannelDisable</name>
         <load_address>0x202c</load_address>
         <run_address>0x202c</run_address>
         <size>0x4a</size>
         <input_file_ref idref="fl-da"/>
      </object_component>
      <object_component id="oc-57b">
         <name>.text:SetIdleTimeout</name>
         <load_address>0x2076</load_address>
         <run_address>0x2076</run_address>
         <size>0x48</size>
         <input_file_ref idref="fl-df"/>
      </object_component>
      <object_component id="oc-4b7">
         <name>.text:uDMAUSBChannelIntDisable</name>
         <load_address>0x20be</load_address>
         <run_address>0x20be</run_address>
         <size>0x2</size>
         <input_file_ref idref="fl-da"/>
      </object_component>
      <object_component id="oc-131">
         <name>.text:_SysCtlFrequencyGet</name>
         <load_address>0x20c0</load_address>
         <run_address>0x20c0</run_address>
         <size>0x48</size>
         <input_file_ref idref="fl-d1"/>
      </object_component>
      <object_component id="oc-5b5">
         <name>.text:uDMAChannelAttributeDisable</name>
         <load_address>0x2108</load_address>
         <run_address>0x2108</run_address>
         <size>0x48</size>
         <input_file_ref idref="fl-e0"/>
      </object_component>
      <object_component id="oc-312">
         <name>.text:USBDCDDeviceInfoInit</name>
         <load_address>0x2150</load_address>
         <run_address>0x2150</run_address>
         <size>0x44</size>
         <input_file_ref idref="fl-d6"/>
      </object_component>
      <object_component id="oc-f9">
         <name>.text:__TI_auto_init_nobinit_nopinit:__TI_auto_init_nobinit_nopinit</name>
         <load_address>0x2194</load_address>
         <run_address>0x2194</run_address>
         <size>0x44</size>
         <input_file_ref idref="fl-c9"/>
      </object_component>
      <object_component id="oc-2a0">
         <name>.text:ScheduleReportTransmission</name>
         <load_address>0x21d8</load_address>
         <run_address>0x21d8</run_address>
         <size>0x40</size>
         <input_file_ref idref="fl-df"/>
      </object_component>
      <object_component id="oc-28f">
         <name>.text</name>
         <load_address>0x2218</load_address>
         <run_address>0x2218</run_address>
         <size>0x40</size>
         <input_file_ref idref="fl-c1"/>
      </object_component>
      <object_component id="oc-d6">
         <name>.text:USBDHIDMouseStateChange</name>
         <load_address>0x2258</load_address>
         <run_address>0x2258</run_address>
         <size>0x3e</size>
         <input_file_ref idref="fl-d8"/>
      </object_component>
      <object_component id="oc-4b1">
         <name>.text:uDMAUSBChannelIntEnable</name>
         <load_address>0x2296</load_address>
         <run_address>0x2296</run_address>
         <size>0x2</size>
         <input_file_ref idref="fl-da"/>
      </object_component>
      <object_component id="oc-15f">
         <name>.text:UARTFlushTx</name>
         <load_address>0x2298</load_address>
         <run_address>0x2298</run_address>
         <size>0x3c</size>
         <input_file_ref idref="fl-6"/>
      </object_component>
      <object_component id="oc-517">
         <name>.text:iDMAUSBChannelRelease</name>
         <load_address>0x22d4</load_address>
         <run_address>0x22d4</run_address>
         <size>0x3c</size>
         <input_file_ref idref="fl-da"/>
      </object_component>
      <object_component id="oc-324">
         <name>.text:InternalUSBRegisterTickHandler</name>
         <load_address>0x2310</load_address>
         <run_address>0x2310</run_address>
         <size>0x38</size>
         <input_file_ref idref="fl-d4"/>
      </object_component>
      <object_component id="oc-30c">
         <name>.text:USBDCDConfigGetInterfaceEndpoint</name>
         <load_address>0x2348</load_address>
         <run_address>0x2348</run_address>
         <size>0x38</size>
         <input_file_ref idref="fl-dd"/>
      </object_component>
      <object_component id="oc-395">
         <name>.text:USBIntStatusControl</name>
         <load_address>0x2380</load_address>
         <run_address>0x2380</run_address>
         <size>0x38</size>
         <input_file_ref idref="fl-e1"/>
      </object_component>
      <object_component id="oc-3d">
         <name>.text:_c_int00_noargs:_c_int00_noargs</name>
         <load_address>0x23b8</load_address>
         <run_address>0x23b8</run_address>
         <size>0x38</size>
         <input_file_ref idref="fl-c5"/>
      </object_component>
      <object_component id="oc-454">
         <name>.text:HandleEndpoints</name>
         <load_address>0x23f0</load_address>
         <run_address>0x23f0</run_address>
         <size>0x36</size>
         <input_file_ref idref="fl-df"/>
      </object_component>
      <object_component id="oc-3d4">
         <name>.text:USBEndpointDataPut</name>
         <load_address>0x2426</load_address>
         <run_address>0x2426</run_address>
         <size>0x36</size>
         <input_file_ref idref="fl-e1"/>
      </object_component>
      <object_component id="oc-330">
         <name>.text:HIDTickHandler</name>
         <load_address>0x245c</load_address>
         <run_address>0x245c</run_address>
         <size>0x34</size>
         <input_file_ref idref="fl-df"/>
      </object_component>
      <object_component id="oc-347">
         <name>.text:SysCtlPeripheralEnable</name>
         <load_address>0x2490</load_address>
         <run_address>0x2490</run_address>
         <size>0x34</size>
         <input_file_ref idref="fl-d1"/>
      </object_component>
      <object_component id="oc-be">
         <name>.text:USBDHIDMouseInit</name>
         <load_address>0x24c4</load_address>
         <run_address>0x24c4</run_address>
         <size>0x34</size>
         <input_file_ref idref="fl-d8"/>
      </object_component>
      <object_component id="oc-3da">
         <name>.text:USBEndpointDataSend</name>
         <load_address>0x24f8</load_address>
         <run_address>0x24f8</run_address>
         <size>0x34</size>
         <input_file_ref idref="fl-e1"/>
      </object_component>
      <object_component id="oc-4f9">
         <name>.text:iDMAUSBChannelStatus</name>
         <load_address>0x252c</load_address>
         <run_address>0x252c</run_address>
         <size>0x34</size>
         <input_file_ref idref="fl-da"/>
      </object_component>
      <object_component id="oc-29a">
         <name>.text:ClearReportTimer</name>
         <load_address>0x2560</load_address>
         <run_address>0x2560</run_address>
         <size>0x32</size>
         <input_file_ref idref="fl-df"/>
      </object_component>
      <object_component id="oc-42a">
         <name>.text:HandleConfigChange</name>
         <load_address>0x2592</load_address>
         <run_address>0x2592</run_address>
         <size>0x32</size>
         <input_file_ref idref="fl-df"/>
      </object_component>
      <object_component id="oc-40b">
         <name>.text:NextConfigDescGet</name>
         <load_address>0x25c4</load_address>
         <run_address>0x25c4</run_address>
         <size>0x32</size>
         <input_file_ref idref="fl-dd"/>
      </object_component>
      <object_component id="oc-667">
         <name>.text:USBDevEndpointStall</name>
         <load_address>0x25f6</load_address>
         <run_address>0x25f6</run_address>
         <size>0x32</size>
         <input_file_ref idref="fl-e1"/>
      </object_component>
      <object_component id="oc-523">
         <name>.text:iDMAUSBChannelDisable</name>
         <load_address>0x2628</load_address>
         <run_address>0x2628</run_address>
         <size>0x32</size>
         <input_file_ref idref="fl-da"/>
      </object_component>
      <object_component id="oc-4c9">
         <name>.text:DMAUSBIntHandler</name>
         <load_address>0x265a</load_address>
         <run_address>0x265a</run_address>
         <size>0x30</size>
         <input_file_ref idref="fl-da"/>
      </object_component>
      <object_component id="oc-31e">
         <name>.text:InternalUSBTickInit</name>
         <load_address>0x268c</load_address>
         <run_address>0x268c</run_address>
         <size>0x30</size>
         <input_file_ref idref="fl-d4"/>
      </object_component>
      <object_component id="oc-159">
         <name>.text:UARTFlushRx</name>
         <load_address>0x26bc</load_address>
         <run_address>0x26bc</run_address>
         <size>0x2c</size>
         <input_file_ref idref="fl-6"/>
      </object_component>
      <object_component id="oc-657">
         <name>.text:USBDescGet</name>
         <load_address>0x26e8</load_address>
         <run_address>0x26e8</run_address>
         <size>0x2c</size>
         <input_file_ref idref="fl-d9"/>
      </object_component>
      <object_component id="oc-4cf">
         <name>.text:uDMAUSBIntStatus</name>
         <load_address>0x2714</load_address>
         <run_address>0x2714</run_address>
         <size>0x2c</size>
         <input_file_ref idref="fl-da"/>
      </object_component>
      <object_component id="oc-20d">
         <name>.text:GPIODirModeSet</name>
         <load_address>0x2740</load_address>
         <run_address>0x2740</run_address>
         <size>0x2a</size>
         <input_file_ref idref="fl-cf"/>
      </object_component>
      <object_component id="oc-651">
         <name>.text:USBDescGetNum</name>
         <load_address>0x276a</load_address>
         <run_address>0x276a</run_address>
         <size>0x2a</size>
         <input_file_ref idref="fl-d9"/>
      </object_component>
      <object_component id="oc-569">
         <name>.text:USBDevEndpointDataAck</name>
         <load_address>0x2794</load_address>
         <run_address>0x2794</run_address>
         <size>0x2a</size>
         <input_file_ref idref="fl-e1"/>
      </object_component>
      <object_component id="oc-575">
         <name>.text:GetIdleTimeout</name>
         <load_address>0x27be</load_address>
         <run_address>0x27be</run_address>
         <size>0x28</size>
         <input_file_ref idref="fl-df"/>
      </object_component>
      <object_component id="oc-430">
         <name>.text:HandleEP0DataReceived</name>
         <load_address>0x27e6</load_address>
         <run_address>0x27e6</run_address>
         <size>0x28</size>
         <input_file_ref idref="fl-df"/>
      </object_component>
      <object_component id="oc-3a1">
         <name>.text:USBIntEnableControl</name>
         <load_address>0x2810</load_address>
         <run_address>0x2810</run_address>
         <size>0x28</size>
         <input_file_ref idref="fl-e1"/>
      </object_component>
      <object_component id="oc-5e7">
         <name>.text:uDMAChannelModeGet</name>
         <load_address>0x2838</load_address>
         <run_address>0x2838</run_address>
         <size>0x28</size>
         <input_file_ref idref="fl-e0"/>
      </object_component>
      <object_component id="oc-199">
         <name>.text:USBDHIDInit</name>
         <load_address>0x2860</load_address>
         <run_address>0x2860</run_address>
         <size>0x26</size>
         <input_file_ref idref="fl-df"/>
      </object_component>
      <object_component id="oc-5bb">
         <name>.text:USBEndpointDMADisable</name>
         <load_address>0x2886</load_address>
         <run_address>0x2886</run_address>
         <size>0x24</size>
         <input_file_ref idref="fl-e1"/>
      </object_component>
      <object_component id="oc-5d5">
         <name>.text:USBEndpointDMAEnable</name>
         <load_address>0x28aa</load_address>
         <run_address>0x28aa</run_address>
         <size>0x24</size>
         <input_file_ref idref="fl-e1"/>
      </object_component>
      <object_component id="oc-ac">
         <name>.text:USBStackModeSet</name>
         <load_address>0x28d0</load_address>
         <run_address>0x28d0</run_address>
         <size>0x24</size>
         <input_file_ref idref="fl-d3"/>
      </object_component>
      <object_component id="oc-5a8">
         <name>.text:uDMAChannelControlSet</name>
         <load_address>0x28f4</load_address>
         <run_address>0x28f4</run_address>
         <size>0x24</size>
         <input_file_ref idref="fl-e0"/>
      </object_component>
      <object_component id="oc-44e">
         <name>.text:HandleDisconnect</name>
         <load_address>0x2918</load_address>
         <run_address>0x2918</run_address>
         <size>0x22</size>
         <input_file_ref idref="fl-df"/>
      </object_component>
      <object_component id="oc-4c3">
         <name>.text:uDMAUSBChannelStatus</name>
         <load_address>0x293a</load_address>
         <run_address>0x293a</run_address>
         <size>0x22</size>
         <input_file_ref idref="fl-da"/>
      </object_component>
      <object_component id="oc-436">
         <name>.text:HandleEP0DataSent</name>
         <load_address>0x295c</load_address>
         <run_address>0x295c</run_address>
         <size>0x20</size>
         <input_file_ref idref="fl-df"/>
      </object_component>
      <object_component id="oc-12b">
         <name>.text:_SysCtlMemTimingGet</name>
         <load_address>0x297c</load_address>
         <run_address>0x297c</run_address>
         <size>0x20</size>
         <input_file_ref idref="fl-d1"/>
      </object_component>
      <object_component id="oc-47b">
         <name>.text:USBULPIRegRead</name>
         <load_address>0x299c</load_address>
         <run_address>0x299c</run_address>
         <size>0x1e</size>
         <input_file_ref idref="fl-e1"/>
      </object_component>
      <object_component id="oc-481">
         <name>.text:USBULPIRegWrite</name>
         <load_address>0x29ba</load_address>
         <run_address>0x29ba</run_address>
         <size>0x1e</size>
         <input_file_ref idref="fl-e1"/>
      </object_component>
      <object_component id="oc-25f">
         <name>.text:HIDMouseTxHandler</name>
         <load_address>0x29d8</load_address>
         <run_address>0x29d8</run_address>
         <size>0x1c</size>
         <input_file_ref idref="fl-d8"/>
      </object_component>
      <object_component id="oc-405">
         <name>.text:USBDCDConfigGetInterface</name>
         <load_address>0x29f4</load_address>
         <run_address>0x29f4</run_address>
         <size>0x1c</size>
         <input_file_ref idref="fl-dd"/>
      </object_component>
      <object_component id="oc-562">
         <name>.text:USBDCDStallEP0</name>
         <load_address>0x2a10</load_address>
         <run_address>0x2a10</run_address>
         <size>0x1c</size>
         <input_file_ref idref="fl-d6"/>
      </object_component>
      <object_component id="oc-46a">
         <name>.text:USBEndpointDataAvail</name>
         <load_address>0x2a2c</load_address>
         <run_address>0x2a2c</run_address>
         <size>0x1c</size>
         <input_file_ref idref="fl-e1"/>
      </object_component>
      <object_component id="oc-318">
         <name>.text:ClearIdleTimers</name>
         <load_address>0x2a48</load_address>
         <run_address>0x2a48</run_address>
         <size>0x1a</size>
         <input_file_ref idref="fl-df"/>
      </object_component>
      <object_component id="oc-c4">
         <name>.text:UARTprintf</name>
         <load_address>0x2a62</load_address>
         <run_address>0x2a62</run_address>
         <size>0x1a</size>
         <input_file_ref idref="fl-6"/>
      </object_component>
      <object_component id="oc-5af">
         <name>.text:USBEndpointDMAChannel</name>
         <load_address>0x2a7c</load_address>
         <run_address>0x2a7c</run_address>
         <size>0x1a</size>
         <input_file_ref idref="fl-e1"/>
      </object_component>
      <object_component id="oc-3bd">
         <name>.text:IsBufferFull</name>
         <load_address>0x2a96</load_address>
         <run_address>0x2a96</run_address>
         <size>0x18</size>
         <input_file_ref idref="fl-6"/>
      </object_component>
      <object_component id="oc-597">
         <name>.text:SetDeferredOpFlag</name>
         <load_address>0x2aae</load_address>
         <run_address>0x2aae</run_address>
         <size>0x18</size>
         <input_file_ref idref="fl-df"/>
      </object_component>
      <object_component id="oc-5c2">
         <name>.text:uDMAChannelDisable</name>
         <load_address>0x2ac8</load_address>
         <run_address>0x2ac8</run_address>
         <size>0x18</size>
         <input_file_ref idref="fl-e0"/>
      </object_component>
      <object_component id="oc-5db">
         <name>.text:uDMAChannelEnable</name>
         <load_address>0x2ae0</load_address>
         <run_address>0x2ae0</run_address>
         <size>0x18</size>
         <input_file_ref idref="fl-e0"/>
      </object_component>
      <object_component id="oc-3a7">
         <name>.text:USBIntEnableEndpoint</name>
         <load_address>0x2af8</load_address>
         <run_address>0x2af8</run_address>
         <size>0x16</size>
         <input_file_ref idref="fl-e1"/>
      </object_component>
      <object_component id="oc-34d">
         <name>.text:SysCtlUSBPLLEnable</name>
         <load_address>0x2b10</load_address>
         <run_address>0x2b10</run_address>
         <size>0x14</size>
         <input_file_ref idref="fl-d1"/>
      </object_component>
      <object_component id="oc-56f">
         <name>.text:USBDCDRequestDataEP0</name>
         <load_address>0x2b24</load_address>
         <run_address>0x2b24</run_address>
         <size>0x14</size>
         <input_file_ref idref="fl-d6"/>
      </object_component>
      <object_component id="oc-55c">
         <name>.text:USBDCDSendDataEP0</name>
         <load_address>0x2b38</load_address>
         <run_address>0x2b38</run_address>
         <size>0x14</size>
         <input_file_ref idref="fl-d6"/>
      </object_component>
      <object_component id="oc-63a">
         <name>.text:USBDMAChannelConfigSet</name>
         <load_address>0x2b4c</load_address>
         <run_address>0x2b4c</run_address>
         <size>0x14</size>
         <input_file_ref idref="fl-e1"/>
      </object_component>
      <object_component id="oc-14d">
         <name>.text:GPIOPinTypeEthernetLED</name>
         <load_address>0x2b60</load_address>
         <run_address>0x2b60</run_address>
         <size>0x12</size>
         <input_file_ref idref="fl-cf"/>
      </object_component>
      <object_component id="oc-448">
         <name>.text:HandleResume</name>
         <load_address>0x2b72</load_address>
         <run_address>0x2b72</run_address>
         <size>0x12</size>
         <input_file_ref idref="fl-df"/>
      </object_component>
      <object_component id="oc-442">
         <name>.text:HandleSuspend</name>
         <load_address>0x2b84</load_address>
         <run_address>0x2b84</run_address>
         <size>0x12</size>
         <input_file_ref idref="fl-df"/>
      </object_component>
      <object_component id="oc-60b">
         <name>.text:USBDMAChannelDisable</name>
         <load_address>0x2b96</load_address>
         <run_address>0x2b96</run_address>
         <size>0x12</size>
         <input_file_ref idref="fl-e1"/>
      </object_component>
      <object_component id="oc-640">
         <name>.text:USBDMAChannelEnable</name>
         <load_address>0x2ba8</load_address>
         <run_address>0x2ba8</run_address>
         <size>0x12</size>
         <input_file_ref idref="fl-e1"/>
      </object_component>
      <object_component id="oc-627">
         <name>.text:USBDMAChannelIntDisable</name>
         <load_address>0x2bba</load_address>
         <run_address>0x2bba</run_address>
         <size>0x12</size>
         <input_file_ref idref="fl-e1"/>
      </object_component>
      <object_component id="oc-620">
         <name>.text:USBDMAChannelIntEnable</name>
         <load_address>0x2bcc</load_address>
         <run_address>0x2bcc</run_address>
         <size>0x12</size>
         <input_file_ref idref="fl-e1"/>
      </object_component>
      <object_component id="oc-672">
         <name>.text:USBEndpointStatus</name>
         <load_address>0x2bde</load_address>
         <run_address>0x2bde</run_address>
         <size>0x10</size>
         <input_file_ref idref="fl-e1"/>
      </object_component>
      <object_component id="oc-4d5">
         <name>.text:DMAUSBIntStatusClear</name>
         <load_address>0x2bee</load_address>
         <run_address>0x2bee</run_address>
         <size>0xe</size>
         <input_file_ref idref="fl-da"/>
      </object_component>
      <object_component id="oc-21e">
         <name>.text:IsBufferEmpty</name>
         <load_address>0x2bfc</load_address>
         <run_address>0x2bfc</run_address>
         <size>0xe</size>
         <input_file_ref idref="fl-6"/>
      </object_component>
      <object_component id="oc-1b4">
         <name>.text:USBDHIDTxPacketAvailable</name>
         <load_address>0x2c0a</load_address>
         <run_address>0x2c0a</run_address>
         <size>0xe</size>
         <input_file_ref idref="fl-df"/>
      </object_component>
      <object_component id="oc-612">
         <name>.text:USBDMAChannelStatus</name>
         <load_address>0x2c18</load_address>
         <run_address>0x2c18</run_address>
         <size>0xe</size>
         <input_file_ref idref="fl-e1"/>
      </object_component>
      <object_component id="oc-377">
         <name>.text:USBDevLPMDisable</name>
         <load_address>0x2c26</load_address>
         <run_address>0x2c26</run_address>
         <size>0xe</size>
         <input_file_ref idref="fl-e1"/>
      </object_component>
      <object_component id="oc-389">
         <name>.text:USBDevLPMEnable</name>
         <load_address>0x2c34</load_address>
         <run_address>0x2c34</run_address>
         <size>0xe</size>
         <input_file_ref idref="fl-e1"/>
      </object_component>
      <object_component id="oc-365">
         <name>.text:USBULPIDisable</name>
         <load_address>0x2c42</load_address>
         <run_address>0x2c42</run_address>
         <size>0xe</size>
         <input_file_ref idref="fl-e1"/>
      </object_component>
      <object_component id="oc-359">
         <name>.text:USBULPIEnable</name>
         <load_address>0x2c50</load_address>
         <run_address>0x2c50</run_address>
         <size>0xe</size>
         <input_file_ref idref="fl-e1"/>
      </object_component>
      <object_component id="oc-9">
         <name>.text:decompress:none:__TI_decompress_none</name>
         <load_address>0x2c5e</load_address>
         <run_address>0x2c5e</run_address>
         <size>0xe</size>
         <input_file_ref idref="fl-c3"/>
      </object_component>
      <object_component id="oc-5fc">
         <name>.text:USBEndpointPacketCountSet</name>
         <load_address>0x2c6c</load_address>
         <run_address>0x2c6c</run_address>
         <size>0xc</size>
         <input_file_ref idref="fl-e1"/>
      </object_component>
      <object_component id="oc-383">
         <name>.text:USBLPMIntEnable</name>
         <load_address>0x2c78</load_address>
         <run_address>0x2c78</run_address>
         <size>0xc</size>
         <input_file_ref idref="fl-e1"/>
      </object_component>
      <object_component id="oc-31">
         <name>.text:decompress:ZI:__TI_zero_init</name>
         <load_address>0x2c84</load_address>
         <run_address>0x2c84</run_address>
         <size>0xc</size>
         <input_file_ref idref="fl-c2"/>
      </object_component>
      <object_component id="oc-353">
         <name>.text:USBClockEnable</name>
         <load_address>0x2c90</load_address>
         <run_address>0x2c90</run_address>
         <size>0xa</size>
         <input_file_ref idref="fl-e1"/>
      </object_component>
      <object_component id="oc-490">
         <name>.text:USBControllerVersion</name>
         <load_address>0x2c9a</load_address>
         <run_address>0x2c9a</run_address>
         <size>0xa</size>
         <input_file_ref idref="fl-e1"/>
      </object_component>
      <object_component id="oc-62e">
         <name>.text:USBDMAChannelAddressSet</name>
         <load_address>0x2ca4</load_address>
         <run_address>0x2ca4</run_address>
         <size>0xa</size>
         <input_file_ref idref="fl-e1"/>
      </object_component>
      <object_component id="oc-634">
         <name>.text:USBDMAChannelCountSet</name>
         <load_address>0x2cae</load_address>
         <run_address>0x2cae</run_address>
         <size>0xa</size>
         <input_file_ref idref="fl-e1"/>
      </object_component>
      <object_component id="oc-3ad">
         <name>.text:USBDevConnect</name>
         <load_address>0x2cb8</load_address>
         <run_address>0x2cb8</run_address>
         <size>0xa</size>
         <input_file_ref idref="fl-e1"/>
      </object_component>
      <object_component id="oc-39b">
         <name>.text:USBIntStatusEndpoint</name>
         <load_address>0x2cc2</load_address>
         <run_address>0x2cc2</run_address>
         <size>0xa</size>
         <input_file_ref idref="fl-e1"/>
      </object_component>
      <object_component id="oc-371">
         <name>.text:USBDevMode</name>
         <load_address>0x2ccc</load_address>
         <run_address>0x2ccc</run_address>
         <size>0x8</size>
         <input_file_ref idref="fl-e1"/>
      </object_component>
      <object_component id="oc-5f0">
         <name>.text:USBFIFOAddrGet</name>
         <load_address>0x2cd4</load_address>
         <run_address>0x2cd4</run_address>
         <size>0x8</size>
         <input_file_ref idref="fl-e1"/>
      </object_component>
      <object_component id="oc-36b">
         <name>.text:USBOTGMode</name>
         <load_address>0x2cdc</load_address>
         <run_address>0x2cdc</run_address>
         <size>0x8</size>
         <input_file_ref idref="fl-e1"/>
      </object_component>
      <object_component id="oc-50b">
         <name>.text:iDMAUSBChannelIntDisable</name>
         <load_address>0x2ce4</load_address>
         <run_address>0x2ce4</run_address>
         <size>0x8</size>
         <input_file_ref idref="fl-da"/>
      </object_component>
      <object_component id="oc-505">
         <name>.text:iDMAUSBChannelIntEnable</name>
         <load_address>0x2cec</load_address>
         <run_address>0x2cec</run_address>
         <size>0x8</size>
         <input_file_ref idref="fl-da"/>
      </object_component>
      <object_component id="oc-d0">
         <name>.text:GPIOPinWrite</name>
         <load_address>0x2cf4</load_address>
         <run_address>0x2cf4</run_address>
         <size>0x6</size>
         <input_file_ref idref="fl-cf"/>
      </object_component>
      <object_component id="oc-619">
         <name>.text:USBDMAChannelIntStatus</name>
         <load_address>0x2cfa</load_address>
         <run_address>0x2cfa</run_address>
         <size>0x6</size>
         <input_file_ref idref="fl-e1"/>
      </object_component>
      <object_component id="oc-37d">
         <name>.text:USBDevLPMConfig</name>
         <load_address>0x2d00</load_address>
         <run_address>0x2d00</run_address>
         <size>0x6</size>
         <input_file_ref idref="fl-e1"/>
      </object_component>
      <object_component id="oc-4ff">
         <name>.text:iDMAUSBIntStatus</name>
         <load_address>0x2d06</load_address>
         <run_address>0x2d06</run_address>
         <size>0x6</size>
         <input_file_ref idref="fl-da"/>
      </object_component>
      <object_component id="oc-4db">
         <name>.text:DMAUSBStatus</name>
         <load_address>0x2d0c</load_address>
         <run_address>0x2d0c</run_address>
         <size>0x4</size>
         <input_file_ref idref="fl-da"/>
      </object_component>
      <object_component id="oc-43c">
         <name>.text:HandleReset</name>
         <load_address>0x2d10</load_address>
         <run_address>0x2d10</run_address>
         <size>0x4</size>
         <input_file_ref idref="fl-df"/>
      </object_component>
      <object_component id="oc-6c">
         <name>.text:_system_pre_init</name>
         <load_address>0x2d14</load_address>
         <run_address>0x2d14</run_address>
         <size>0x4</size>
         <input_file_ref idref="fl-ca"/>
      </object_component>
      <object_component id="oc-ed">
         <name>.text:abort:abort</name>
         <load_address>0x2d18</load_address>
         <run_address>0x2d18</run_address>
         <size>0x4</size>
         <input_file_ref idref="fl-cc"/>
      </object_component>
      <object_component id="oc-13a">
         <name>.const:g_pppui32XTALtoVCO</name>
         <load_address>0x32c0</load_address>
         <run_address>0x32c0</run_address>
         <size>0x1b0</size>
         <input_file_ref idref="fl-d1"/>
      </object_component>
      <object_component id="oc-536">
         <name>.const</name>
         <load_address>0x3470</load_address>
         <run_address>0x3470</run_address>
         <size>0x70</size>
         <input_file_ref idref="fl-d0"/>
      </object_component>
      <object_component id="oc-137">
         <name>.const:g_pui32Xtals</name>
         <load_address>0x34e0</load_address>
         <run_address>0x34e0</run_address>
         <size>0x6c</size>
         <input_file_ref idref="fl-d1"/>
      </object_component>
      <object_component id="oc-2db">
         <name>.const:.string:g_pui8ConfigString</name>
         <load_address>0x354c</load_address>
         <run_address>0x354c</run_address>
         <size>0x34</size>
         <input_file_ref idref="fl-3"/>
      </object_component>
      <object_component id="oc-33c">
         <name>.const:.string:g_pui8MouseReportDescriptor</name>
         <load_address>0x3580</load_address>
         <run_address>0x3580</run_address>
         <size>0x32</size>
         <input_file_ref idref="fl-d8"/>
      </object_component>
      <object_component id="oc-32a">
         <name>.const:g_sHIDHandlers</name>
         <load_address>0x35b4</load_address>
         <run_address>0x35b4</run_address>
         <size>0x30</size>
         <input_file_ref idref="fl-df"/>
      </object_component>
      <object_component id="oc-1fa">
         <name>.const:g_sXTALtoMEMTIM</name>
         <load_address>0x35e4</load_address>
         <run_address>0x35e4</run_address>
         <size>0x30</size>
         <input_file_ref idref="fl-d1"/>
      </object_component>
      <object_component id="oc-2d8">
         <name>.const:.string:g_pui8HIDInterfaceString</name>
         <load_address>0x3614</load_address>
         <run_address>0x3614</run_address>
         <size>0x2c</size>
         <input_file_ref idref="fl-3"/>
      </object_component>
      <object_component id="oc-265">
         <name>.const</name>
         <load_address>0x3640</load_address>
         <run_address>0x3640</run_address>
         <size>0x2c</size>
         <input_file_ref idref="fl-d8"/>
      </object_component>
      <object_component id="oc-2d2">
         <name>.const:.string:g_pui8ProductString</name>
         <load_address>0x366c</load_address>
         <run_address>0x366c</run_address>
         <size>0x26</size>
         <input_file_ref idref="fl-3"/>
      </object_component>
      <object_component id="oc-2cf">
         <name>.const:.string:g_pui8ManufacturerString</name>
         <load_address>0x3692</load_address>
         <run_address>0x3692</run_address>
         <size>0x24</size>
         <input_file_ref idref="fl-3"/>
      </object_component>
      <object_component id="oc-1cb">
         <name>.const:g_ppui8StringDescriptors</name>
         <load_address>0x36b8</load_address>
         <run_address>0x36b8</run_address>
         <size>0x18</size>
         <input_file_ref idref="fl-3"/>
      </object_component>
      <object_component id="oc-2d5">
         <name>.const:.string:g_pui8SerialNumberString</name>
         <load_address>0x36d0</load_address>
         <run_address>0x36d0</run_address>
         <size>0x12</size>
         <input_file_ref idref="fl-3"/>
      </object_component>
      <object_component id="oc-16e">
         <name>.const:g_ui32UARTBase</name>
         <load_address>0x36e4</load_address>
         <run_address>0x36e4</run_address>
         <size>0xc</size>
         <input_file_ref idref="fl-6"/>
      </object_component>
      <object_component id="oc-174">
         <name>.const:g_ui32UARTInt</name>
         <load_address>0x36f0</load_address>
         <run_address>0x36f0</run_address>
         <size>0xc</size>
         <input_file_ref idref="fl-6"/>
      </object_component>
      <object_component id="oc-165">
         <name>.const:g_ui32UARTPeriph</name>
         <load_address>0x36fc</load_address>
         <run_address>0x36fc</run_address>
         <size>0xc</size>
         <input_file_ref idref="fl-6"/>
      </object_component>
      <object_component id="oc-13d">
         <name>.const</name>
         <load_address>0x3708</load_address>
         <run_address>0x3708</run_address>
         <size>0x8</size>
         <input_file_ref idref="fl-d1"/>
      </object_component>
      <object_component id="oc-339">
         <name>.const:.string</name>
         <load_address>0x3710</load_address>
         <run_address>0x3710</run_address>
         <size>0x7</size>
         <input_file_ref idref="fl-d8"/>
      </object_component>
      <object_component id="oc-2cc">
         <name>.const:.string:g_pui8LangDescriptor</name>
         <load_address>0x3717</load_address>
         <run_address>0x3717</run_address>
         <size>0x4</size>
         <input_file_ref idref="fl-3"/>
      </object_component>
      <object_component id="oc-dc">
         <name>.data</name>
         <load_address>0x382c</load_address>
         <run_address>0x382c</run_address>
         <size>0x3</size>
         <input_file_ref idref="fl-2"/>
      </object_component>
      <object_component id="oc-df">
         <name>.data:g_sMouseDevice</name>
         <load_address>0x371c</load_address>
         <run_address>0x371c</run_address>
         <size>0x94</size>
         <input_file_ref idref="fl-3"/>
      </object_component>
      <object_component id="oc-155">
         <name>.data</name>
         <load_address>0x3821</load_address>
         <run_address>0x3821</run_address>
         <size>0x3</size>
         <input_file_ref idref="fl-4"/>
      </object_component>
      <object_component id="oc-168">
         <name>.data</name>
         <load_address>0x37e4</load_address>
         <run_address>0x37e4</run_address>
         <size>0x15</size>
         <input_file_ref idref="fl-6"/>
      </object_component>
      <object_component id="oc-179">
         <name>.data</name>
         <load_address>0x3818</load_address>
         <run_address>0x3818</run_address>
         <size>0x9</size>
         <input_file_ref idref="fl-d3"/>
      </object_component>
      <object_component id="oc-415">
         <name>.data</name>
         <load_address>0x380c</load_address>
         <run_address>0x380c</run_address>
         <size>0xc</size>
         <input_file_ref idref="fl-d4"/>
      </object_component>
      <object_component id="oc-189">
         <name>.data</name>
         <load_address>0x3824</load_address>
         <run_address>0x3824</run_address>
         <size>0x8</size>
         <input_file_ref idref="fl-d6"/>
      </object_component>
      <object_component id="oc-19f">
         <name>.data</name>
         <load_address>0x37b0</load_address>
         <run_address>0x37b0</run_address>
         <size>0x34</size>
         <input_file_ref idref="fl-d8"/>
      </object_component>
      <object_component id="oc-32d">
         <name>.data</name>
         <load_address>0x37f9</load_address>
         <run_address>0x37f9</run_address>
         <size>0x12</size>
         <input_file_ref idref="fl-df"/>
      </object_component>
      <object_component id="oc-171">
         <name>.bss</name>
         <uninitialized>true</uninitialized>
         <run_address>0x32ac</run_address>
         <size>0x8</size>
         <input_file_ref idref="fl-6"/>
      </object_component>
      <object_component id="oc-3c9">
         <name>.bss:g_pcUARTTxBuffer</name>
         <uninitialized>true</uninitialized>
         <run_address>0x2d1c</run_address>
         <size>0x400</size>
         <input_file_ref idref="fl-6"/>
      </object_component>
      <object_component id="oc-186">
         <name>.bss:g_psDCDInst</name>
         <uninitialized>true</uninitialized>
         <run_address>0x322c</run_address>
         <size>0x50</size>
         <input_file_ref idref="fl-d6"/>
      </object_component>
      <object_component id="oc-496">
         <name>.bss:g_psUSBDMAInst</name>
         <uninitialized>true</uninitialized>
         <run_address>0x311c</run_address>
         <size>0x110</size>
         <input_file_ref idref="fl-da"/>
      </object_component>
      <object_component id="oc-17c">
         <name>.common:g_pfnUSBModeCallback</name>
         <uninitialized>true</uninitialized>
         <run_address>0x32b4</run_address>
         <size>0x4</size>
      </object_component>
      <object_component id="oc-41b">
         <name>.common:g_pfnTickHandlers</name>
         <uninitialized>true</uninitialized>
         <run_address>0x327c</run_address>
         <size>0x18</size>
      </object_component>
      <object_component id="oc-418">
         <name>.common:g_pvTickInstance</name>
         <uninitialized>true</uninitialized>
         <run_address>0x3294</run_address>
         <size>0x18</size>
      </object_component>
      <object_component id="oc-18f">
         <name>.common:g_ui32ULPISupport</name>
         <uninitialized>true</uninitialized>
         <run_address>0x32bc</run_address>
         <size>0x4</size>
      </object_component>
      <object_component id="oc-3b9">
         <name>.common:g_ppsDevInfo</name>
         <uninitialized>true</uninitialized>
         <run_address>0x32b8</run_address>
         <size>0x4</size>
      </object_component>
      <object_component id="oc-6da">
         <name>.cinit..data.load</name>
         <load_address>0x3c30</load_address>
         <run_address>0x3c30</run_address>
         <size>0x73</size>
      </object_component>
      <object_component id="oc-6d8">
         <name>__TI_handler_table</name>
         <load_address>0x3ca4</load_address>
         <run_address>0x3ca4</run_address>
         <size>0xc</size>
      </object_component>
      <object_component id="oc-6db">
         <name>.cinit..bss.load</name>
         <load_address>0x3cb0</load_address>
         <run_address>0x3cb0</run_address>
         <size>0x8</size>
      </object_component>
      <object_component id="oc-6d9">
         <name>__TI_cinit_table</name>
         <load_address>0x3cb8</load_address>
         <run_address>0x3cb8</run_address>
         <size>0x10</size>
      </object_component>
      <object_component id="oc-2e1">
         <name>.debug_info</name>
         <load_address>0x0</load_address>
         <run_address>0x0</run_address>
         <size>0x316</size>
         <input_file_ref idref="fl-1"/>
      </object_component>
      <object_component id="oc-216">
         <name>.debug_info</name>
         <load_address>0x316</load_address>
         <run_address>0x316</run_address>
         <size>0x26b</size>
         <input_file_ref idref="fl-1"/>
      </object_component>
      <object_component id="oc-1a">
         <name>.debug_info</name>
         <load_address>0x581</load_address>
         <run_address>0x581</run_address>
         <size>0x84</size>
         <input_file_ref idref="fl-1"/>
      </object_component>
      <object_component id="oc-1d5">
         <name>.debug_info</name>
         <load_address>0x605</load_address>
         <run_address>0x605</run_address>
         <size>0x297</size>
         <input_file_ref idref="fl-1"/>
      </object_component>
      <object_component id="oc-2c6">
         <name>.debug_info</name>
         <load_address>0x89c</load_address>
         <run_address>0x89c</run_address>
         <size>0xef</size>
         <input_file_ref idref="fl-1"/>
      </object_component>
      <object_component id="oc-e8">
         <name>.debug_info</name>
         <load_address>0x98b</load_address>
         <run_address>0x98b</run_address>
         <size>0xbb</size>
         <input_file_ref idref="fl-1"/>
      </object_component>
      <object_component id="oc-1c3">
         <name>.debug_info</name>
         <load_address>0xa46</load_address>
         <run_address>0xa46</run_address>
         <size>0x7bf</size>
         <input_file_ref idref="fl-2"/>
      </object_component>
      <object_component id="oc-dd">
         <name>.debug_info</name>
         <load_address>0x1205</load_address>
         <run_address>0x1205</run_address>
         <size>0x123</size>
         <input_file_ref idref="fl-2"/>
      </object_component>
      <object_component id="oc-73">
         <name>.debug_info</name>
         <load_address>0x1328</load_address>
         <run_address>0x1328</run_address>
         <size>0x39e</size>
         <input_file_ref idref="fl-2"/>
      </object_component>
      <object_component id="oc-1c6">
         <name>.debug_info</name>
         <load_address>0x16c6</load_address>
         <run_address>0x16c6</run_address>
         <size>0x183</size>
         <input_file_ref idref="fl-2"/>
      </object_component>
      <object_component id="oc-2a9">
         <name>.debug_info</name>
         <load_address>0x1849</load_address>
         <run_address>0x1849</run_address>
         <size>0x3d4</size>
         <input_file_ref idref="fl-2"/>
      </object_component>
      <object_component id="oc-1d0">
         <name>.debug_info</name>
         <load_address>0x1c1d</load_address>
         <run_address>0x1c1d</run_address>
         <size>0x1b4</size>
         <input_file_ref idref="fl-2"/>
      </object_component>
      <object_component id="oc-2ae">
         <name>.debug_info</name>
         <load_address>0x1dd1</load_address>
         <run_address>0x1dd1</run_address>
         <size>0x234</size>
         <input_file_ref idref="fl-2"/>
      </object_component>
      <object_component id="oc-2b3">
         <name>.debug_info</name>
         <load_address>0x2005</load_address>
         <run_address>0x2005</run_address>
         <size>0x219</size>
         <input_file_ref idref="fl-2"/>
      </object_component>
      <object_component id="oc-2c1">
         <name>.debug_info</name>
         <load_address>0x221e</load_address>
         <run_address>0x221e</run_address>
         <size>0xa85</size>
         <input_file_ref idref="fl-2"/>
      </object_component>
      <object_component id="oc-2b8">
         <name>.debug_info</name>
         <load_address>0x2ca3</load_address>
         <run_address>0x2ca3</run_address>
         <size>0x4d</size>
         <input_file_ref idref="fl-2"/>
      </object_component>
      <object_component id="oc-2bc">
         <name>.debug_info</name>
         <load_address>0x2cf0</load_address>
         <run_address>0x2cf0</run_address>
         <size>0x153</size>
         <input_file_ref idref="fl-2"/>
      </object_component>
      <object_component id="oc-3e1">
         <name>.debug_info</name>
         <load_address>0x2e43</load_address>
         <run_address>0x2e43</run_address>
         <size>0xe4</size>
         <input_file_ref idref="fl-2"/>
      </object_component>
      <object_component id="oc-e3">
         <name>.debug_info</name>
         <load_address>0x2f27</load_address>
         <run_address>0x2f27</run_address>
         <size>0x8b</size>
         <input_file_ref idref="fl-2"/>
      </object_component>
      <object_component id="oc-1ab">
         <name>.debug_info</name>
         <load_address>0x2fb2</load_address>
         <run_address>0x2fb2</run_address>
         <size>0x2c</size>
         <input_file_ref idref="fl-2"/>
      </object_component>
      <object_component id="oc-2e0">
         <name>.debug_info</name>
         <load_address>0x2fde</load_address>
         <run_address>0x2fde</run_address>
         <size>0x38a</size>
         <input_file_ref idref="fl-3"/>
      </object_component>
      <object_component id="oc-2cd">
         <name>.debug_info</name>
         <load_address>0x3368</load_address>
         <run_address>0x3368</run_address>
         <size>0xe3</size>
         <input_file_ref idref="fl-3"/>
      </object_component>
      <object_component id="oc-2d0">
         <name>.debug_info</name>
         <load_address>0x344b</load_address>
         <run_address>0x344b</run_address>
         <size>0xeb</size>
         <input_file_ref idref="fl-3"/>
      </object_component>
      <object_component id="oc-2d3">
         <name>.debug_info</name>
         <load_address>0x3536</load_address>
         <run_address>0x3536</run_address>
         <size>0xe1</size>
         <input_file_ref idref="fl-3"/>
      </object_component>
      <object_component id="oc-2d6">
         <name>.debug_info</name>
         <load_address>0x3617</load_address>
         <run_address>0x3617</run_address>
         <size>0xeb</size>
         <input_file_ref idref="fl-3"/>
      </object_component>
      <object_component id="oc-2d9">
         <name>.debug_info</name>
         <load_address>0x3702</load_address>
         <run_address>0x3702</run_address>
         <size>0xeb</size>
         <input_file_ref idref="fl-3"/>
      </object_component>
      <object_component id="oc-2dc">
         <name>.debug_info</name>
         <load_address>0x37ed</load_address>
         <run_address>0x37ed</run_address>
         <size>0xdf</size>
         <input_file_ref idref="fl-3"/>
      </object_component>
      <object_component id="oc-1cc">
         <name>.debug_info</name>
         <load_address>0x38cc</load_address>
         <run_address>0x38cc</run_address>
         <size>0xeb</size>
         <input_file_ref idref="fl-3"/>
      </object_component>
      <object_component id="oc-e0">
         <name>.debug_info</name>
         <load_address>0x39b7</load_address>
         <run_address>0x39b7</run_address>
         <size>0xd7</size>
         <input_file_ref idref="fl-3"/>
      </object_component>
      <object_component id="oc-1b1">
         <name>.debug_info</name>
         <load_address>0x3a8e</load_address>
         <run_address>0x3a8e</run_address>
         <size>0x2e8</size>
         <input_file_ref idref="fl-4"/>
      </object_component>
      <object_component id="oc-156">
         <name>.debug_info</name>
         <load_address>0x3d76</load_address>
         <run_address>0x3d76</run_address>
         <size>0x122</size>
         <input_file_ref idref="fl-4"/>
      </object_component>
      <object_component id="oc-cb">
         <name>.debug_info</name>
         <load_address>0x3e98</load_address>
         <run_address>0x3e98</run_address>
         <size>0x2f8</size>
         <input_file_ref idref="fl-4"/>
      </object_component>
      <object_component id="oc-a1">
         <name>.debug_info</name>
         <load_address>0x4190</load_address>
         <run_address>0x4190</run_address>
         <size>0x213</size>
         <input_file_ref idref="fl-4"/>
      </object_component>
      <object_component id="oc-154">
         <name>.debug_info</name>
         <load_address>0x43a3</load_address>
         <run_address>0x43a3</run_address>
         <size>0x399</size>
         <input_file_ref idref="fl-5"/>
      </object_component>
      <object_component id="oc-9b">
         <name>.debug_info</name>
         <load_address>0x473c</load_address>
         <run_address>0x473c</run_address>
         <size>0x37a</size>
         <input_file_ref idref="fl-5"/>
      </object_component>
      <object_component id="oc-178">
         <name>.debug_info</name>
         <load_address>0x4ab6</load_address>
         <run_address>0x4ab6</run_address>
         <size>0x2ed</size>
         <input_file_ref idref="fl-6"/>
      </object_component>
      <object_component id="oc-172">
         <name>.debug_info</name>
         <load_address>0x4da3</load_address>
         <run_address>0x4da3</run_address>
         <size>0x128</size>
         <input_file_ref idref="fl-6"/>
      </object_component>
      <object_component id="oc-3ca">
         <name>.debug_info</name>
         <load_address>0x4ecb</load_address>
         <run_address>0x4ecb</run_address>
         <size>0x102</size>
         <input_file_ref idref="fl-6"/>
      </object_component>
      <object_component id="oc-169">
         <name>.debug_info</name>
         <load_address>0x4fcd</load_address>
         <run_address>0x4fcd</run_address>
         <size>0x1e2</size>
         <input_file_ref idref="fl-6"/>
      </object_component>
      <object_component id="oc-16f">
         <name>.debug_info</name>
         <load_address>0x51af</load_address>
         <run_address>0x51af</run_address>
         <size>0xfe</size>
         <input_file_ref idref="fl-6"/>
      </object_component>
      <object_component id="oc-175">
         <name>.debug_info</name>
         <load_address>0x52ad</load_address>
         <run_address>0x52ad</run_address>
         <size>0xfc</size>
         <input_file_ref idref="fl-6"/>
      </object_component>
      <object_component id="oc-166">
         <name>.debug_info</name>
         <load_address>0x53a9</load_address>
         <run_address>0x53a9</run_address>
         <size>0x102</size>
         <input_file_ref idref="fl-6"/>
      </object_component>
      <object_component id="oc-3be">
         <name>.debug_info</name>
         <load_address>0x54ab</load_address>
         <run_address>0x54ab</run_address>
         <size>0x268</size>
         <input_file_ref idref="fl-6"/>
      </object_component>
      <object_component id="oc-21f">
         <name>.debug_info</name>
         <load_address>0x5713</load_address>
         <run_address>0x5713</run_address>
         <size>0x238</size>
         <input_file_ref idref="fl-6"/>
      </object_component>
      <object_component id="oc-3c4">
         <name>.debug_info</name>
         <load_address>0x594b</load_address>
         <run_address>0x594b</run_address>
         <size>0x211</size>
         <input_file_ref idref="fl-6"/>
      </object_component>
      <object_component id="oc-28a">
         <name>.debug_info</name>
         <load_address>0x5b5c</load_address>
         <run_address>0x5b5c</run_address>
         <size>0x24e</size>
         <input_file_ref idref="fl-6"/>
      </object_component>
      <object_component id="oc-1a5">
         <name>.debug_info</name>
         <load_address>0x5daa</load_address>
         <run_address>0x5daa</run_address>
         <size>0x335</size>
         <input_file_ref idref="fl-6"/>
      </object_component>
      <object_component id="oc-c5">
         <name>.debug_info</name>
         <load_address>0x60df</load_address>
         <run_address>0x60df</run_address>
         <size>0x1d0</size>
         <input_file_ref idref="fl-6"/>
      </object_component>
      <object_component id="oc-16b">
         <name>.debug_info</name>
         <load_address>0x62af</load_address>
         <run_address>0x62af</run_address>
         <size>0x2cc</size>
         <input_file_ref idref="fl-6"/>
      </object_component>
      <object_component id="oc-15a">
         <name>.debug_info</name>
         <load_address>0x657b</load_address>
         <run_address>0x657b</run_address>
         <size>0x1b5</size>
         <input_file_ref idref="fl-6"/>
      </object_component>
      <object_component id="oc-160">
         <name>.debug_info</name>
         <load_address>0x6730</load_address>
         <run_address>0x6730</run_address>
         <size>0x201</size>
         <input_file_ref idref="fl-6"/>
      </object_component>
      <object_component id="oc-a7">
         <name>.debug_info</name>
         <load_address>0x6931</load_address>
         <run_address>0x6931</run_address>
         <size>0x2a6</size>
         <input_file_ref idref="fl-6"/>
      </object_component>
      <object_component id="oc-290">
         <name>.debug_info</name>
         <load_address>0x6bd7</load_address>
         <run_address>0x6bd7</run_address>
         <size>0x13a</size>
         <input_file_ref idref="fl-c1"/>
      </object_component>
      <object_component id="oc-65">
         <name>.debug_info</name>
         <load_address>0x6d11</load_address>
         <run_address>0x6d11</run_address>
         <size>0x313</size>
         <input_file_ref idref="fl-c2"/>
      </object_component>
      <object_component id="oc-32">
         <name>.debug_info</name>
         <load_address>0x7024</load_address>
         <run_address>0x7024</run_address>
         <size>0x1aa</size>
         <input_file_ref idref="fl-c2"/>
      </object_component>
      <object_component id="oc-60">
         <name>.debug_info</name>
         <load_address>0x71ce</load_address>
         <run_address>0x71ce</run_address>
         <size>0x46</size>
         <input_file_ref idref="fl-c2"/>
      </object_component>
      <object_component id="oc-8b">
         <name>.debug_info</name>
         <load_address>0x7214</load_address>
         <run_address>0x7214</run_address>
         <size>0x2c</size>
         <input_file_ref idref="fl-c2"/>
      </object_component>
      <object_component id="oc-2a">
         <name>.debug_info</name>
         <load_address>0x7240</load_address>
         <run_address>0x7240</run_address>
         <size>0x29d</size>
         <input_file_ref idref="fl-c3"/>
      </object_component>
      <object_component id="oc-a">
         <name>.debug_info</name>
         <load_address>0x74dd</load_address>
         <run_address>0x74dd</run_address>
         <size>0x1df</size>
         <input_file_ref idref="fl-c3"/>
      </object_component>
      <object_component id="oc-25">
         <name>.debug_info</name>
         <load_address>0x76bc</load_address>
         <run_address>0x76bc</run_address>
         <size>0x46</size>
         <input_file_ref idref="fl-c3"/>
      </object_component>
      <object_component id="oc-58">
         <name>.debug_info</name>
         <load_address>0x7702</load_address>
         <run_address>0x7702</run_address>
         <size>0x2c</size>
         <input_file_ref idref="fl-c3"/>
      </object_component>
      <object_component id="oc-56">
         <name>.debug_info</name>
         <load_address>0x772e</load_address>
         <run_address>0x772e</run_address>
         <size>0x293</size>
         <input_file_ref idref="fl-c4"/>
      </object_component>
      <object_component id="oc-4">
         <name>.debug_info</name>
         <load_address>0x79c1</load_address>
         <run_address>0x79c1</run_address>
         <size>0x245</size>
         <input_file_ref idref="fl-c4"/>
      </object_component>
      <object_component id="oc-15">
         <name>.debug_info</name>
         <load_address>0x7c06</load_address>
         <run_address>0x7c06</run_address>
         <size>0x60</size>
         <input_file_ref idref="fl-c4"/>
      </object_component>
      <object_component id="oc-84">
         <name>.debug_info</name>
         <load_address>0x7c66</load_address>
         <run_address>0x7c66</run_address>
         <size>0x46</size>
         <input_file_ref idref="fl-c4"/>
      </object_component>
      <object_component id="oc-51">
         <name>.debug_info</name>
         <load_address>0x7cac</load_address>
         <run_address>0x7cac</run_address>
         <size>0x39</size>
         <input_file_ref idref="fl-c4"/>
      </object_component>
      <object_component id="oc-12">
         <name>.debug_info</name>
         <load_address>0x7ce5</load_address>
         <run_address>0x7ce5</run_address>
         <size>0x100</size>
         <input_file_ref idref="fl-c5"/>
      </object_component>
      <object_component id="oc-3e">
         <name>.debug_info</name>
         <load_address>0x7de5</load_address>
         <run_address>0x7de5</run_address>
         <size>0x1a4</size>
         <input_file_ref idref="fl-c5"/>
      </object_component>
      <object_component id="oc-3ce">
         <name>.debug_info</name>
         <load_address>0x7f89</load_address>
         <run_address>0x7f89</run_address>
         <size>0x10d</size>
         <input_file_ref idref="fl-c6"/>
      </object_component>
      <object_component id="oc-67">
         <name>.debug_info</name>
         <load_address>0x8096</load_address>
         <run_address>0x8096</run_address>
         <size>0x13f</size>
         <input_file_ref idref="fl-c7"/>
      </object_component>
      <object_component id="oc-20">
         <name>.debug_info</name>
         <load_address>0x81d5</load_address>
[...]
         <value>0x2c5f</value>
         <object_component_ref idref="oc-9"/>
      </symbol>
      <symbol id="sm-26b">
         <name>__TI_decompress_lzss</name>
         <value>0x19b9</value>
         <object_component_ref idref="oc-3"/>
      </symbol>
      <symbol id="sm-27e">
         <name>__stack</name>
         <value>0x3830</value>
         <object_component_ref idref="oc-11"/>
      </symbol>
      <symbol id="sm-27f">
         <name>_c_int00_noargs</name>
         <value>0x23b9</value>
         <object_component_ref idref="oc-3d"/>
      </symbol>
      <symbol id="sm-289">
         <name>__aeabi_idiv0</name>
         <value>0x1dc3</value>
         <object_component_ref idref="oc-3cd"/>
      </symbol>
      <symbol id="sm-28a">
         <name>__aeabi_ldiv0</name>
         <value>0x1dc3</value>
         <object_component_ref idref="oc-3cd"/>
      </symbol>
      <symbol id="sm-299">
         <name>__aeabi_memset</name>
         <value>0x163b</value>
         <object_component_ref idref="oc-66"/>
      </symbol>
      <symbol id="sm-29a">
         <name>memset</name>
         <value>0x1641</value>
         <object_component_ref idref="oc-66"/>
      </symbol>
      <symbol id="sm-29b">
         <name>__aeabi_memset8</name>
         <value>0x163b</value>
         <object_component_ref idref="oc-66"/>
      </symbol>
      <symbol id="sm-29c">
         <name>__aeabi_memset4</name>
         <value>0x163b</value>
         <object_component_ref idref="oc-66"/>
      </symbol>
      <symbol id="sm-29d">
         <name>__aeabi_memclr8</name>
         <value>0x1639</value>
         <object_component_ref idref="oc-66"/>
      </symbol>
      <symbol id="sm-29e">
         <name>__aeabi_memclr4</name>
         <value>0x1639</value>
         <object_component_ref idref="oc-66"/>
      </symbol>
      <symbol id="sm-29f">
         <name>__aeabi_memclr</name>
         <value>0x1639</value>
         <object_component_ref idref="oc-66"/>
      </symbol>
      <symbol id="sm-2ba">
         <name>memcpy</name>
         <value>0x11e5</value>
         <object_component_ref idref="oc-1f"/>
      </symbol>
      <symbol id="sm-2bb">
         <name>__aeabi_memcpy</name>
         <value>0x11e5</value>
         <object_component_ref idref="oc-1f"/>
      </symbol>
      <symbol id="sm-2bc">
         <name>__aeabi_memcpy8</name>
         <value>0x11e5</value>
         <object_component_ref idref="oc-1f"/>
      </symbol>
      <symbol id="sm-2bd">
         <name>__aeabi_memcpy4</name>
         <value>0x11e5</value>
         <object_component_ref idref="oc-1f"/>
      </symbol>
      <symbol id="sm-2e5">
         <name>__TI_auto_init_nobinit_nopinit</name>
         <value>0x2195</value>
         <object_component_ref idref="oc-f9"/>
      </symbol>
      <symbol id="sm-2ef">
         <name>_system_pre_init</name>
         <value>0x2d15</value>
         <object_component_ref idref="oc-6c"/>
      </symbol>
      <symbol id="sm-2fb">
         <name>C$$EXIT</name>
         <value>0x2d19</value>
         <object_component_ref idref="oc-ed"/>
      </symbol>
      <symbol id="sm-2fc">
         <name>abort</name>
         <value>0x2d19</value>
         <object_component_ref idref="oc-ed"/>
      </symbol>
      <symbol id="sm-32a">
         <name>GPIODirModeSet</name>
         <value>0x2741</value>
         <object_component_ref idref="oc-20d"/>
      </symbol>
      <symbol id="sm-32b">
         <name>GPIOPinWrite</name>
         <value>0x2cf5</value>
         <object_component_ref idref="oc-d0"/>
      </symbol>
      <symbol id="sm-32c">
         <name>GPIOPadConfigSet</name>
         <value>0xaf1</value>
         <object_component_ref idref="oc-147"/>
      </symbol>
      <symbol id="sm-32d">
         <name>GPIOPinTypeEthernetLED</name>
         <value>0x2b61</value>
         <object_component_ref idref="oc-14d"/>
      </symbol>
      <symbol id="sm-378">
         <name>IntIsEnabled</name>
         <value>0x1a85</value>
         <object_component_ref idref="oc-5c9"/>
      </symbol>
      <symbol id="sm-379">
         <name>IntEnable</name>
         <value>0x1951</value>
         <object_component_ref idref="oc-3b3"/>
      </symbol>
      <symbol id="sm-37a">
         <name>IntDisable</name>
         <value>0x18e9</value>
         <object_component_ref idref="oc-5cf"/>
      </symbol>
      <symbol id="sm-40f">
         <name>SysCtlPeripheralEnable</name>
         <value>0x2491</value>
         <object_component_ref idref="oc-347"/>
      </symbol>
      <symbol id="sm-410">
         <name>SysCtlVCOGet</name>
         <value>0x1729</value>
         <object_component_ref idref="oc-b2"/>
      </symbol>
      <symbol id="sm-411">
         <name>SysCtlUSBPLLEnable</name>
         <value>0x2b11</value>
         <object_component_ref idref="oc-34d"/>
      </symbol>
      <symbol id="sm-412">
         <name>SysCtlClockFreqSet</name>
         <value>0x455</value>
         <object_component_ref idref="oc-94"/>
      </symbol>
      <symbol id="sm-413">
         <name>SysCtlPeripheralReset</name>
         <value>0x1e15</value>
         <object_component_ref idref="oc-341"/>
      </symbol>
      <symbol id="sm-453">
         <name>g_iUSBMode</name>
         <value>0x3818</value>
         <object_component_ref idref="oc-179"/>
      </symbol>
      <symbol id="sm-454">
         <name>USBStackModeSet</name>
         <value>0x28d1</value>
         <object_component_ref idref="oc-ac"/>
      </symbol>
      <symbol id="sm-455">
         <name>g_ui32WaitTicks</name>
         <value>0x381c</value>
         <object_component_ref idref="oc-179"/>
      </symbol>
      <symbol id="sm-47f">
         <name>g_pfnTickHandlers</name>
         <value>0x327c</value>
      </symbol>
      <symbol id="sm-480">
         <name>g_pvTickInstance</name>
         <value>0x3294</value>
      </symbol>
      <symbol id="sm-481">
         <name>g_ui32USBSOFCount</name>
         <value>0x3814</value>
         <object_component_ref idref="oc-415"/>
      </symbol>
      <symbol id="sm-482">
         <name>g_bUSBTimerInitialized</name>
         <value>0x380c</value>
         <object_component_ref idref="oc-415"/>
      </symbol>
      <symbol id="sm-483">
         <name>g_ui32CurrentUSBTick</name>
         <value>0x3810</value>
         <object_component_ref idref="oc-415"/>
      </symbol>
      <symbol id="sm-484">
         <name>InternalUSBRegisterTickHandler</name>
         <value>0x2311</value>
         <object_component_ref idref="oc-324"/>
      </symbol>
      <symbol id="sm-485">
         <name>InternalUSBTickInit</name>
         <value>0x268d</value>
         <object_component_ref idref="oc-31e"/>
      </symbol>
      <symbol id="sm-50a">
         <name>g_ppsDevInfo</name>
         <value>0x32b8</value>
      </symbol>
      <symbol id="sm-50b">
         <name>USBDCDSendDataEP0</name>
         <value>0x2b39</value>
         <object_component_ref idref="oc-55c"/>
      </symbol>
      <symbol id="sm-50c">
         <name>USBDCDFeatureSet</name>
         <value>0x1281</value>
         <object_component_ref idref="oc-b8"/>
      </symbol>
      <symbol id="sm-50d">
         <name>USBDCDStallEP0</name>
         <value>0x2a11</value>
         <object_component_ref idref="oc-562"/>
      </symbol>
      <symbol id="sm-50e">
         <name>USBDCDRequestDataEP0</name>
         <value>0x2b25</value>
         <object_component_ref idref="oc-56f"/>
      </symbol>
      <symbol id="sm-50f">
         <name>USBDCDInit</name>
         <value>0x9a1</value>
         <object_component_ref idref="oc-269"/>
      </symbol>
      <symbol id="sm-510">
         <name>g_psDCDInst</name>
         <value>0x322c</value>
         <object_component_ref idref="oc-186"/>
      </symbol>
      <symbol id="sm-511">
         <name>USBDCDDeviceInfoInit</name>
         <value>0x2151</value>
         <object_component_ref idref="oc-312"/>
      </symbol>
      <symbol id="sm-588">
         <name>USBDHIDMouseInit</name>
         <value>0x24c5</value>
         <object_component_ref idref="oc-be"/>
      </symbol>
      <symbol id="sm-589">
         <name>g_pui8HIDInEndpoint</name>
         <value>0x3710</value>
         <object_component_ref idref="oc-339"/>
      </symbol>
      <symbol id="sm-58a">
         <name>g_pui8HIDInterface</name>
         <value>0x37b9</value>
         <object_component_ref idref="oc-19f"/>
      </symbol>
      <symbol id="sm-58b">
         <name>USBDHIDMouseCompositeInit</name>
         <value>0x14ad</value>
         <object_component_ref idref="oc-193"/>
      </symbol>
      <symbol id="sm-58c">
         <name>g_sHIDConfigSection</name>
         <value>0x364c</value>
         <object_component_ref idref="oc-265"/>
      </symbol>
      <symbol id="sm-58d">
         <name>g_sHIDInEndpointSection</name>
         <value>0x365c</value>
         <object_component_ref idref="oc-265"/>
      </symbol>
      <symbol id="sm-58e">
         <name>g_pui8MouseDescriptor</name>
         <value>0x37b0</value>
         <object_component_ref idref="oc-19f"/>
      </symbol>
      <symbol id="sm-58f">
         <name>g_sHIDInterfaceSection</name>
         <value>0x3654</value>
         <object_component_ref idref="oc-265"/>
      </symbol>
      <symbol id="sm-590">
         <name>g_sHIDConfigHeader</name>
         <value>0x37dc</value>
         <object_component_ref idref="oc-19f"/>
      </symbol>
      <symbol id="sm-591">
         <name>USBDHIDMouseStateChange</name>
         <value>0x2259</value>
         <object_component_ref idref="oc-d6"/>
      </symbol>
      <symbol id="sm-592">
         <name>g_sHIDDescriptorSection</name>
         <value>0x37c4</value>
         <object_component_ref idref="oc-19f"/>
      </symbol>
      <symbol id="sm-593">
         <name>g_ppsHIDConfigDescriptors</name>
         <value>0x3664</value>
         <object_component_ref idref="oc-265"/>
      </symbol>
      <symbol id="sm-594">
         <name>g_psHIDSections</name>
         <value>0x37cc</value>
         <object_component_ref idref="oc-19f"/>
      </symbol>
      <symbol id="sm-5b7">
         <name>USBDescGet</name>
         <value>0x26e9</value>
         <object_component_ref idref="oc-657"/>
      </symbol>
      <symbol id="sm-5b8">
         <name>USBDescGetNum</name>
         <value>0x276b</value>
         <object_component_ref idref="oc-651"/>
      </symbol>
      <symbol id="sm-6fd">
         <name>USBLibDMAInit</name>
         <value>0x841</value>
         <object_component_ref idref="oc-38f"/>
      </symbol>
      <symbol id="sm-70a">
         <name>ULPIConfigSet</name>
         <value>0x1d71</value>
         <object_component_ref idref="oc-35f"/>
      </symbol>
      <symbol id="sm-747">
         <name>USBDCDConfigDescGet</name>
         <value>0x1e65</value>
         <object_component_ref idref="oc-542"/>
      </symbol>
      <symbol id="sm-748">
         <name>USBDCDConfigGetInterface</name>
         <value>0x29f5</value>
         <object_component_ref idref="oc-405"/>
      </symbol>
      <symbol id="sm-749">
         <name>USBDCDConfigGetInterfaceEndpoint</name>
         <value>0x2349</value>
         <object_component_ref idref="oc-30c"/>
      </symbol>
      <symbol id="sm-88e">
         <name>USBDHIDInit</name>
         <value>0x2861</value>
         <object_component_ref idref="oc-199"/>
      </symbol>
      <symbol id="sm-88f">
         <name>USBDHIDReportWrite</name>
         <value>0x1fe3</value>
         <object_component_ref idref="oc-1ba"/>
      </symbol>
      <symbol id="sm-890">
         <name>g_sHIDHandlers</name>
         <value>0x35b4</value>
         <object_component_ref idref="oc-32a"/>
      </symbol>
      <symbol id="sm-891">
         <name>USBDHIDCompositeInit</name>
         <value>0xe2d</value>
         <object_component_ref idref="oc-253"/>
      </symbol>
      <symbol id="sm-892">
         <name>g_pui8HIDDeviceDescriptor</name>
         <value>0x37f9</value>
         <object_component_ref idref="oc-32d"/>
      </symbol>
      <symbol id="sm-893">
         <name>USBDHIDTxPacketAvailable</name>
         <value>0x2c0b</value>
         <object_component_ref idref="oc-1b4"/>
      </symbol>
      <symbol id="sm-8de">
         <name>uDMAChannelControlSet</name>
         <value>0x28f5</value>
         <object_component_ref idref="oc-5a8"/>
      </symbol>
      <symbol id="sm-8df">
         <name>uDMAChannelDisable</name>
         <value>0x2ac9</value>
         <object_component_ref idref="oc-5c2"/>
      </symbol>
      <symbol id="sm-8e0">
         <name>uDMAChannelModeGet</name>
         <value>0x2839</value>
         <object_component_ref idref="oc-5e7"/>
      </symbol>
      <symbol id="sm-8e1">
         <name>uDMAChannelTransferSet</name>
         <value>0x15b5</value>
         <object_component_ref idref="oc-5f6"/>
      </symbol>
      <symbol id="sm-8e2">
         <name>uDMAChannelAttributeDisable</name>
         <value>0x2109</value>
         <object_component_ref idref="oc-5b5"/>
      </symbol>
      <symbol id="sm-8e3">
         <name>uDMAChannelEnable</name>
         <value>0x2ae1</value>
         <object_component_ref idref="oc-5db"/>
      </symbol>
      <symbol id="sm-a3c">
         <name>USBLPMIntEnable</name>
         <value>0x2c79</value>
         <object_component_ref idref="oc-383"/>
      </symbol>
      <symbol id="sm-a3d">
         <name>USBEndpointDataAvail</name>
         <value>0x2a2d</value>
         <object_component_ref idref="oc-46a"/>
      </symbol>
      <symbol id="sm-a3e">
         <name>USBClockEnable</name>
         <value>0x2c91</value>
         <object_component_ref idref="oc-353"/>
      </symbol>
      <symbol id="sm-a3f">
         <name>USBEndpointDataPut</name>
         <value>0x2427</value>
         <object_component_ref idref="oc-3d4"/>
      </symbol>
      <symbol id="sm-a40">
         <name>USBDMAChannelIntStatus</name>
         <value>0x2cfb</value>
         <object_component_ref idref="oc-619"/>
      </symbol>
      <symbol id="sm-a41">
         <name>USBDMAChannelCountSet</name>
         <value>0x2caf</value>
         <object_component_ref idref="oc-634"/>
      </symbol>
      <symbol id="sm-a42">
         <name>USBDMAChannelAddressSet</name>
         <value>0x2ca5</value>
         <object_component_ref idref="oc-62e"/>
      </symbol>
      <symbol id="sm-a43">
         <name>USBULPIDisable</name>
         <value>0x2c43</value>
         <object_component_ref idref="oc-365"/>
      </symbol>
      <symbol id="sm-a44">
         <name>USBIntStatusControl</name>
         <value>0x2381</value>
         <object_component_ref idref="oc-395"/>
      </symbol>
      <symbol id="sm-a45">
         <name>USBEndpointDMADisable</name>
         <value>0x2887</value>
         <object_component_ref idref="oc-5bb"/>
      </symbol>
      <symbol id="sm-a46">
         <name>USBDevEndpointDataAck</name>
         <value>0x2795</value>
         <object_component_ref idref="oc-569"/>
      </symbol>
      <symbol id="sm-a47">
         <name>USBOTGMode</name>
         <value>0x2cdd</value>
         <object_component_ref idref="oc-36b"/>
      </symbol>
      <symbol id="sm-a48">
         <name>USBDMAChannelConfigSet</name>
         <value>0x2b4d</value>
         <object_component_ref idref="oc-63a"/>
      </symbol>
      <symbol id="sm-a49">
         <name>USBULPIRegRead</name>
         <value>0x299d</value>
         <object_component_ref idref="oc-47b"/>
      </symbol>
      <symbol id="sm-a4a">
         <name>USBDevMode</name>
         <value>0x2ccd</value>
         <object_component_ref idref="oc-371"/>
      </symbol>
      <symbol id="sm-a4b">
         <name>USBIntEnableEndpoint</name>
         <value>0x2af9</value>
         <object_component_ref idref="oc-3a7"/>
      </symbol>
      <symbol id="sm-a4c">
         <name>USBDevEndpointStatusClear</name>
         <value>0x1c0d</value>
         <object_component_ref idref="oc-678"/>
      </symbol>
      <symbol id="sm-a4d">
         <name>USBULPIEnable</name>
         <value>0x2c51</value>
         <object_component_ref idref="oc-359"/>
      </symbol>
      <symbol id="sm-a4e">
         <name>USBFIFOAddrGet</name>
         <value>0x2cd5</value>
         <object_component_ref idref="oc-5f0"/>
      </symbol>
      <symbol id="sm-a4f">
         <name>USBDMAChannelStatus</name>
         <value>0x2c19</value>
         <object_component_ref idref="oc-612"/>
      </symbol>
      <symbol id="sm-a50">
         <name>USBULPIRegWrite</name>
         <value>0x29bb</value>
         <object_component_ref idref="oc-481"/>
      </symbol>
      <symbol id="sm-a51">
         <name>USBDMAChannelIntEnable</name>
         <value>0x2bcd</value>
         <object_component_ref idref="oc-620"/>
      </symbol>
      <symbol id="sm-a52">
         <name>USBDevLPMConfig</name>
         <value>0x2d01</value>
         <object_component_ref idref="oc-37d"/>
      </symbol>
      <symbol id="sm-a53">
         <name>USBDevLPMEnable</name>
         <value>0x2c35</value>
         <object_component_ref idref="oc-389"/>
      </symbol>
      <symbol id="sm-a54">
         <name>USBControllerVersion</name>
         <value>0x2c9b</value>
         <object_component_ref idref="oc-490"/>
      </symbol>
      <symbol id="sm-a55">
         <name>USBEndpointDMAEnable</name>
         <value>0x28ab</value>
         <object_component_ref idref="oc-5d5"/>
      </symbol>
      <symbol id="sm-a56">
         <name>USBDevLPMDisable</name>
         <value>0x2c27</value>
         <object_component_ref idref="oc-377"/>
      </symbol>
      <symbol id="sm-a57">
         <name>USBEndpointDataSend</name>
         <value>0x24f9</value>
         <object_component_ref idref="oc-3da"/>
      </symbol>
      <symbol id="sm-a58">
         <name>USBIntStatusEndpoint</name>
         <value>0x2cc3</value>
         <object_component_ref idref="oc-39b"/>
      </symbol>
      <symbol id="sm-a59">
         <name>USBEndpointStatus</name>
         <value>0x2bdf</value>
         <object_component_ref idref="oc-672"/>
      </symbol>
      <symbol id="sm-a5a">
         <name>USBEndpointPacketCountSet</name>
         <value>0x2c6d</value>
         <object_component_ref idref="oc-5fc"/>
      </symbol>
      <symbol id="sm-a5b">
         <name>USBDMAChannelIntDisable</name>
         <value>0x2bbb</value>
         <object_component_ref idref="oc-627"/>
      </symbol>
      <symbol id="sm-a5c">
         <name>USBEndpointDMAConfigSet</name>
         <value>0x1f01</value>
         <object_component_ref idref="oc-602"/>
      </symbol>
      <symbol id="sm-a5d">
         <name>USBDevEndpointStall</name>
         <value>0x25f7</value>
         <object_component_ref idref="oc-667"/>
      </symbol>
      <symbol id="sm-a5e">
         <name>USBDevConnect</name>
         <value>0x2cb9</value>
         <object_component_ref idref="oc-3ad"/>
      </symbol>
      <symbol id="sm-a5f">
         <name>USBDMAChannelDisable</name>
         <value>0x2b97</value>
         <object_component_ref idref="oc-60b"/>
      </symbol>
      <symbol id="sm-a60">
         <name>USBDMAChannelEnable</name>
         <value>0x2ba9</value>
         <object_component_ref idref="oc-640"/>
      </symbol>
      <symbol id="sm-a61">
         <name>USBIntEnableControl</name>
         <value>0x2811</value>
         <object_component_ref idref="oc-3a1"/>
      </symbol>
      <symbol id="sm-a62">
         <name>USBEndpointDMAChannel</name>
         <value>0x2a7d</value>
         <object_component_ref idref="oc-5af"/>
      </symbol>
      <symbol id="sm-a63">
         <name>__TI_static_base__</name>
         <value>0x3c30</value>
      </symbol>
      <symbol id="sm-a66">
         <name>__mpu_init</name>
         <value>0x0</value>
      </symbol>
      <symbol id="sm-a67">
         <name>_system_post_cinit</name>
         <value>0x0</value>
      </symbol>
   </symbol_table>
   <title>Link successful</title>
</link_info>
